<html>
<body>
<pre>
<h1>µVision Build Log</h1>
<h2>Tool Versions:</h2>
IDE-Version: ¦ÌVision V5.18a
Copyright (C) 2016 ARM Ltd and ARM Germany GmbH. All rights reserved.
License Information: z z, z, LIC=R4HPC-7K9R1-IMV9B-29PLJ-06QJG-ZEQ70
 
Tool Versions:
Toolchain:       MDK-ARM Professional  Version: 5.18a
Toolchain Path:  D:\Program Files (x86)\ARM\ARMCC\Bin
C Compiler:      Armcc.exe V5.06 update 1 (build 61)
Assembler:       Armasm.exe V5.06 update 1 (build 61)
Linker/Locator:  ArmLink.exe V5.06 update 1 (build 61)
Library Manager: ArmAr.exe V5.06 update 1 (build 61)
Hex Converter:   FromElf.exe V5.06 update 1 (build 61)
CPU DLL:         SARMCM3.DLL V5.18a
Dialog DLL:      DCM.DLL V1.13.6.0
Target DLL:      Segger\JL2CM3.dll V2.99.19.0
Dialog DLL:      TCM.DLL V1.14.8.0
 
<h2>Project:</h2>
E:\zym\nrf\ads1292\ADS1292 SPI\project\ADS1292R.uvprojx
Project File Date:  05/28/2019

<h2>Output:</h2>
*** Using Compiler 'V5.06 update 1 (build 61)', folder: 'D:\Program Files (x86)\ARM\ARMCC\Bin'
Rebuild target 'nrf52832_xxaa'
compiling main.c...
main.c(86): warning:  #177-D: variable "i" was declared but never referenced
      int i,j=0;
main.c(86): warning:  #177-D: variable "j" was declared but never referenced
      int i,j=0;
main.c(90): warning:  #550-D: variable "DataPacketHeader" was set but never used
  		uint8_t DataPacketHeader[16];
main.c(157): warning:  #188-D: enumerated type mixed with another type
  		nrf_gpio_cfg_input(
DS1292R_ADC_RDY_PIN,
PIO_PIN_CNF_PULL_Pullup); 
main.c: 4 warnings, 0 errors
compiling nrf_delay.c...
compiling nrf_drv_uart.c...
compiling RTT_Syscalls_KEIL.c...
compiling SEGGER_RTT.c...
compiling SEGGER_RTT_printf.c...
..\components\drivers_nrf\rtt\SEGGER_RTT_printf.c(299): warning:  #111-D: statement is unreachable
          default:  goto FilterFieldWidth;                   break;
..\components\drivers_nrf\rtt\SEGGER_RTT_printf.c: 1 warning, 0 errors
compiling nrf_drv_common.c...
compiling nrf_drv_spi.c...
compiling app_uart_fifo.c...
compiling app_util_platform.c...
compiling app_error.c...
compiling nrf_assert.c...
compiling app_error_weak.c...
compiling app_fifo.c...
assembling arm_startup_nrf52.s...
compiling retarget.c...
compiling ads1292r.c...
..\ikm\ads1292r.c(65): warning:  #223-D: function "SEGGER_RTT_printf" declared implicitly
  		SEGGER_RTT_printf(0,"can't find device!\r\n");
..\ikm\ads1292r.c(45): warning:  #177-D: variable "test" was declared but never referenced
  	uint8_t device_id ,test;
..\ikm\ads1292r.c: 2 warnings, 0 errors
compiling system_nrf52.c...
linking...
Program Size: Code=4736 RO-data=1124 RW-data=128 ZI-data=17616  
FromELF: creating hex file...
".\Objects\lis3dh.axf" - 0 Error(s), 7 Warning(s).

<h2>Software Packages used:</h2>

Package Vendor: ARM
                http://www.keil.com/pack/ARM.CMSIS.4.5.0.pack
                ARM::CMSIS:CORE:4.3.0
                CMSIS (Cortex Microcontroller Software Interface Standard)
   * Component: CORE Version: 4.3.0

Package Vendor: NordicSemiconductor
                http://developer.nordicsemi.com/nRF5_SDK/pieces/nRF_DeviceFamilyPack/NordicSemiconductor.nRF_DeviceFamilyPack.8.9.0.pack
                NordicSemiconductor::Device:Startup:8.9.0
                Nordic Semiconductor nRF ARM devices Device Family Pack.
   * Component: Startup Version: 8.9.0

<h2>Collection of Component include folders:</h2>
  E:\zym\nrf\ads1292\ADS1292 SPI\project\RTE
  D:\Program Files (x86)\ARM\PACK\ARM\CMSIS\4.5.0\CMSIS\Include
  D:\Program Files (x86)\ARM\PACK\NordicSemiconductor\nRF_DeviceFamilyPack\8.15.2\Device\Include
  D:\Program Files (x86)\ARM\PACK\NordicSemiconductor\nRF_DeviceFamilyPack\8.9.0\Device\Include

<h2>Collection of Component Files used:</h2>

   * Component: ARM::CMSIS:CORE:4.3.0

   * Component: NordicSemiconductor::Device:Startup:8.9.0
      Source file:   Device\Source\arm\arm_startup_nrf52.s
      Include file:  Device\Include\system_nrf52.h
      Source file:   Device\Source\system_nrf52.c
Build Time Elapsed:  00:00:07
</pre>
</body>
</html>
