Component: ARM Compiler 5.06 update 1 (build 61) Tool: armlink [4d35a8]

==============================================================================

Section Cross References

    main.o(i.data_deal) refers to segger_rtt_printf.o(i.SEGGER_RTT_printf) for SEGGER_RTT_printf
    main.o(i.main) refers to ads1292r.o(i.SPI_Init) for SPI_Init
    main.o(i.main) refers to main.o(i.nrf_gpio_cfg) for nrf_gpio_cfg
    main.o(i.main) refers to main.o(i.nrf_gpio_cfg_output) for nrf_gpio_cfg_output
    main.o(i.main) refers to ads1292r.o(i.ADS1292R_Init) for ADS1292R_Init
    main.o(i.main) refers to ads1292r.o(i.ADS1292R_ReadData) for ADS1292R_ReadData
    main.o(i.main) refers to main.o(i.data_deal) for data_deal
    main.o(i.nrf_gpio_cfg_output) refers to main.o(i.nrf_gpio_cfg) for nrf_gpio_cfg
    main.o(i.uart_error_handle) refers to app_error.o(i.app_error_handler_bare) for app_error_handler_bare
    main.o(i.uart_init) refers to app_uart_fifo.o(i.app_uart_init) for app_uart_init
    main.o(i.uart_init) refers to app_error.o(i.app_error_handler_bare) for app_error_handler_bare
    main.o(i.uart_init) refers to main.o(.constdata) for .constdata
    main.o(i.uart_init) refers to main.o(.data) for .data
    main.o(i.uart_init) refers to main.o(.bss) for .bss
    main.o(i.uart_init) refers to main.o(i.uart_error_handle) for uart_error_handle
    nrf_delay.o(i.nrf_delay_ms) refers to nrf_delay.o(.emb_text) for __asm___11_nrf_delay_c_532987f3__nrf_delay_us
    nrf_drv_uart.o(i.UARTE0_UART0_IRQHandler) refers to nrf_drv_uart.o(i.uarte_irq_handler) for uarte_irq_handler
    nrf_drv_uart.o(i.UARTE0_UART0_IRQHandler) refers to nrf_drv_uart.o(i.uart_irq_handler) for uart_irq_handler
    nrf_drv_uart.o(i.UARTE0_UART0_IRQHandler) refers to nrf_drv_uart.o(.bss) for .bss
    nrf_drv_uart.o(i.apply_config) refers to nrf_drv_uart.o(i.nrf_gpio_cfg_output) for nrf_gpio_cfg_output
    nrf_drv_uart.o(i.apply_config) refers to nrf_drv_uart.o(i.nrf_gpio_cfg_input) for nrf_gpio_cfg_input
    nrf_drv_uart.o(i.apply_config) refers to nrf_drv_uart.o(.bss) for .bss
    nrf_drv_uart.o(i.nrf_drv_uart_errorsrc_get) refers to nrf_drv_uart.o(.bss) for .bss
    nrf_drv_uart.o(i.nrf_drv_uart_init) refers to nrf_drv_uart.o(i.apply_config) for apply_config
    nrf_drv_uart.o(i.nrf_drv_uart_init) refers to nrf_drv_common.o(i.nrf_drv_common_irq_enable) for nrf_drv_common_irq_enable
    nrf_drv_uart.o(i.nrf_drv_uart_init) refers to nrf_drv_uart.o(.bss) for .bss
    nrf_drv_uart.o(i.nrf_drv_uart_init) refers to nrf_drv_uart.o(.constdata) for .constdata
    nrf_drv_uart.o(i.nrf_drv_uart_rx) refers to nrf_drv_uart.o(i.nrf_drv_uart_rx_for_uarte) for nrf_drv_uart_rx_for_uarte
    nrf_drv_uart.o(i.nrf_drv_uart_rx) refers to nrf_drv_uart.o(i.nrf_drv_uart_rx_for_uart) for nrf_drv_uart_rx_for_uart
    nrf_drv_uart.o(i.nrf_drv_uart_rx) refers to nrf_drv_uart.o(.bss) for .bss
    nrf_drv_uart.o(i.nrf_drv_uart_rx_abort) refers to nrf_drv_uart.o(.bss) for .bss
    nrf_drv_uart.o(i.nrf_drv_uart_rx_disable) refers to nrf_drv_uart.o(.bss) for .bss
    nrf_drv_uart.o(i.nrf_drv_uart_rx_enable) refers to nrf_drv_uart.o(i.rx_enable) for rx_enable
    nrf_drv_uart.o(i.nrf_drv_uart_rx_enable) refers to nrf_drv_uart.o(.bss) for .bss
    nrf_drv_uart.o(i.nrf_drv_uart_rx_for_uart) refers to nrf_drv_uart.o(i.rx_enable) for rx_enable
    nrf_drv_uart.o(i.nrf_drv_uart_rx_for_uart) refers to nrf_drv_uart.o(i.nrf_uart_event_check) for nrf_uart_event_check
    nrf_drv_uart.o(i.nrf_drv_uart_rx_for_uart) refers to nrf_drv_uart.o(i.rx_byte) for rx_byte
    nrf_drv_uart.o(i.nrf_drv_uart_rx_for_uart) refers to nrf_drv_uart.o(.bss) for .bss
    nrf_drv_uart.o(i.nrf_drv_uart_rx_for_uarte) refers to nrf_drv_uart.o(i.nrf_uarte_event_check) for nrf_uarte_event_check
    nrf_drv_uart.o(i.nrf_drv_uart_rx_for_uarte) refers to nrf_drv_uart.o(.bss) for .bss
    nrf_drv_uart.o(i.nrf_drv_uart_tx) refers to nrf_drv_uart.o(i.nrf_drv_uart_tx_in_progress) for nrf_drv_uart_tx_in_progress
    nrf_drv_uart.o(i.nrf_drv_uart_tx) refers to nrf_drv_uart.o(i.nrf_uarte_event_check) for nrf_uarte_event_check
    nrf_drv_uart.o(i.nrf_drv_uart_tx) refers to nrf_drv_uart.o(i.nrf_drv_uart_tx_for_uart) for nrf_drv_uart_tx_for_uart
    nrf_drv_uart.o(i.nrf_drv_uart_tx) refers to nrf_drv_uart.o(.bss) for .bss
    nrf_drv_uart.o(i.nrf_drv_uart_tx_abort) refers to nrf_drv_uart.o(i.nrf_uarte_event_check) for nrf_uarte_event_check
    nrf_drv_uart.o(i.nrf_drv_uart_tx_abort) refers to nrf_drv_uart.o(i.tx_done_event) for tx_done_event
    nrf_drv_uart.o(i.nrf_drv_uart_tx_abort) refers to nrf_drv_uart.o(.bss) for .bss
    nrf_drv_uart.o(i.nrf_drv_uart_tx_for_uart) refers to nrf_drv_uart.o(i.tx_byte) for tx_byte
    nrf_drv_uart.o(i.nrf_drv_uart_tx_for_uart) refers to nrf_drv_uart.o(i.nrf_uart_event_check) for nrf_uart_event_check
    nrf_drv_uart.o(i.nrf_drv_uart_tx_for_uart) refers to nrf_drv_uart.o(.bss) for .bss
    nrf_drv_uart.o(i.nrf_drv_uart_tx_in_progress) refers to nrf_drv_uart.o(.bss) for .bss
[...]
    initio.o(.text) refers to stdio_streams.o(.data) for __aeabi_stderr
    initio.o(.text) refers to rtt_syscalls_keil.o(.constdata) for __stdin_name
    initio.o(.text) refers to rtt_syscalls_keil.o(.constdata) for __stdout_name
    initio_locked.o(.text) refers (Special) to libinit2.o(.ARM.Collect$$libinit$$00000024) for __rt_lib_init_stdio_2
    initio_locked.o(.text) refers (Special) to libshutdown2.o(.ARM.Collect$$libshutdown$$00000003) for __rt_lib_shutdown_stdio_2
    initio_locked.o(.text) refers to rt_memclr_w.o(.text) for __aeabi_memclr4
    initio_locked.o(.text) refers to fopen.o(.text) for freopen
    initio_locked.o(.text) refers to defsig_rtred_outer.o(.text) for __rt_SIGRTRED
    initio_locked.o(.text) refers to setvbuf.o(.text) for setvbuf
    initio_locked.o(.text) refers to fclose.o(.text) for _fclose_internal
    initio_locked.o(.text) refers to h1_free.o(.text) for free
    initio_locked.o(.text) refers to stdio_streams.o(.bss) for __stdin
    initio_locked.o(.text) refers to stdio_streams.o(.bss) for __stdout
    initio_locked.o(.text) refers to stdio_streams.o(.bss) for __stderr
    initio_locked.o(.text) refers to stdio_streams.o(.data) for __aeabi_stdin
    initio_locked.o(.text) refers to stdio_streams.o(.data) for __aeabi_stdout
    initio_locked.o(.text) refers to stdio_streams.o(.data) for __aeabi_stderr
    initio_locked.o(.text) refers to streamlock.o(.data) for _stream_list_lock
    initio_locked.o(.text) refers to rtt_syscalls_keil.o(.constdata) for __stdin_name
    initio_locked.o(.text) refers to rtt_syscalls_keil.o(.constdata) for __stdout_name
    __rtentry2.o(.ARM.Collect$$rtentry$$00000008) refers to boardinit2.o(.text) for _platform_post_stackheap_init
    __rtentry2.o(.ARM.Collect$$rtentry$$0000000A) refers to libinit.o(.ARM.Collect$$libinit$$00000000) for __rt_lib_init
    __rtentry2.o(.ARM.Collect$$rtentry$$0000000B) refers to boardinit3.o(.text) for _platform_post_lib_init
    __rtentry2.o(.ARM.Collect$$rtentry$$0000000D) refers to main.o(i.main) for main
    __rtentry2.o(.ARM.Collect$$rtentry$$0000000D) refers to exit.o(.text) for exit
    __rtentry2.o(.ARM.exidx) refers to __rtentry2.o(.ARM.Collect$$rtentry$$00000001) for .ARM.Collect$$rtentry$$00000001
    __rtentry2.o(.ARM.exidx) refers to __rtentry2.o(.ARM.Collect$$rtentry$$00000008) for .ARM.Collect$$rtentry$$00000008
    __rtentry2.o(.ARM.exidx) refers to __rtentry2.o(.ARM.Collect$$rtentry$$0000000A) for .ARM.Collect$$rtentry$$0000000A
    __rtentry2.o(.ARM.exidx) refers to __rtentry2.o(.ARM.Collect$$rtentry$$0000000B) for .ARM.Collect$$rtentry$$0000000B
    __rtentry2.o(.ARM.exidx) refers to __rtentry2.o(.ARM.Collect$$rtentry$$0000000D) for .ARM.Collect$$rtentry$$0000000D
    __rtentry4.o(.ARM.Collect$$rtentry$$00000004) refers to sys_stackheap_outer.o(.text) for __user_setup_stackheap
    __rtentry4.o(.ARM.exidx) refers to __rtentry4.o(.ARM.Collect$$rtentry$$00000004) for .ARM.Collect$$rtentry$$00000004
    free.o(.text) refers (Special) to hguard.o(.text) for __heap$guard
    free.o(.text) refers to rt_heap_descriptor_intlibspace.o(.text) for __rt_heap_descriptor
    free.o(.text) refers to heapstubs.o(.text) for __Heap_Free
    h1_free.o(.text) refers to rt_heap_descriptor_intlibspace.o(.text) for __rt_heap_descriptor
    h1_free_mt.o(.text) refers to rt_heap_descriptor_intlibspace.o(.text) for __rt_heap_descriptor
    heap2.o(i._FDIterate) refers to heap2.o(.conststring) for .conststring
    heap2.o(i.___Heap_ProvideMemory$realtime) refers to fdtree.o(i._FDTree_Delete) for _FDTree_Delete
    heap2.o(i.___Heap_ProvideMemory$realtime) refers to fdtree.o(i._FDTree_Insert) for _FDTree_Insert
    heap2.o(i.___Heap_Stats$realtime) refers to heap2.o(i._Heap2_StatsIterate) for _Heap2_StatsIterate
    heap2.o(i.___Heap_Valid$realtime) refers to heap2.o(i._FDIterate) for _FDIterate
    heap2.o(i.___Heap_Valid$realtime) refers to heap2.o(.conststring) for .conststring
    heap2.o(i._free$realtime) refers to rt_heap_descriptor_intlibspace.o(.text) for __rt_heap_descriptor
    heap2.o(i._free$realtime) refers to fdtree.o(i._FDTree_Delete) for _FDTree_Delete
    heap2.o(i._free$realtime) refers to fdtree.o(i._FDTree_Insert) for _FDTree_Insert
    heap2.o(i._malloc$realtime) refers to rt_heap_descriptor_intlibspace.o(.text) for __rt_heap_descriptor
    heap2.o(i._malloc$realtime) refers to fdtree.o(i._FDTree_FindFirst) for _FDTree_FindFirst
    heap2.o(i._malloc$realtime) refers to init_alloc.o(.text) for __Heap_Full
    heap2.o(i._malloc$realtime) refers to fdtree.o(i._FDTree_RemoveNode) for _FDTree_RemoveNode
    heap2.o(i._malloc$realtime) refers to fdtree.o(i._FDTree_Insert) for _FDTree_Insert
    heap2.o(i._posix_memalign$realtime) refers to rt_heap_descriptor_intlibspace.o(.text) for __rt_heap_descriptor
    heap2.o(i._posix_memalign$realtime) refers to fdtree.o(i._FDTree_FindFirst) for _FDTree_FindFirst
    heap2.o(i._posix_memalign$realtime) refers to init_alloc.o(.text) for __Heap_Full
    heap2.o(i._posix_memalign$realtime) refers to fdtree.o(i._FDTree_RemoveNode) for _FDTree_RemoveNode
    heap2.o(i._posix_memalign$realtime) refers to fdtree.o(i._FDTree_Insert) for _FDTree_Insert
    heap2.o(i._realloc$realtime) refers to rt_heap_descriptor_intlibspace.o(.text) for __rt_heap_descriptor
    heap2.o(i._realloc$realtime) refers to fdtree.o(i._FDTree_Insert) for _FDTree_Insert
    heap2.o(i._realloc$realtime) refers to h1_free.o(.text) for free
    heap2.o(i._realloc$realtime) refers to h1_alloc.o(.text) for malloc
    heap2.o(i._realloc$realtime) refers to fdtree.o(i._FDTree_Delete) for _FDTree_Delete
    heap2.o(i._realloc$realtime) refers to rt_memcpy_w.o(.text) for __aeabi_memcpy4
    heap2mt.o(i._FDIterate) refers to heap2mt.o(.conststring) for .conststring
    heap2mt.o(i.___Heap_Initialize$realtime$concurrent) refers to mutex_dummy.o(.text) for _mutex_initialize
    heap2mt.o(i.___Heap_ProvideMemory$realtime$concurrent) refers to fdtree.o(i._FDTree_Delete) for _FDTree_Delete
    heap2mt.o(i.___Heap_ProvideMemory$realtime$concurrent) refers to fdtree.o(i._FDTree_Insert) for _FDTree_Insert
    heap2mt.o(i.___Heap_Stats$realtime$concurrent) refers to heap2mt.o(i._Heap2_StatsIterate) for _Heap2_StatsIterate
    heap2mt.o(i.___Heap_Valid$realtime$concurrent) refers to heap2mt.o(i._FDIterate) for _FDIterate
    heap2mt.o(i.___Heap_Valid$realtime$concurrent) refers to heap2mt.o(.conststring) for .conststring
    heap2mt.o(i._free$realtime$concurrent) refers to rt_heap_descriptor_intlibspace.o(.text) for __rt_heap_descriptor
    heap2mt.o(i._free$realtime$concurrent) refers to fdtree.o(i._FDTree_Delete) for _FDTree_Delete
    heap2mt.o(i._free$realtime$concurrent) refers to fdtree.o(i._FDTree_Insert) for _FDTree_Insert
    heap2mt.o(i._malloc$realtime$concurrent) refers to rt_heap_descriptor_intlibspace.o(.text) for __rt_heap_descriptor
    heap2mt.o(i._malloc$realtime$concurrent) refers to fdtree.o(i._FDTree_FindFirst) for _FDTree_FindFirst
    heap2mt.o(i._malloc$realtime$concurrent) refers to init_alloc.o(.text) for __Heap_Full
    heap2mt.o(i._malloc$realtime$concurrent) refers to fdtree.o(i._FDTree_RemoveNode) for _FDTree_RemoveNode
    heap2mt.o(i._malloc$realtime$concurrent) refers to fdtree.o(i._FDTree_Insert) for _FDTree_Insert
    heap2mt.o(i._posix_memalign$realtime$concurrent) refers to rt_heap_descriptor_intlibspace.o(.text) for __rt_heap_descriptor
    heap2mt.o(i._posix_memalign$realtime$concurrent) refers to fdtree.o(i._FDTree_FindFirst) for _FDTree_FindFirst
    heap2mt.o(i._posix_memalign$realtime$concurrent) refers to init_alloc.o(.text) for __Heap_Full
    heap2mt.o(i._posix_memalign$realtime$concurrent) refers to fdtree.o(i._FDTree_RemoveNode) for _FDTree_RemoveNode
    heap2mt.o(i._posix_memalign$realtime$concurrent) refers to fdtree.o(i._FDTree_Insert) for _FDTree_Insert
    heap2mt.o(i._realloc$realtime$concurrent) refers to rt_heap_descriptor_intlibspace.o(.text) for __rt_heap_descriptor
    heap2mt.o(i._realloc$realtime$concurrent) refers to fdtree.o(i._FDTree_Insert) for _FDTree_Insert
    heap2mt.o(i._realloc$realtime$concurrent) refers to h1_free.o(.text) for free
    heap2mt.o(i._realloc$realtime$concurrent) refers to h1_alloc.o(.text) for malloc
    heap2mt.o(i._realloc$realtime$concurrent) refers to fdtree.o(i._FDTree_Delete) for _FDTree_Delete
    heap2mt.o(i._realloc$realtime$concurrent) refers to rt_memcpy_w.o(.text) for __aeabi_memcpy4
    ftell.o(.text) refers to rt_errno_addr_intlibspace.o(.text) for __aeabi_errno_addr
    fopen.o(.text) refers to fclose.o(.text) for _fclose_internal
    fopen.o(.text) refers to rtt_syscalls_keil.o(i._sys_open) for _sys_open
    fopen.o(.text) refers to fseek.o(.text) for _fseek
    fopen.o(.text) refers to h1_alloc.o(.text) for malloc
    fopen.o(.text) refers to rt_memclr_w.o(.text) for __aeabi_memclr4
    fopen.o(.text) refers to stdio_streams.o(.bss) for __stdin
    fclose.o(.text) refers to stdio.o(.text) for _fflush
    fclose.o(.text) refers to rtt_syscalls_keil.o(i._sys_close) for _sys_close
    fclose.o(.text) refers to h1_free.o(.text) for free
    fclose.o(.text) refers to rt_memclr_w.o(.text) for __aeabi_memclr4
    fopen_locked.o(.text) refers to fclose.o(.text) for _fclose_internal
    fopen_locked.o(.text) refers to rtt_syscalls_keil.o(i._sys_open) for _sys_open
    fopen_locked.o(.text) refers to fseek.o(.text) for _fseek
    fopen_locked.o(.text) refers to h1_alloc.o(.text) for malloc
    fopen_locked.o(.text) refers to rt_memclr_w.o(.text) for __aeabi_memclr4
    fopen_locked.o(.text) refers to streamlock.o(.data) for _stream_list_lock
    fopen_locked.o(.text) refers to stdio_streams.o(.bss) for __stdin
    defsig_rtred_outer.o(.text) refers to defsig_rtred_inner.o(.text) for __rt_SIGRTRED_inner
    defsig_rtred_outer.o(.text) refers to defsig_exit.o(.text) for __sig_exit
    defsig_rtred_formal.o(.text) refers to rt_raise.o(.text) for __rt_raise
    libinit2.o(.ARM.Collect$$libinit$$00000001) refers to fpinit.o(x$fpl$fpinit) for _fp_init
    libinit2.o(.ARM.Collect$$libinit$$00000005) refers (Weak) to init_alloc.o(.text) for _init_alloc
    libinit2.o(.ARM.Collect$$libinit$$00000010) refers to libinit2.o(.ARM.Collect$$libinit$$0000000F) for .ARM.Collect$$libinit$$0000000F
    libinit2.o(.ARM.Collect$$libinit$$00000012) refers to libinit2.o(.ARM.Collect$$libinit$$0000000F) for .ARM.Collect$$libinit$$0000000F
    libinit2.o(.ARM.Collect$$libinit$$00000014) refers to libinit2.o(.ARM.Collect$$libinit$$0000000F) for .ARM.Collect$$libinit$$0000000F
    libinit2.o(.ARM.Collect$$libinit$$00000016) refers to libinit2.o(.ARM.Collect$$libinit$$0000000F) for .ARM.Collect$$libinit$$0000000F
    libinit2.o(.ARM.Collect$$libinit$$00000018) refers to libinit2.o(.ARM.Collect$$libinit$$0000000F) for .ARM.Collect$$libinit$$0000000F
    libinit2.o(.ARM.Collect$$libinit$$00000024) refers (Weak) to initio.o(.text) for _initio
    libinit2.o(.ARM.Collect$$libinit$$00000026) refers to argv_veneer.o(.emb_text) for __ARM_argv_veneer
    libinit2.o(.ARM.Collect$$libinit$$00000027) refers to argv_veneer.o(.emb_text) for __ARM_argv_veneer
    libshutdown2.o(.ARM.Collect$$libshutdown$$00000003) refers (Weak) to initio.o(.text) for _terminateio
    libshutdown2.o(.ARM.Collect$$libshutdown$$0000000D) refers (Weak) to term_alloc.o(.text) for _terminate_alloc
    sys_stackheap_outer.o(.text) refers to libspace.o(.text) for __user_perproc_libspace
    sys_stackheap_outer.o(.text) refers to arm_startup_nrf52.o(.text) for __user_initial_stackheap
    rt_raise.o(.text) refers to __raise.o(.text) for __raise
    rt_raise.o(.text) refers to rtt_syscalls_keil.o(i._sys_exit) for _sys_exit
    rt_heap_descriptor.o(.text) refers to rt_heap_descriptor.o(.bss) for __rt_heap_descriptor_data
    rt_heap_descriptor_intlibspace.o(.text) refers to libspace.o(.bss) for __libspace_start
    rt_errno_addr.o(.text) refers to rt_errno_addr.o(.bss) for __aeabi_errno_addr_data
    rt_errno_addr_intlibspace.o(.text) refers to libspace.o(.bss) for __libspace_start
    init_alloc.o(.text) refers (Special) to hguard.o(.text) for __heap$guard
    init_alloc.o(.text) refers (Special) to libinit2.o(.ARM.Collect$$libinit$$00000005) for __rt_lib_init_heap_2
    init_alloc.o(.text) refers (Special) to maybetermalloc1.o(.emb_text) for _maybe_terminate_alloc
    init_alloc.o(.text) refers to h1_extend.o(.text) for __Heap_ProvideMemory
    init_alloc.o(.text) refers to defsig_rtmem_outer.o(.text) for __rt_SIGRTMEM
    init_alloc.o(.text) refers to rt_heap_descriptor_intlibspace.o(.text) for __rt_heap_descriptor
    init_alloc.o(.text) refers to h1_init.o(.text) for __Heap_Initialize
    malloc.o(.text) refers (Special) to hguard.o(.text) for __heap$guard
    malloc.o(.text) refers (Special) to init_alloc.o(.text) for _init_alloc
    malloc.o(.text) refers to rt_heap_descriptor_intlibspace.o(.text) for __rt_heap_descriptor
    malloc.o(.text) refers to heapstubs.o(.text) for __Heap_Alloc
    h1_alloc.o(.text) refers (Special) to h1_init.o(.text) for __Heap_Initialize
    h1_alloc.o(.text) refers to rt_heap_descriptor_intlibspace.o(.text) for __rt_heap_descriptor
    h1_alloc.o(.text) refers to init_alloc.o(.text) for __Heap_Full
    h1_alloc_mt.o(.text) refers (Special) to h1_init.o(.text) for __Heap_Initialize
    h1_alloc_mt.o(.text) refers to init_alloc.o(.text) for __Heap_Full
    h1_alloc_mt.o(.text) refers to rt_heap_descriptor_intlibspace.o(.text) for __rt_heap_descriptor
    exit.o(.text) refers to rtexit.o(.ARM.Collect$$rtexit$$00000000) for __rt_exit
    defsig_exit.o(.text) refers to rtt_syscalls_keil.o(i._sys_exit) for _sys_exit
    defsig_rtred_inner.o(.text) refers to defsig_general.o(.text) for __default_signal_display
    argv_veneer.o(.emb_text) refers to no_argv.o(.text) for __ARM_get_argv
    libinit.o(.ARM.Collect$$libinit$$00000000) refers (Special) to libinit2.o(.ARM.Collect$$libinit$$0000002E) for __rt_lib_init_alloca_1
    libinit.o(.ARM.Collect$$libinit$$00000000) refers (Special) to libinit2.o(.ARM.Collect$$libinit$$0000002C) for __rt_lib_init_argv_1
    libinit.o(.ARM.Collect$$libinit$$00000000) refers (Special) to libinit2.o(.ARM.Collect$$libinit$$0000001B) for __rt_lib_init_atexit_1
    libinit.o(.ARM.Collect$$libinit$$00000000) refers (Special) to libinit2.o(.ARM.Collect$$libinit$$00000021) for __rt_lib_init_clock_1
    libinit.o(.ARM.Collect$$libinit$$00000000) refers (Special) to libinit2.o(.ARM.Collect$$libinit$$00000032) for __rt_lib_init_cpp_1
    libinit.o(.ARM.Collect$$libinit$$00000000) refers (Special) to libinit2.o(.ARM.Collect$$libinit$$00000030) for __rt_lib_init_exceptions_1
    libinit.o(.ARM.Collect$$libinit$$00000000) refers (Special) to libinit2.o(.ARM.Collect$$libinit$$00000001) for __rt_lib_init_fp_1
    libinit.o(.ARM.Collect$$libinit$$00000000) refers (Special) to libinit2.o(.ARM.Collect$$libinit$$0000001F) for __rt_lib_init_fp_trap_1
    libinit.o(.ARM.Collect$$libinit$$00000000) refers (Special) to libinit2.o(.ARM.Collect$$libinit$$00000023) for __rt_lib_init_getenv_1
    libinit.o(.ARM.Collect$$libinit$$00000000) refers (Special) to libinit2.o(.ARM.Collect$$libinit$$0000000A) for __rt_lib_init_heap_1
    libinit.o(.ARM.Collect$$libinit$$00000000) refers (Special) to libinit2.o(.ARM.Collect$$libinit$$00000011) for __rt_lib_init_lc_collate_1
    libinit.o(.ARM.Collect$$libinit$$00000000) refers (Special) to libinit2.o(.ARM.Collect$$libinit$$00000013) for __rt_lib_init_lc_ctype_1
    libinit.o(.ARM.Collect$$libinit$$00000000) refers (Special) to libinit2.o(.ARM.Collect$$libinit$$00000015) for __rt_lib_init_lc_monetary_1
    libinit.o(.ARM.Collect$$libinit$$00000000) refers (Special) to libinit2.o(.ARM.Collect$$libinit$$00000017) for __rt_lib_init_lc_numeric_1
    libinit.o(.ARM.Collect$$libinit$$00000000) refers (Special) to libinit2.o(.ARM.Collect$$libinit$$00000019) for __rt_lib_init_lc_time_1
    libinit.o(.ARM.Collect$$libinit$$00000000) refers (Special) to libinit2.o(.ARM.Collect$$libinit$$00000004) for __rt_lib_init_preinit_1
    libinit.o(.ARM.Collect$$libinit$$00000000) refers (Special) to libinit2.o(.ARM.Collect$$libinit$$0000000E) for __rt_lib_init_rand_1
    libinit.o(.ARM.Collect$$libinit$$00000000) refers (Special) to libinit2.o(.ARM.Collect$$libinit$$00000033) for __rt_lib_init_return
    libinit.o(.ARM.Collect$$libinit$$00000000) refers (Special) to libinit2.o(.ARM.Collect$$libinit$$0000001D) for __rt_lib_init_signal_1
    libinit.o(.ARM.Collect$$libinit$$00000000) refers (Special) to libinit2.o(.ARM.Collect$$libinit$$00000025) for __rt_lib_init_stdio_1
    libinit.o(.ARM.Collect$$libinit$$00000000) refers (Special) to libinit2.o(.ARM.Collect$$libinit$$0000000C) for __rt_lib_init_user_alloc_1
    libspace.o(.text) refers to libspace.o(.bss) for __libspace_start
    rtexit.o(.ARM.Collect$$rtexit$$00000000) refers (Special) to rtexit2.o(.ARM.Collect$$rtexit$$00000004) for __rt_exit_exit
    rtexit.o(.ARM.Collect$$rtexit$$00000000) refers (Special) to rtexit2.o(.ARM.Collect$$rtexit$$00000003) for __rt_exit_ls
    rtexit.o(.ARM.Collect$$rtexit$$00000000) refers (Special) to rtexit2.o(.ARM.Collect$$rtexit$$00000002) for __rt_exit_prels_1
    rtexit.o(.ARM.exidx) refers (Special) to rtexit2.o(.ARM.Collect$$rtexit$$00000004) for __rt_exit_exit
    rtexit.o(.ARM.exidx) refers (Special) to rtexit2.o(.ARM.Collect$$rtexit$$00000003) for __rt_exit_ls
    rtexit.o(.ARM.exidx) refers (Special) to rtexit2.o(.ARM.Collect$$rtexit$$00000002) for __rt_exit_prels_1
    rtexit.o(.ARM.exidx) refers to rtexit.o(.ARM.Collect$$rtexit$$00000000) for .ARM.Collect$$rtexit$$00000000
    maybetermalloc2.o(.emb_text) refers (Special) to term_alloc.o(.text) for _terminate_alloc
    h1_extend.o(.text) refers to h1_free.o(.text) for free
    h1_init_mt.o(.text) refers to mutex_dummy.o(.text) for _mutex_initialize
    h1_extend_mt.o(.text) refers to h1_free_mt.o(.text) for _free_internal
    __raise.o(.text) refers to defsig.o(CL$$defsig) for __default_signal_handler
    defsig_general.o(.text) refers to rtt_syscalls_keil.o(i._ttywrch) for _ttywrch
    defsig_rtmem_outer.o(.text) refers to defsig_rtmem_inner.o(.text) for __rt_SIGRTMEM_inner
    defsig_rtmem_outer.o(.text) refers to defsig_exit.o(.text) for __sig_exit
    defsig_rtmem_formal.o(.text) refers to rt_raise.o(.text) for __rt_raise
    heapauxa.o(.text) refers to heapauxa.o(.data) for .data
    _get_argv.o(.text) refers (Special) to hrguard.o(.text) for __heap_region$guard
    _get_argv.o(.text) refers to h1_alloc.o(.text) for malloc
    _get_argv.o(.text) refers to defsig_rtmem_outer.o(.text) for __rt_SIGRTMEM
    _get_argv.o(.text) refers to rtt_syscalls_keil.o(i._sys_command_string) for _sys_command_string
    _get_argv_nomalloc.o(.text) refers (Special) to hrguard.o(.text) for __heap_region$guard
    _get_argv_nomalloc.o(.text) refers to defsig_rtmem_outer.o(.text) for __rt_SIGRTMEM
    _get_argv_nomalloc.o(.text) refers to rtt_syscalls_keil.o(i._sys_command_string) for _sys_command_string
    rtexit2.o(.ARM.Collect$$rtexit$$00000003) refers to libshutdown.o(.ARM.Collect$$libshutdown$$00000000) for __rt_lib_shutdown
    rtexit2.o(.ARM.Collect$$rtexit$$00000004) refers to rtt_syscalls_keil.o(i._sys_exit) for _sys_exit
    rtexit2.o(.ARM.exidx) refers to rtexit2.o(.ARM.Collect$$rtexit$$00000001) for .ARM.Collect$$rtexit$$00000001
    rtexit2.o(.ARM.exidx) refers to rtexit2.o(.ARM.Collect$$rtexit$$00000003) for .ARM.Collect$$rtexit$$00000003
    rtexit2.o(.ARM.exidx) refers to rtexit2.o(.ARM.Collect$$rtexit$$00000004) for .ARM.Collect$$rtexit$$00000004
    term_alloc.o(.text) refers (Special) to libshutdown2.o(.ARM.Collect$$libshutdown$$0000000E) for __rt_lib_shutdown_heap_2
    term_alloc.o(.text) refers to rt_heap_descriptor_intlibspace.o(.text) for __rt_heap_descriptor
    term_alloc.o(.text) refers to h1_final.o(.text) for __Heap_Finalize
    defsig_rtmem_inner.o(.text) refers to defsig_general.o(.text) for __default_signal_display
    defsig.o(CL$$defsig) refers to defsig_rtred_inner.o(.text) for __rt_SIGRTRED_inner
    defsig.o(CL$$defsig) refers to defsig_rtmem_inner.o(.text) for __rt_SIGRTMEM_inner
    defsig_abrt_inner.o(.text) refers to defsig_general.o(.text) for __default_signal_display
    defsig_fpe_inner.o(.text) refers to defsig_general.o(.text) for __default_signal_display
    defsig_stak_inner.o(.text) refers to defsig_general.o(.text) for __default_signal_display
    defsig_pvfn_inner.o(.text) refers to defsig_general.o(.text) for __default_signal_display
    defsig_cppl_inner.o(.text) refers to defsig_general.o(.text) for __default_signal_display
    defsig_segv_inner.o(.text) refers to defsig_general.o(.text) for __default_signal_display
    defsig_other.o(.text) refers to defsig_general.o(.text) for __default_signal_display
    libshutdown.o(.ARM.Collect$$libshutdown$$00000000) refers (Special) to libshutdown2.o(.ARM.Collect$$libshutdown$$00000002) for __rt_lib_shutdown_cpp_1
    libshutdown.o(.ARM.Collect$$libshutdown$$00000000) refers (Special) to libshutdown2.o(.ARM.Collect$$libshutdown$$00000007) for __rt_lib_shutdown_fp_trap_1
    libshutdown.o(.ARM.Collect$$libshutdown$$00000000) refers (Special) to libshutdown2.o(.ARM.Collect$$libshutdown$$0000000F) for __rt_lib_shutdown_heap_1
    libshutdown.o(.ARM.Collect$$libshutdown$$00000000) refers (Special) to libshutdown2.o(.ARM.Collect$$libshutdown$$00000010) for __rt_lib_shutdown_return
    libshutdown.o(.ARM.Collect$$libshutdown$$00000000) refers (Special) to libshutdown2.o(.ARM.Collect$$libshutdown$$0000000A) for __rt_lib_shutdown_signal_1
    libshutdown.o(.ARM.Collect$$libshutdown$$00000000) refers (Special) to libshutdown2.o(.ARM.Collect$$libshutdown$$00000004) for __rt_lib_shutdown_stdio_1
    libshutdown.o(.ARM.Collect$$libshutdown$$00000000) refers (Special) to libshutdown2.o(.ARM.Collect$$libshutdown$$0000000C) for __rt_lib_shutdown_user_alloc_1


==============================================================================

Removing Unused input sections from the image.

    Removing main.o(.rev16_text), (4 bytes).
    Removing main.o(.revsh_text), (4 bytes).
    Removing main.o(.rrx_text), (6 bytes).
    Removing main.o(.emb_text), (118 bytes).
    Removing main.o(i.uart_error_handle), (18 bytes).
    Removing main.o(i.uart_init), (72 bytes).
    Removing main.o(.bss), (256 bytes).
    Removing main.o(.constdata), (12 bytes).
    Removing main.o(.data), (1 bytes).
    Removing nrf_delay.o(.rev16_text), (4 bytes).
    Removing nrf_delay.o(.revsh_text), (4 bytes).
    Removing nrf_delay.o(.rrx_text), (6 bytes).
    Removing nrf_drv_uart.o(.rev16_text), (4 bytes).
    Removing nrf_drv_uart.o(.revsh_text), (4 bytes).
    Removing nrf_drv_uart.o(.rrx_text), (6 bytes).
    Removing nrf_drv_uart.o(i.apply_config), (120 bytes).
    Removing nrf_drv_uart.o(i.nrf_drv_uart_errorsrc_get), (32 bytes).
    Removing nrf_drv_uart.o(i.nrf_drv_uart_init), (148 bytes).
    Removing nrf_drv_uart.o(i.nrf_drv_uart_rx), (140 bytes).
    Removing nrf_drv_uart.o(i.nrf_drv_uart_rx_abort), (32 bytes).
    Removing nrf_drv_uart.o(i.nrf_drv_uart_rx_disable), (28 bytes).
    Removing nrf_drv_uart.o(i.nrf_drv_uart_rx_enable), (32 bytes).
    Removing nrf_drv_uart.o(i.nrf_drv_uart_rx_for_uart), (156 bytes).
    Removing nrf_drv_uart.o(i.nrf_drv_uart_rx_for_uarte), (144 bytes).
    Removing nrf_drv_uart.o(i.nrf_drv_uart_tx), (144 bytes).
    Removing nrf_drv_uart.o(i.nrf_drv_uart_tx_abort), (80 bytes).
    Removing nrf_drv_uart.o(i.nrf_drv_uart_tx_for_uart), (128 bytes).
    Removing nrf_drv_uart.o(i.nrf_drv_uart_tx_in_progress), (16 bytes).
    Removing nrf_drv_uart.o(i.nrf_drv_uart_uninit), (64 bytes).
    Removing nrf_drv_uart.o(i.nrf_gpio_cfg), (34 bytes).
    Removing nrf_drv_uart.o(i.nrf_gpio_cfg_default), (18 bytes).
    Removing nrf_drv_uart.o(i.nrf_gpio_cfg_input), (18 bytes).
    Removing nrf_drv_uart.o(i.nrf_gpio_cfg_output), (20 bytes).
    Removing nrf_drv_uart.o(i.pins_to_default), (84 bytes).
    Removing nrf_drv_uart.o(i.rx_enable), (24 bytes).
    Removing nrf_drv_uart.o(.constdata), (32 bytes).
    Removing nrf_drv_common.o(.rev16_text), (4 bytes).
    Removing nrf_drv_common.o(.revsh_text), (4 bytes).
    Removing nrf_drv_common.o(.rrx_text), (6 bytes).
    Removing nrf_drv_spi.o(.rev16_text), (4 bytes).
    Removing nrf_drv_spi.o(.revsh_text), (4 bytes).
    Removing nrf_drv_spi.o(.rrx_text), (6 bytes).
    Removing nrf_drv_spi.o(i.nrf_drv_spi_uninit), (68 bytes).
    Removing rtt_syscalls_keil.o(i._sys_close), (4 bytes).
    Removing rtt_syscalls_keil.o(i._sys_command_string), (2 bytes).
    Removing rtt_syscalls_keil.o(i._sys_ensure), (6 bytes).
    Removing rtt_syscalls_keil.o(i._sys_flen), (4 bytes).
    Removing rtt_syscalls_keil.o(i._sys_istty), (14 bytes).
    Removing rtt_syscalls_keil.o(i._sys_open), (44 bytes).
    Removing rtt_syscalls_keil.o(i._sys_read), (4 bytes).
    Removing rtt_syscalls_keil.o(i._sys_seek), (4 bytes).
    Removing rtt_syscalls_keil.o(i._sys_tmpnam), (4 bytes).
    Removing rtt_syscalls_keil.o(i._sys_write), (26 bytes).
    Removing rtt_syscalls_keil.o(i._ttywrch), (24 bytes).
    Removing rtt_syscalls_keil.o(.constdata), (6 bytes).
    Removing rtt_syscalls_keil.o(.constdata), (14 bytes).
    Removing segger_rtt.o(i.SEGGER_RTT_ConfigDownBuffer), (56 bytes).
    Removing segger_rtt.o(i.SEGGER_RTT_ConfigUpBuffer), (56 bytes).
    Removing segger_rtt.o(i.SEGGER_RTT_GetKey), (28 bytes).
    Removing segger_rtt.o(i.SEGGER_RTT_HasKey), (24 bytes).
    Removing segger_rtt.o(i.SEGGER_RTT_Init), (2 bytes).
    Removing segger_rtt.o(i.SEGGER_RTT_Read), (112 bytes).
    Removing segger_rtt.o(i.SEGGER_RTT_WaitKey), (14 bytes).
    Removing segger_rtt.o(i.SEGGER_RTT_WriteString), (28 bytes).
    Removing app_uart_fifo.o(.rev16_text), (4 bytes).
    Removing app_uart_fifo.o(.revsh_text), (4 bytes).
    Removing app_uart_fifo.o(.rrx_text), (6 bytes).
    Removing app_uart_fifo.o(i.app_uart_close), (10 bytes).
    Removing app_uart_fifo.o(i.app_uart_flush), (32 bytes).
    Removing app_uart_fifo.o(i.app_uart_get), (52 bytes).
    Removing app_uart_fifo.o(i.app_uart_init), (164 bytes).
    Removing app_uart_fifo.o(i.app_uart_put), (52 bytes).
    Removing app_uart_fifo.o(i.uart_event_handler), (168 bytes).
    Removing app_uart_fifo.o(.bss), (32 bytes).
    Removing app_uart_fifo.o(.constdata), (32 bytes).
    Removing app_uart_fifo.o(.data), (8 bytes).
    Removing app_util_platform.o(.rev16_text), (4 bytes).
    Removing app_util_platform.o(.revsh_text), (4 bytes).
    Removing app_util_platform.o(.rrx_text), (6 bytes).
    Removing app_util_platform.o(i.app_util_critical_region_enter), (4 bytes).
    Removing app_util_platform.o(i.app_util_critical_region_exit), (4 bytes).
    Removing app_util_platform.o(i.app_util_disable_irq), (16 bytes).
    Removing app_util_platform.o(i.app_util_enable_irq), (20 bytes).
    Removing app_util_platform.o(.data), (4 bytes).
    Removing app_error.o(.rev16_text), (4 bytes).
    Removing app_error.o(.revsh_text), (4 bytes).
    Removing app_error.o(.rrx_text), (6 bytes).
    Removing app_error.o(i.app_error_handler), (24 bytes).
    Removing app_error.o(i.app_error_save_and_stop), (100 bytes).
    Removing app_error.o(.bss), (32 bytes).
    Removing nrf_assert.o(.rev16_text), (4 bytes).
    Removing nrf_assert.o(.revsh_text), (4 bytes).
    Removing nrf_assert.o(.rrx_text), (6 bytes).
    Removing app_fifo.o(.rev16_text), (4 bytes).
    Removing app_fifo.o(.revsh_text), (4 bytes).
    Removing app_fifo.o(.rrx_text), (6 bytes).
    Removing app_fifo.o(i.app_fifo_flush), (8 bytes).
    Removing app_fifo.o(i.app_fifo_get), (22 bytes).
    Removing app_fifo.o(i.app_fifo_init), (32 bytes).
    Removing app_fifo.o(i.app_fifo_peek), (34 bytes).
    Removing app_fifo.o(i.app_fifo_put), (26 bytes).
    Removing app_fifo.o(i.app_fifo_read), (74 bytes).
    Removing app_fifo.o(i.app_fifo_write), (82 bytes).
    Removing app_fifo.o(i.fifo_get), (20 bytes).
    Removing app_fifo.o(i.fifo_put), (18 bytes).
    Removing app_error_weak.o(.rev16_text), (4 bytes).
    Removing app_error_weak.o(.revsh_text), (4 bytes).
    Removing app_error_weak.o(.rrx_text), (6 bytes).
    Removing retarget.o(.rev16_text), (4 bytes).
    Removing retarget.o(.revsh_text), (4 bytes).
    Removing retarget.o(.rrx_text), (6 bytes).
    Removing retarget.o(i.fgetc), (18 bytes).
    Removing retarget.o(i.fputc), (14 bytes).
    Removing ads1292r.o(.rev16_text), (4 bytes).
    Removing ads1292r.o(.revsh_text), (4 bytes).
    Removing ads1292r.o(.rrx_text), (6 bytes).
    Removing ads1292r.o(.emb_text), (118 bytes).
    Removing ads1292r.o(i.ADS1292R_Halt), (18 bytes).
    Removing system_nrf52.o(.rev16_text), (4 bytes).
    Removing system_nrf52.o(.revsh_text), (4 bytes).
    Removing system_nrf52.o(.rrx_text), (6 bytes).
    Removing system_nrf52.o(i.SystemCoreClockUpdate), (16 bytes).

122 unused section(s) (total 3965 bytes) removed from the image.

==============================================================================

Image Symbol Table

    Local Symbols

    Symbol Name                              Value     Ov Type        Size  Object(Section)

    RESET                                    0x00000000   Section     1024  arm_startup_nrf52.o(RESET)
    ../clib/angel/boardlib.s                 0x00000000   Number         0  boardinit1.o ABSOLUTE
    ../clib/angel/boardlib.s                 0x00000000   Number         0  boardshut.o ABSOLUTE
    ../clib/angel/boardlib.s                 0x00000000   Number         0  boardinit2.o ABSOLUTE
    ../clib/angel/boardlib.s                 0x00000000   Number         0  boardinit3.o ABSOLUTE
    ../clib/angel/handlers.s                 0x00000000   Number         0  __scatter_zi.o ABSOLUTE
    ../clib/angel/handlers.s                 0x00000000   Number         0  __scatter_copy.o ABSOLUTE
    ../clib/angel/kernel.s                   0x00000000   Number         0  __rtentry4.o ABSOLUTE
    ../clib/angel/kernel.s                   0x00000000   Number         0  __rtentry.o ABSOLUTE
    ../clib/angel/kernel.s                   0x00000000   Number         0  rtexit.o ABSOLUTE
    ../clib/angel/kernel.s                   0x00000000   Number         0  rtexit2.o ABSOLUTE
    ../clib/angel/kernel.s                   0x00000000   Number         0  __rtentry2.o ABSOLUTE
    ../clib/angel/rt.s                       0x00000000   Number         0  rt_heap_descriptor_intlibspace.o ABSOLUTE
    ../clib/angel/rt.s                       0x00000000   Number         0  rt_heap_descriptor.o ABSOLUTE
    ../clib/angel/rt.s                       0x00000000   Number         0  rt_raise.o ABSOLUTE
    ../clib/angel/rt.s                       0x00000000   Number         0  rt_errno_addr_intlibspace.o ABSOLUTE
    ../clib/angel/rt.s                       0x00000000   Number         0  rt_errno_addr.o ABSOLUTE
    ../clib/angel/scatter.s                  0x00000000   Number         0  __scatter.o ABSOLUTE
    ../clib/angel/startup.s                  0x00000000   Number         0  __main.o ABSOLUTE
    ../clib/angel/sys.s                      0x00000000   Number         0  sys_stackheap_outer.o ABSOLUTE
    ../clib/angel/sys.s                      0x00000000   Number         0  use_no_semi_2.o ABSOLUTE
    ../clib/angel/sys.s                      0x00000000   Number         0  mutex_dummy.o ABSOLUTE
    ../clib/angel/sys.s                      0x00000000   Number         0  use_no_semi.o ABSOLUTE
    ../clib/angel/sys.s                      0x00000000   Number         0  libspace.o ABSOLUTE
    ../clib/armsys.c                         0x00000000   Number         0  argv_veneer.o ABSOLUTE
    ../clib/armsys.c                         0x00000000   Number         0  argv_veneer.o ABSOLUTE
    ../clib/armsys.c                         0x00000000   Number         0  no_argv.o ABSOLUTE
    ../clib/armsys.c                         0x00000000   Number         0  _get_argv_nomalloc.o ABSOLUTE
    ../clib/armsys.c                         0x00000000   Number         0  _get_argv.o ABSOLUTE
    ../clib/heap1.c                          0x00000000   Number         0  h1_free_mt.o ABSOLUTE
    ../clib/heap1.c                          0x00000000   Number         0  h1_free.o ABSOLUTE
    ../clib/heap1.c                          0x00000000   Number         0  h1_init.o ABSOLUTE
    ../clib/heap1.c                          0x00000000   Number         0  h1_extend_mt.o ABSOLUTE
    ../clib/heap1.c                          0x00000000   Number         0  h1_init_mt.o ABSOLUTE
    ../clib/heap1.c                          0x00000000   Number         0  h1_extend.o ABSOLUTE
    ../clib/heap1.c                          0x00000000   Number         0  h1_final.o ABSOLUTE
    ../clib/heap1.c                          0x00000000   Number         0  h1_final_mt.o ABSOLUTE
    ../clib/heap1.c                          0x00000000   Number         0  h1_alloc_mt.o ABSOLUTE
    ../clib/heap1.c                          0x00000000   Number         0  h1_alloc.o ABSOLUTE
    ../clib/heap2.c                          0x00000000   Number         0  heap2mt.o ABSOLUTE
    ../clib/heap2.c                          0x00000000   Number         0  heap2.o ABSOLUTE
    ../clib/heap2.c                          0x00000000   Number         0  fdtree.o ABSOLUTE
    ../clib/heapalloc.c                      0x00000000   Number         0  hrguard.o ABSOLUTE
    ../clib/heapalloc.c                      0x00000000   Number         0  term_alloc.o ABSOLUTE
    ../clib/heapalloc.c                      0x00000000   Number         0  free.o ABSOLUTE
    ../clib/heapalloc.c                      0x00000000   Number         0  maybetermalloc2.o ABSOLUTE
    ../clib/heapalloc.c                      0x00000000   Number         0  maybetermalloc2.o ABSOLUTE
    ../clib/heapalloc.c                      0x00000000   Number         0  maybetermalloc1.o ABSOLUTE
    ../clib/heapalloc.c                      0x00000000   Number         0  maybetermalloc1.o ABSOLUTE
    ../clib/heapalloc.c                      0x00000000   Number         0  heapstubs.o ABSOLUTE
    ../clib/heapalloc.c                      0x00000000   Number         0  malloc.o ABSOLUTE
    ../clib/heapalloc.c                      0x00000000   Number         0  init_alloc.o ABSOLUTE
    ../clib/heapalloc.c                      0x00000000   Number         0  hguard.o ABSOLUTE
    ../clib/heapaux.c                        0x00000000   Number         0  heapauxa.o ABSOLUTE
    ../clib/heapaux.c                        0x00000000   Number         0  heapauxi.o ABSOLUTE
    ../clib/libinit.s                        0x00000000   Number         0  libinit2.o ABSOLUTE
    ../clib/libinit.s                        0x00000000   Number         0  libshutdown.o ABSOLUTE
    ../clib/libinit.s                        0x00000000   Number         0  libshutdown2.o ABSOLUTE
    ../clib/libinit.s                        0x00000000   Number         0  libinit.o ABSOLUTE
    ../clib/memcpset.s                       0x00000000   Number         0  strcmpv7m.o ABSOLUTE
    ../clib/memcpset.s                       0x00000000   Number         0  rt_memclr_w.o ABSOLUTE
    ../clib/memcpset.s                       0x00000000   Number         0  rt_memcpy_v6.o ABSOLUTE
    ../clib/memcpset.s                       0x00000000   Number         0  rt_memcpy_w.o ABSOLUTE
    ../clib/signal.c                         0x00000000   Number         0  defsig_rtred_formal.o ABSOLUTE
    ../clib/signal.c                         0x00000000   Number         0  defsig_cppl_inner.o ABSOLUTE
    ../clib/signal.c                         0x00000000   Number         0  defsig_rtred_outer.o ABSOLUTE
    ../clib/signal.c                         0x00000000   Number         0  defsig_other.o ABSOLUTE
    ../clib/signal.c                         0x00000000   Number         0  defsig_general.o ABSOLUTE
    ../clib/signal.c                         0x00000000   Number         0  defsig_segv_inner.o ABSOLUTE
    ../clib/signal.c                         0x00000000   Number         0  __raise.o ABSOLUTE
    ../clib/signal.c                         0x00000000   Number         0  defsig_abrt_inner.o ABSOLUTE
    ../clib/signal.c                         0x00000000   Number         0  defsig_exit.o ABSOLUTE
    ../clib/signal.c                         0x00000000   Number         0  defsig_rtred_inner.o ABSOLUTE
    ../clib/signal.c                         0x00000000   Number         0  defsig_fpe_inner.o ABSOLUTE
    ../clib/signal.c                         0x00000000   Number         0  defsig_stak_inner.o ABSOLUTE
    ../clib/signal.c                         0x00000000   Number         0  defsig_pvfn_inner.o ABSOLUTE
    ../clib/signal.c                         0x00000000   Number         0  defsig_rtmem_outer.o ABSOLUTE
    ../clib/signal.c                         0x00000000   Number         0  defsig_rtmem_formal.o ABSOLUTE
    ../clib/signal.c                         0x00000000   Number         0  defsig_rtmem_inner.o ABSOLUTE
    ../clib/signal.s                         0x00000000   Number         0  defsig.o ABSOLUTE
    ../clib/stdio.c                          0x00000000   Number         0  fseek.o ABSOLUTE
    ../clib/stdio.c                          0x00000000   Number         0  fflush_locked.o ABSOLUTE
    ../clib/stdio.c                          0x00000000   Number         0  fopen_locked.o ABSOLUTE
    ../clib/stdio.c                          0x00000000   Number         0  ftell.o ABSOLUTE
    ../clib/stdio.c                          0x00000000   Number         0  fopen.o ABSOLUTE
    ../clib/stdio.c                          0x00000000   Number         0  fclose.o ABSOLUTE
    ../clib/stdio.c                          0x00000000   Number         0  setvbuf_locked.o ABSOLUTE
    ../clib/stdio.c                          0x00000000   Number         0  setvbuf.o ABSOLUTE
    ../clib/stdio.c                          0x00000000   Number         0  initio.o ABSOLUTE
    ../clib/stdio.c                          0x00000000   Number         0  streamlock.o ABSOLUTE
    ../clib/stdio.c                          0x00000000   Number         0  fflush.o ABSOLUTE
    ../clib/stdio.c                          0x00000000   Number         0  stdio.o ABSOLUTE
    ../clib/stdio.c                          0x00000000   Number         0  initio_locked.o ABSOLUTE
    ../clib/stdio.c                          0x00000000   Number         0  stdio_streams.o ABSOLUTE
    ../clib/stdlib.c                         0x00000000   Number         0  exit.o ABSOLUTE
    ../fplib/fpinit.s                        0x00000000   Number         0  fpinit.o ABSOLUTE
    ..\\components\\drivers_nrf\\common\\nrf_drv_common.c 0x00000000   Number         0  nrf_drv_common.o ABSOLUTE
    ..\\components\\drivers_nrf\\delay\\nrf_delay.c 0x00000000   Number         0  nrf_delay.o ABSOLUTE
    ..\\components\\drivers_nrf\\spi_master\\nrf_drv_spi.c 0x00000000   Number         0  nrf_drv_spi.o ABSOLUTE
    ..\\components\\drivers_nrf\\uart\\nrf_drv_uart.c 0x00000000   Number         0  nrf_drv_uart.o ABSOLUTE
    ..\\components\\libraries\\fifo\\app_fifo.c 0x00000000   Number         0  app_fifo.o ABSOLUTE
    ..\\components\\libraries\\uart\\app_uart_fifo.c 0x00000000   Number         0  app_uart_fifo.o ABSOLUTE
    ..\\components\\libraries\\uart\\retarget.c 0x00000000   Number         0  retarget.o ABSOLUTE
    ..\\components\\libraries\\util\\app_error.c 0x00000000   Number         0  app_error.o ABSOLUTE
    ..\\components\\libraries\\util\\app_error_weak.c 0x00000000   Number         0  app_error_weak.o ABSOLUTE
    ..\\components\\libraries\\util\\app_util_platform.c 0x00000000   Number         0  app_util_platform.o ABSOLUTE
    ..\\components\\libraries\\util\\nrf_assert.c 0x00000000   Number         0  nrf_assert.o ABSOLUTE
    ..\\ikm\\ads1292r.c                      0x00000000   Number         0  ads1292r.o ABSOLUTE
    ..\components\drivers_nrf\common\nrf_drv_common.c 0x00000000   Number         0  nrf_drv_common.o ABSOLUTE
    ..\components\drivers_nrf\delay\nrf_delay.c 0x00000000   Number         0  nrf_delay.o ABSOLUTE
    ..\components\drivers_nrf\rtt\RTT_Syscalls_KEIL.c 0x00000000   Number         0  rtt_syscalls_keil.o ABSOLUTE
    ..\components\drivers_nrf\rtt\SEGGER_RTT.c 0x00000000   Number         0  segger_rtt.o ABSOLUTE
    ..\components\drivers_nrf\rtt\SEGGER_RTT_printf.c 0x00000000   Number         0  segger_rtt_printf.o ABSOLUTE
    ..\components\drivers_nrf\spi_master\nrf_drv_spi.c 0x00000000   Number         0  nrf_drv_spi.o ABSOLUTE
    ..\components\drivers_nrf\uart\nrf_drv_uart.c 0x00000000   Number         0  nrf_drv_uart.o ABSOLUTE
    ..\components\libraries\fifo\app_fifo.c  0x00000000   Number         0  app_fifo.o ABSOLUTE
    ..\components\libraries\uart\app_uart_fifo.c 0x00000000   Number         0  app_uart_fifo.o ABSOLUTE
    ..\components\libraries\uart\retarget.c  0x00000000   Number         0  retarget.o ABSOLUTE
    ..\components\libraries\util\app_error.c 0x00000000   Number         0  app_error.o ABSOLUTE
    ..\components\libraries\util\app_error_weak.c 0x00000000   Number         0  app_error_weak.o ABSOLUTE
    ..\components\libraries\util\app_util_platform.c 0x00000000   Number         0  app_util_platform.o ABSOLUTE
    ..\components\libraries\util\nrf_assert.c 0x00000000   Number         0  nrf_assert.o ABSOLUTE
    ..\ikm\ads1292r.c                        0x00000000   Number         0  ads1292r.o ABSOLUTE
    RTE\Device\nRF52832_xxAA\arm_startup_nrf52.s 0x00000000   Number         0  arm_startup_nrf52.o ABSOLUTE
    RTE\Device\nRF52832_xxAA\system_nrf52.c  0x00000000   Number         0  system_nrf52.o ABSOLUTE
    RTE\\Device\\nRF52832_xxAA\\system_nrf52.c 0x00000000   Number         0  system_nrf52.o ABSOLUTE
    dc.s                                     0x00000000   Number         0  dc.o ABSOLUTE
    main.c                                   0x00000000   Number         0  main.o ABSOLUTE
    main.c                                   0x00000000   Number         0  main.o ABSOLUTE
    !!!main                                  0x00000400   Section        8  __main.o(!!!main)
    !!!scatter                               0x00000408   Section       52  __scatter.o(!!!scatter)
    !!handler_copy                           0x0000043c   Section       26  __scatter_copy.o(!!handler_copy)
    !!handler_zi                             0x00000458   Section       28  __scatter_zi.o(!!handler_zi)
    .ARM.Collect$$libinit$$00000000          0x00000474   Section        2  libinit.o(.ARM.Collect$$libinit$$00000000)
    .ARM.Collect$$libinit$$00000001          0x00000476   Section        4  libinit2.o(.ARM.Collect$$libinit$$00000001)
    .ARM.Collect$$libinit$$00000004          0x0000047a   Section        0  libinit2.o(.ARM.Collect$$libinit$$00000004)
    .ARM.Collect$$libinit$$0000000A          0x0000047a   Section        0  libinit2.o(.ARM.Collect$$libinit$$0000000A)
    .ARM.Collect$$libinit$$0000000C          0x0000047a   Section        0  libinit2.o(.ARM.Collect$$libinit$$0000000C)
    .ARM.Collect$$libinit$$0000000E          0x0000047a   Section        0  libinit2.o(.ARM.Collect$$libinit$$0000000E)
    .ARM.Collect$$libinit$$00000011          0x0000047a   Section        0  libinit2.o(.ARM.Collect$$libinit$$00000011)
    .ARM.Collect$$libinit$$00000013          0x0000047a   Section        0  libinit2.o(.ARM.Collect$$libinit$$00000013)
    .ARM.Collect$$libinit$$00000015          0x0000047a   Section        0  libinit2.o(.ARM.Collect$$libinit$$00000015)
    .ARM.Collect$$libinit$$00000017          0x0000047a   Section        0  libinit2.o(.ARM.Collect$$libinit$$00000017)
    .ARM.Collect$$libinit$$00000019          0x0000047a   Section        0  libinit2.o(.ARM.Collect$$libinit$$00000019)
    .ARM.Collect$$libinit$$0000001B          0x0000047a   Section        0  libinit2.o(.ARM.Collect$$libinit$$0000001B)
    .ARM.Collect$$libinit$$0000001D          0x0000047a   Section        0  libinit2.o(.ARM.Collect$$libinit$$0000001D)
    .ARM.Collect$$libinit$$0000001F          0x0000047a   Section        0  libinit2.o(.ARM.Collect$$libinit$$0000001F)
    .ARM.Collect$$libinit$$00000021          0x0000047a   Section        0  libinit2.o(.ARM.Collect$$libinit$$00000021)
    .ARM.Collect$$libinit$$00000023          0x0000047a   Section        0  libinit2.o(.ARM.Collect$$libinit$$00000023)
    .ARM.Collect$$libinit$$00000025          0x0000047a   Section        0  libinit2.o(.ARM.Collect$$libinit$$00000025)
    .ARM.Collect$$libinit$$0000002C          0x0000047a   Section        0  libinit2.o(.ARM.Collect$$libinit$$0000002C)
    .ARM.Collect$$libinit$$0000002E          0x0000047a   Section        0  libinit2.o(.ARM.Collect$$libinit$$0000002E)
    .ARM.Collect$$libinit$$00000030          0x0000047a   Section        0  libinit2.o(.ARM.Collect$$libinit$$00000030)
    .ARM.Collect$$libinit$$00000032          0x0000047a   Section        0  libinit2.o(.ARM.Collect$$libinit$$00000032)
    .ARM.Collect$$libinit$$00000033          0x0000047a   Section        2  libinit2.o(.ARM.Collect$$libinit$$00000033)
    .ARM.Collect$$libshutdown$$00000000      0x0000047c   Section        2  libshutdown.o(.ARM.Collect$$libshutdown$$00000000)
    .ARM.Collect$$libshutdown$$00000002      0x0000047e   Section        0  libshutdown2.o(.ARM.Collect$$libshutdown$$00000002)
    .ARM.Collect$$libshutdown$$00000004      0x0000047e   Section        0  libshutdown2.o(.ARM.Collect$$libshutdown$$00000004)
    .ARM.Collect$$libshutdown$$00000007      0x0000047e   Section        0  libshutdown2.o(.ARM.Collect$$libshutdown$$00000007)
    .ARM.Collect$$libshutdown$$0000000A      0x0000047e   Section        0  libshutdown2.o(.ARM.Collect$$libshutdown$$0000000A)
    .ARM.Collect$$libshutdown$$0000000C      0x0000047e   Section        0  libshutdown2.o(.ARM.Collect$$libshutdown$$0000000C)
    .ARM.Collect$$libshutdown$$0000000F      0x0000047e   Section        0  libshutdown2.o(.ARM.Collect$$libshutdown$$0000000F)
    .ARM.Collect$$libshutdown$$00000010      0x0000047e   Section        2  libshutdown2.o(.ARM.Collect$$libshutdown$$00000010)
    .ARM.Collect$$rtentry$$00000000          0x00000480   Section        0  __rtentry.o(.ARM.Collect$$rtentry$$00000000)
    .ARM.Collect$$rtentry$$00000002          0x00000480   Section        0  __rtentry2.o(.ARM.Collect$$rtentry$$00000002)
    .ARM.Collect$$rtentry$$00000004          0x00000480   Section        6  __rtentry4.o(.ARM.Collect$$rtentry$$00000004)
    .ARM.Collect$$rtentry$$00000009          0x00000486   Section        0  __rtentry2.o(.ARM.Collect$$rtentry$$00000009)
    .ARM.Collect$$rtentry$$0000000A          0x00000486   Section        4  __rtentry2.o(.ARM.Collect$$rtentry$$0000000A)
    .ARM.Collect$$rtentry$$0000000C          0x0000048a   Section        0  __rtentry2.o(.ARM.Collect$$rtentry$$0000000C)
    .ARM.Collect$$rtentry$$0000000D          0x0000048a   Section        8  __rtentry2.o(.ARM.Collect$$rtentry$$0000000D)
    .ARM.Collect$$rtexit$$00000000           0x00000492   Section        2  rtexit.o(.ARM.Collect$$rtexit$$00000000)
    .ARM.Collect$$rtexit$$00000002           0x00000494   Section        0  rtexit2.o(.ARM.Collect$$rtexit$$00000002)
    .ARM.Collect$$rtexit$$00000003           0x00000494   Section        4  rtexit2.o(.ARM.Collect$$rtexit$$00000003)
    .ARM.Collect$$rtexit$$00000004           0x00000498   Section        6  rtexit2.o(.ARM.Collect$$rtexit$$00000004)
    .emb_text                                0x000004a0   Section      118  nrf_delay.o(.emb_text)
    $v0                                      0x000004a0   Number         0  nrf_delay.o(.emb_text)
    .text                                    0x00000518   Section       64  arm_startup_nrf52.o(.text)
    $v0                                      0x00000518   Number         0  arm_startup_nrf52.o(.text)
    .text                                    0x00000558   Section        2  use_no_semi_2.o(.text)
    .text                                    0x0000055a   Section      138  rt_memcpy_v6.o(.text)
    .text                                    0x000005e4   Section      100  rt_memcpy_w.o(.text)
    .text                                    0x00000648   Section        0  heapauxi.o(.text)
    .text                                    0x0000064e   Section        2  use_no_semi.o(.text)
    .text                                    0x00000650   Section       74  sys_stackheap_outer.o(.text)
    .text                                    0x0000069a   Section        0  exit.o(.text)
    .text                                    0x000006ac   Section        8  libspace.o(.text)
    i.ADS1292R_CMD                           0x000006b4   Section        0  ads1292r.o(i.ADS1292R_CMD)
    i.ADS1292R_Init                          0x000006fc   Section        0  ads1292r.o(i.ADS1292R_Init)
    i.ADS1292R_ReadData                      0x000007dc   Section        0  ads1292r.o(i.ADS1292R_ReadData)
    i.ADS1292R_ReadReg                       0x00000828   Section        0  ads1292r.o(i.ADS1292R_ReadReg)
    i.ADS1292R_WriteReg                      0x00000874   Section        0  ads1292r.o(i.ADS1292R_WriteReg)
    i.SEGGER_RTT_Write                       0x00000908   Section        0  segger_rtt.o(i.SEGGER_RTT_Write)
    i.SEGGER_RTT_printf                      0x0000099c   Section        0  segger_rtt_printf.o(i.SEGGER_RTT_printf)
    i.SEGGER_RTT_vprintf                     0x000009b4   Section        0  segger_rtt_printf.o(i.SEGGER_RTT_vprintf)
    i.SPIM0_SPIS0_TWIM0_TWIS0_SPI0_TWI0_IRQHandler 0x00000b48   Section        0  nrf_drv_spi.o(i.SPIM0_SPIS0_TWIM0_TWIS0_SPI0_TWI0_IRQHandler)
    i.SPI_Init                               0x00000b80   Section        0  ads1292r.o(i.SPI_Init)
    i.SystemInit                             0x00000bcc   Section        0  system_nrf52.o(i.SystemInit)
    i.UARTE0_UART0_IRQHandler                0x00000dd0   Section        0  nrf_drv_uart.o(i.UARTE0_UART0_IRQHandler)
    i._PrintInt                              0x00000de4   Section        0  segger_rtt_printf.o(i._PrintInt)
    _PrintInt                                0x00000de5   Thumb Code   194  segger_rtt_printf.o(i._PrintInt)
    i._PrintUnsigned                         0x00000ea8   Section        0  segger_rtt_printf.o(i._PrintUnsigned)
    _PrintUnsigned                           0x00000ea9   Thumb Code   216  segger_rtt_printf.o(i._PrintUnsigned)
    i._StoreChar                             0x00000f84   Section        0  segger_rtt_printf.o(i._StoreChar)
    _StoreChar                               0x00000f85   Thumb Code    62  segger_rtt_printf.o(i._StoreChar)
    i._sys_exit                              0x00000fc2   Section        0  rtt_syscalls_keil.o(i._sys_exit)
    i.app_error_fault_handler                0x00000fc4   Section        0  app_error_weak.o(i.app_error_fault_handler)
    i.app_error_handler_bare                 0x00000fe8   Section        0  app_error.o(i.app_error_handler_bare)
    i.data_deal                              0x00001000   Section        0  main.o(i.data_deal)
    i.main                                   0x0000102c   Section        0  main.o(i.main)
    i.nrf_delay_ms                           0x0000107c   Section        0  nrf_delay.o(i.nrf_delay_ms)
    i.nrf_drv_common_irq_enable              0x00001096   Section        0  nrf_drv_common.o(i.nrf_drv_common_irq_enable)
    i.nrf_drv_spi_init                       0x000010d0   Section        0  nrf_drv_spi.o(i.nrf_drv_spi_init)
    i.nrf_drv_spi_transfer                   0x000011f4   Section        0  nrf_drv_spi.o(i.nrf_drv_spi_transfer)
    i.nrf_drv_spi_xfer                       0x00001210   Section        0  nrf_drv_spi.o(i.nrf_drv_spi_xfer)
    i.nrf_gpio_cfg                           0x00001278   Section        0  main.o(i.nrf_gpio_cfg)
    nrf_gpio_cfg                             0x00001279   Thumb Code    34  main.o(i.nrf_gpio_cfg)
    i.nrf_gpio_cfg                           0x0000129a   Section        0  nrf_drv_spi.o(i.nrf_gpio_cfg)
    nrf_gpio_cfg                             0x0000129b   Thumb Code    34  nrf_drv_spi.o(i.nrf_gpio_cfg)
    i.nrf_gpio_cfg_output                    0x000012bc   Section        0  main.o(i.nrf_gpio_cfg_output)
    nrf_gpio_cfg_output                      0x000012bd   Thumb Code    20  main.o(i.nrf_gpio_cfg_output)
    i.nrf_gpio_cfg_output                    0x000012d0   Section        0  nrf_drv_spi.o(i.nrf_gpio_cfg_output)
    nrf_gpio_cfg_output                      0x000012d1   Thumb Code    20  nrf_drv_spi.o(i.nrf_gpio_cfg_output)
    i.nrf_gpio_pin_clear                     0x000012e4   Section        0  ads1292r.o(i.nrf_gpio_pin_clear)
    nrf_gpio_pin_clear                       0x000012e5   Thumb Code    10  ads1292r.o(i.nrf_gpio_pin_clear)
    i.nrf_gpio_pin_set                       0x000012f4   Section        0  nrf_drv_spi.o(i.nrf_gpio_pin_set)
    nrf_gpio_pin_set                         0x000012f5   Thumb Code    10  nrf_drv_spi.o(i.nrf_gpio_pin_set)
    i.nrf_gpio_pin_set                       0x00001304   Section        0  ads1292r.o(i.nrf_gpio_pin_set)
    nrf_gpio_pin_set                         0x00001305   Thumb Code    10  ads1292r.o(i.nrf_gpio_pin_set)
    i.nrf_uart_event_check                   0x00001314   Section        0  nrf_drv_uart.o(i.nrf_uart_event_check)
    nrf_uart_event_check                     0x00001315   Thumb Code    10  nrf_drv_uart.o(i.nrf_uart_event_check)
    i.nrf_uart_int_enable_check              0x0000131e   Section        0  nrf_drv_uart.o(i.nrf_uart_int_enable_check)
    nrf_uart_int_enable_check                0x0000131f   Thumb Code    12  nrf_drv_uart.o(i.nrf_uart_int_enable_check)
    i.nrf_uarte_event_check                  0x0000132a   Section        0  nrf_drv_uart.o(i.nrf_uarte_event_check)
    nrf_uarte_event_check                    0x0000132b   Thumb Code    10  nrf_drv_uart.o(i.nrf_uarte_event_check)
    i.rx_byte                                0x00001334   Section        0  nrf_drv_uart.o(i.rx_byte)
    rx_byte                                  0x00001335   Thumb Code    38  nrf_drv_uart.o(i.rx_byte)
    i.rx_done_event                          0x00001364   Section        0  nrf_drv_uart.o(i.rx_done_event)
    rx_done_event                            0x00001365   Thumb Code    26  nrf_drv_uart.o(i.rx_done_event)
    i.spi_event_handler                      0x00001384   Section        0  ads1292r.o(i.spi_event_handler)
    i.spi_xfer                               0x00001390   Section        0  nrf_drv_spi.o(i.spi_xfer)
    spi_xfer                                 0x00001391   Thumb Code   110  nrf_drv_spi.o(i.spi_xfer)
    i.transfer_byte                          0x000013fe   Section        0  nrf_drv_spi.o(i.transfer_byte)
    transfer_byte                            0x000013ff   Thumb Code    78  nrf_drv_spi.o(i.transfer_byte)
    i.tx_byte                                0x0000144c   Section        0  nrf_drv_uart.o(i.tx_byte)
    tx_byte                                  0x0000144d   Thumb Code    28  nrf_drv_uart.o(i.tx_byte)
    i.tx_done_event                          0x00001470   Section        0  nrf_drv_uart.o(i.tx_done_event)
    tx_done_event                            0x00001471   Thumb Code    30  nrf_drv_uart.o(i.tx_done_event)
    i.uart_irq_handler                       0x00001494   Section        0  nrf_drv_uart.o(i.uart_irq_handler)
    uart_irq_handler                         0x00001495   Thumb Code   254  nrf_drv_uart.o(i.uart_irq_handler)
    i.uarte_irq_handler                      0x0000159c   Section        0  nrf_drv_uart.o(i.uarte_irq_handler)
    uarte_irq_handler                        0x0000159d   Thumb Code   206  nrf_drv_uart.o(i.uarte_irq_handler)
    x$fpl$fpinit                             0x00001674   Section       10  fpinit.o(x$fpl$fpinit)
    $v0                                      0x00001674   Number         0  fpinit.o(x$fpl$fpinit)
    .constdata                               0x00001680   Section       16  nrf_drv_spi.o(.constdata)
    m_default_config                         0x00001680   Data          16  nrf_drv_spi.o(.constdata)
    .constdata                               0x00001690   Section       16  segger_rtt_printf.o(.constdata)
    _aV2C                                    0x00001690   Data          16  segger_rtt_printf.o(.constdata)
    .constdata                               0x000016a0   Section       24  ads1292r.o(.constdata)
    spi                                      0x000016a0   Data           8  ads1292r.o(.constdata)
    .conststring                             0x000016b8   Section        9  segger_rtt.o(.conststring)
    .data                                    0x20000000   Section      120  segger_rtt.o(.data)
    _SEGGER_RTT                              0x20000000   Data         120  segger_rtt.o(.data)
    .data                                    0x20000078   Section        3  ads1292r.o(.data)
    spi_xfer_done                            0x2000007a   Data           1  ads1292r.o(.data)
    .data                                    0x2000007c   Section        4  system_nrf52.o(.data)
    __tagsym$$used                           0x2000007c   Number         0  system_nrf52.o(.data)
    .bss                                     0x20000080   Section       32  nrf_drv_uart.o(.bss)
    m_cb                                     0x20000080   Data          32  nrf_drv_uart.o(.bss)
    .bss                                     0x200000a0   Section       32  nrf_drv_spi.o(.bss)
    m_cb                                     0x200000a0   Data          32  nrf_drv_spi.o(.bss)
    .bss                                     0x200000c0   Section     1024  segger_rtt.o(.bss)
    _acUpBuffer                              0x200000c0   Data        1024  segger_rtt.o(.bss)
    .bss                                     0x200004c0   Section       16  segger_rtt.o(.bss)
    _acDownBuffer                            0x200004c0   Data          16  segger_rtt.o(.bss)
    .bss                                     0x200004d0   Section       29  ads1292r.o(.bss)
    .bss                                     0x200004f0   Section       96  libspace.o(.bss)
    HEAP                                     0x20000550   Section     8192  arm_startup_nrf52.o(HEAP)
    Heap_Mem                                 0x20000550   Data        8192  arm_startup_nrf52.o(HEAP)
    STACK                                    0x20002550   Section     8192  arm_startup_nrf52.o(STACK)
    Stack_Mem                                0x20002550   Data        8192  arm_startup_nrf52.o(STACK)
    __initial_sp                             0x20004550   Data           0  arm_startup_nrf52.o(STACK)

    Global Symbols

    Symbol Name                              Value     Ov Type        Size  Object(Section)

    BuildAttributes$$THM_ISAv4$E$P$D$K$B$S$7EM$VFPi3$EXTD16$VFPS$VFMA$PE$A:L22UL41UL21$X:L11$S22US41US21$IEEE1$IW$USESV6$~STKCKD$USESV7$~SHL$OTIME$ROPI$EBA8$UX$STANDARDLIB$REQ8$PRES8$EABIv2 0x00000000   Number         0  anon$$obj.o ABSOLUTE
    __ARM_use_no_argv                        0x00000000   Number         0  main.o ABSOLUTE
    __Vectors                                0x00000000   Data           4  arm_startup_nrf52.o(RESET)
    __ARM_exceptions_init                     - Undefined Weak Reference
    __alloca_initialize                       - Undefined Weak Reference
    __arm_preinit_                            - Undefined Weak Reference
    __cpp_initialize__aeabi_                  - Undefined Weak Reference
    __cxa_finalize                            - Undefined Weak Reference
    __rt_locale                               - Undefined Weak Reference
    __sigvec_lookup                           - Undefined Weak Reference
    __user_heap_extent                        - Undefined Weak Reference
    _atexit_init                              - Undefined Weak Reference
    _call_atexit_fns                          - Undefined Weak Reference
    _clock_init                               - Undefined Weak Reference
    _fp_trap_init                             - Undefined Weak Reference
    _fp_trap_shutdown                         - Undefined Weak Reference
    _get_lc_collate                           - Undefined Weak Reference
    _get_lc_ctype                             - Undefined Weak Reference
    _get_lc_monetary                          - Undefined Weak Reference
    _get_lc_numeric                           - Undefined Weak Reference
    _get_lc_time                              - Undefined Weak Reference
    _getenv_init                              - Undefined Weak Reference
    _handle_redirection                       - Undefined Weak Reference
    _mutex_acquire                            - Undefined Weak Reference
    _mutex_free                               - Undefined Weak Reference
    _mutex_release                            - Undefined Weak Reference
    _rand_init                                - Undefined Weak Reference
    _signal_finish                            - Undefined Weak Reference
    _signal_init                              - Undefined Weak Reference
    __Vectors_End                            0x00000400   Data           0  arm_startup_nrf52.o(RESET)
    __Vectors_Size                           0x00000400   Number         0  arm_startup_nrf52.o ABSOLUTE
    __main                                   0x00000401   Thumb Code     8  __main.o(!!!main)
    __scatterload                            0x00000409   Thumb Code     0  __scatter.o(!!!scatter)
    __scatterload_rt2                        0x00000409   Thumb Code    44  __scatter.o(!!!scatter)
    __scatterload_rt2_thumb_only             0x00000409   Thumb Code     0  __scatter.o(!!!scatter)
    __scatterload_null                       0x00000417   Thumb Code     0  __scatter.o(!!!scatter)
    __scatterload_copy                       0x0000043d   Thumb Code    26  __scatter_copy.o(!!handler_copy)
    __scatterload_zeroinit                   0x00000459   Thumb Code    28  __scatter_zi.o(!!handler_zi)
    __rt_lib_init                            0x00000475   Thumb Code     0  libinit.o(.ARM.Collect$$libinit$$00000000)
    __rt_lib_init_fp_1                       0x00000477   Thumb Code     0  libinit2.o(.ARM.Collect$$libinit$$00000001)
    __rt_lib_init_alloca_1                   0x0000047b   Thumb Code     0  libinit2.o(.ARM.Collect$$libinit$$0000002E)
    __rt_lib_init_argv_1                     0x0000047b   Thumb Code     0  libinit2.o(.ARM.Collect$$libinit$$0000002C)
    __rt_lib_init_atexit_1                   0x0000047b   Thumb Code     0  libinit2.o(.ARM.Collect$$libinit$$0000001B)
    __rt_lib_init_clock_1                    0x0000047b   Thumb Code     0  libinit2.o(.ARM.Collect$$libinit$$00000021)
    __rt_lib_init_cpp_1                      0x0000047b   Thumb Code     0  libinit2.o(.ARM.Collect$$libinit$$00000032)
    __rt_lib_init_exceptions_1               0x0000047b   Thumb Code     0  libinit2.o(.ARM.Collect$$libinit$$00000030)
    __rt_lib_init_fp_trap_1                  0x0000047b   Thumb Code     0  libinit2.o(.ARM.Collect$$libinit$$0000001F)
    __rt_lib_init_getenv_1                   0x0000047b   Thumb Code     0  libinit2.o(.ARM.Collect$$libinit$$00000023)
    __rt_lib_init_heap_1                     0x0000047b   Thumb Code     0  libinit2.o(.ARM.Collect$$libinit$$0000000A)
    __rt_lib_init_lc_collate_1               0x0000047b   Thumb Code     0  libinit2.o(.ARM.Collect$$libinit$$00000011)
    __rt_lib_init_lc_ctype_1                 0x0000047b   Thumb Code     0  libinit2.o(.ARM.Collect$$libinit$$00000013)
    __rt_lib_init_lc_monetary_1              0x0000047b   Thumb Code     0  libinit2.o(.ARM.Collect$$libinit$$00000015)
    __rt_lib_init_lc_numeric_1               0x0000047b   Thumb Code     0  libinit2.o(.ARM.Collect$$libinit$$00000017)
    __rt_lib_init_lc_time_1                  0x0000047b   Thumb Code     0  libinit2.o(.ARM.Collect$$libinit$$00000019)
    __rt_lib_init_preinit_1                  0x0000047b   Thumb Code     0  libinit2.o(.ARM.Collect$$libinit$$00000004)
    __rt_lib_init_rand_1                     0x0000047b   Thumb Code     0  libinit2.o(.ARM.Collect$$libinit$$0000000E)
    __rt_lib_init_return                     0x0000047b   Thumb Code     0  libinit2.o(.ARM.Collect$$libinit$$00000033)
    __rt_lib_init_signal_1                   0x0000047b   Thumb Code     0  libinit2.o(.ARM.Collect$$libinit$$0000001D)
    __rt_lib_init_stdio_1                    0x0000047b   Thumb Code     0  libinit2.o(.ARM.Collect$$libinit$$00000025)
    __rt_lib_init_user_alloc_1               0x0000047b   Thumb Code     0  libinit2.o(.ARM.Collect$$libinit$$0000000C)
    __rt_lib_shutdown                        0x0000047d   Thumb Code     0  libshutdown.o(.ARM.Collect$$libshutdown$$00000000)
    __rt_lib_shutdown_cpp_1                  0x0000047f   Thumb Code     0  libshutdown2.o(.ARM.Collect$$libshutdown$$00000002)
    __rt_lib_shutdown_fp_trap_1              0x0000047f   Thumb Code     0  libshutdown2.o(.ARM.Collect$$libshutdown$$00000007)
    __rt_lib_shutdown_heap_1                 0x0000047f   Thumb Code     0  libshutdown2.o(.ARM.Collect$$libshutdown$$0000000F)
    __rt_lib_shutdown_return                 0x0000047f   Thumb Code     0  libshutdown2.o(.ARM.Collect$$libshutdown$$00000010)
    __rt_lib_shutdown_signal_1               0x0000047f   Thumb Code     0  libshutdown2.o(.ARM.Collect$$libshutdown$$0000000A)
    __rt_lib_shutdown_stdio_1                0x0000047f   Thumb Code     0  libshutdown2.o(.ARM.Collect$$libshutdown$$00000004)
    __rt_lib_shutdown_user_alloc_1           0x0000047f   Thumb Code     0  libshutdown2.o(.ARM.Collect$$libshutdown$$0000000C)
    __rt_entry                               0x00000481   Thumb Code     0  __rtentry.o(.ARM.Collect$$rtentry$$00000000)
    __rt_entry_presh_1                       0x00000481   Thumb Code     0  __rtentry2.o(.ARM.Collect$$rtentry$$00000002)
    __rt_entry_sh                            0x00000481   Thumb Code     0  __rtentry4.o(.ARM.Collect$$rtentry$$00000004)
    __rt_entry_li                            0x00000487   Thumb Code     0  __rtentry2.o(.ARM.Collect$$rtentry$$0000000A)
    __rt_entry_postsh_1                      0x00000487   Thumb Code     0  __rtentry2.o(.ARM.Collect$$rtentry$$00000009)
    __rt_entry_main                          0x0000048b   Thumb Code     0  __rtentry2.o(.ARM.Collect$$rtentry$$0000000D)
    __rt_entry_postli_1                      0x0000048b   Thumb Code     0  __rtentry2.o(.ARM.Collect$$rtentry$$0000000C)
    __rt_exit                                0x00000493   Thumb Code     0  rtexit.o(.ARM.Collect$$rtexit$$00000000)
    __rt_exit_ls                             0x00000495   Thumb Code     0  rtexit2.o(.ARM.Collect$$rtexit$$00000003)
    __rt_exit_prels_1                        0x00000495   Thumb Code     0  rtexit2.o(.ARM.Collect$$rtexit$$00000002)
    __rt_exit_exit                           0x00000499   Thumb Code     0  rtexit2.o(.ARM.Collect$$rtexit$$00000004)
    __asm___11_nrf_delay_c_532987f3__nrf_delay_us 0x000004a1   Thumb Code   118  nrf_delay.o(.emb_text)
    Reset_Handler                            0x00000519   Thumb Code     8  arm_startup_nrf52.o(.text)
    NMI_Handler                              0x00000521   Thumb Code     2  arm_startup_nrf52.o(.text)
    HardFault_Handler                        0x00000523   Thumb Code     2  arm_startup_nrf52.o(.text)
    MemoryManagement_Handler                 0x00000525   Thumb Code     2  arm_startup_nrf52.o(.text)
    BusFault_Handler                         0x00000527   Thumb Code     2  arm_startup_nrf52.o(.text)
    UsageFault_Handler                       0x00000529   Thumb Code     2  arm_startup_nrf52.o(.text)
    SVC_Handler                              0x0000052b   Thumb Code     2  arm_startup_nrf52.o(.text)
    DebugMonitor_Handler                     0x0000052d   Thumb Code     2  arm_startup_nrf52.o(.text)
    PendSV_Handler                           0x0000052f   Thumb Code     2  arm_startup_nrf52.o(.text)
    SysTick_Handler                          0x00000531   Thumb Code     2  arm_startup_nrf52.o(.text)
    CCM_AAR_IRQHandler                       0x00000533   Thumb Code     0  arm_startup_nrf52.o(.text)
    COMP_LPCOMP_IRQHandler                   0x00000533   Thumb Code     0  arm_startup_nrf52.o(.text)
    ECB_IRQHandler                           0x00000533   Thumb Code     0  arm_startup_nrf52.o(.text)
    FPU_IRQHandler                           0x00000533   Thumb Code     0  arm_startup_nrf52.o(.text)
    GPIOTE_IRQHandler                        0x00000533   Thumb Code     0  arm_startup_nrf52.o(.text)
    I2S_IRQHandler                           0x00000533   Thumb Code     0  arm_startup_nrf52.o(.text)
    MWU_IRQHandler                           0x00000533   Thumb Code     0  arm_startup_nrf52.o(.text)
    NFCT_IRQHandler                          0x00000533   Thumb Code     0  arm_startup_nrf52.o(.text)
    PDM_IRQHandler                           0x00000533   Thumb Code     0  arm_startup_nrf52.o(.text)
    POWER_CLOCK_IRQHandler                   0x00000533   Thumb Code     0  arm_startup_nrf52.o(.text)
    PWM0_IRQHandler                          0x00000533   Thumb Code     0  arm_startup_nrf52.o(.text)
    PWM1_IRQHandler                          0x00000533   Thumb Code     0  arm_startup_nrf52.o(.text)
    PWM2_IRQHandler                          0x00000533   Thumb Code     0  arm_startup_nrf52.o(.text)
    QDEC_IRQHandler                          0x00000533   Thumb Code     0  arm_startup_nrf52.o(.text)
    RADIO_IRQHandler                         0x00000533   Thumb Code     0  arm_startup_nrf52.o(.text)
    RNG_IRQHandler                           0x00000533   Thumb Code     0  arm_startup_nrf52.o(.text)
    RTC0_IRQHandler                          0x00000533   Thumb Code     0  arm_startup_nrf52.o(.text)
    RTC1_IRQHandler                          0x00000533   Thumb Code     0  arm_startup_nrf52.o(.text)
    RTC2_IRQHandler                          0x00000533   Thumb Code     0  arm_startup_nrf52.o(.text)
    SAADC_IRQHandler                         0x00000533   Thumb Code     0  arm_startup_nrf52.o(.text)
    SPIM1_SPIS1_TWIM1_TWIS1_SPI1_TWI1_IRQHandler 0x00000533   Thumb Code     0  arm_startup_nrf52.o(.text)
    SPIM2_SPIS2_SPI2_IRQHandler              0x00000533   Thumb Code     0  arm_startup_nrf52.o(.text)
    SWI0_EGU0_IRQHandler                     0x00000533   Thumb Code     0  arm_startup_nrf52.o(.text)
    SWI1_EGU1_IRQHandler                     0x00000533   Thumb Code     0  arm_startup_nrf52.o(.text)
    SWI2_EGU2_IRQHandler                     0x00000533   Thumb Code     0  arm_startup_nrf52.o(.text)
    SWI3_EGU3_IRQHandler                     0x00000533   Thumb Code     0  arm_startup_nrf52.o(.text)
    SWI4_EGU4_IRQHandler                     0x00000533   Thumb Code     0  arm_startup_nrf52.o(.text)
    SWI5_EGU5_IRQHandler                     0x00000533   Thumb Code     0  arm_startup_nrf52.o(.text)
    TEMP_IRQHandler                          0x00000533   Thumb Code     0  arm_startup_nrf52.o(.text)
    TIMER0_IRQHandler                        0x00000533   Thumb Code     0  arm_startup_nrf52.o(.text)
    TIMER1_IRQHandler                        0x00000533   Thumb Code     0  arm_startup_nrf52.o(.text)
    TIMER2_IRQHandler                        0x00000533   Thumb Code     0  arm_startup_nrf52.o(.text)
    TIMER3_IRQHandler                        0x00000533   Thumb Code     0  arm_startup_nrf52.o(.text)
    TIMER4_IRQHandler                        0x00000533   Thumb Code     0  arm_startup_nrf52.o(.text)
    WDT_IRQHandler                           0x00000533   Thumb Code     0  arm_startup_nrf52.o(.text)
    __user_initial_stackheap                 0x00000535   Thumb Code    10  arm_startup_nrf52.o(.text)
    __use_no_semihosting                     0x00000559   Thumb Code     2  use_no_semi_2.o(.text)
    __aeabi_memcpy                           0x0000055b   Thumb Code     0  rt_memcpy_v6.o(.text)
    __rt_memcpy                              0x0000055b   Thumb Code   138  rt_memcpy_v6.o(.text)
    _memcpy_lastbytes                        0x000005c1   Thumb Code     0  rt_memcpy_v6.o(.text)
    __aeabi_memcpy4                          0x000005e5   Thumb Code     0  rt_memcpy_w.o(.text)
    __aeabi_memcpy8                          0x000005e5   Thumb Code     0  rt_memcpy_w.o(.text)
    __rt_memcpy_w                            0x000005e5   Thumb Code   100  rt_memcpy_w.o(.text)
    _memcpy_lastbytes_aligned                0x0000062d   Thumb Code     0  rt_memcpy_w.o(.text)
    __use_two_region_memory                  0x00000649   Thumb Code     2  heapauxi.o(.text)
    __rt_heap_escrow                         0x0000064b   Thumb Code     2  heapauxi.o(.text)
    __rt_heap_expand                         0x0000064d   Thumb Code     2  heapauxi.o(.text)
    __semihosting$guard                      0x0000064f   Thumb Code     0  use_no_semi.o(.text)
    __use_no_semihosting_swi                 0x0000064f   Thumb Code     2  use_no_semi.o(.text)
    __user_setup_stackheap                   0x00000651   Thumb Code    74  sys_stackheap_outer.o(.text)
    exit                                     0x0000069b   Thumb Code    18  exit.o(.text)
    __user_libspace                          0x000006ad   Thumb Code     8  libspace.o(.text)
    __user_perproc_libspace                  0x000006ad   Thumb Code     0  libspace.o(.text)
    __user_perthread_libspace                0x000006ad   Thumb Code     0  libspace.o(.text)
    ADS1292R_CMD                             0x000006b5   Thumb Code    58  ads1292r.o(i.ADS1292R_CMD)
    ADS1292R_Init                            0x000006fd   Thumb Code   198  ads1292r.o(i.ADS1292R_Init)
    ADS1292R_ReadData                        0x000007dd   Thumb Code    62  ads1292r.o(i.ADS1292R_ReadData)
    ADS1292R_ReadReg                         0x00000829   Thumb Code    64  ads1292r.o(i.ADS1292R_ReadReg)
    ADS1292R_WriteReg                        0x00000875   Thumb Code   134  ads1292r.o(i.ADS1292R_WriteReg)
    SEGGER_RTT_Write                         0x00000909   Thumb Code   142  segger_rtt.o(i.SEGGER_RTT_Write)
    SEGGER_RTT_printf                        0x0000099d   Thumb Code    22  segger_rtt_printf.o(i.SEGGER_RTT_printf)
    SEGGER_RTT_vprintf                       0x000009b5   Thumb Code   402  segger_rtt_printf.o(i.SEGGER_RTT_vprintf)
    SPIM0_SPIS0_TWIM0_TWIS0_SPI0_TWI0_IRQHandler 0x00000b49   Thumb Code    48  nrf_drv_spi.o(i.SPIM0_SPIS0_TWIM0_TWIS0_SPI0_TWI0_IRQHandler)
    SPI_Init                                 0x00000b81   Thumb Code    68  ads1292r.o(i.SPI_Init)
    SystemInit                               0x00000bcd   Thumb Code   476  system_nrf52.o(i.SystemInit)
    UARTE0_UART0_IRQHandler                  0x00000dd1   Thumb Code    14  nrf_drv_uart.o(i.UARTE0_UART0_IRQHandler)
    _sys_exit                                0x00000fc3   Thumb Code     2  rtt_syscalls_keil.o(i._sys_exit)
    app_error_fault_handler                  0x00000fc5   Thumb Code    26  app_error_weak.o(i.app_error_fault_handler)
    app_error_handler_bare                   0x00000fe9   Thumb Code    22  app_error.o(i.app_error_handler_bare)
    data_deal                                0x00001001   Thumb Code    34  main.o(i.data_deal)
    main                                     0x0000102d   Thumb Code    76  main.o(i.main)
    nrf_delay_ms                             0x0000107d   Thumb Code    26  nrf_delay.o(i.nrf_delay_ms)
    nrf_drv_common_irq_enable                0x00001097   Thumb Code    56  nrf_drv_common.o(i.nrf_drv_common_irq_enable)
    nrf_drv_spi_init                         0x000010d1   Thumb Code   278  nrf_drv_spi.o(i.nrf_drv_spi_init)
    nrf_drv_spi_transfer                     0x000011f5   Thumb Code    28  nrf_drv_spi.o(i.nrf_drv_spi_transfer)
    nrf_drv_spi_xfer                         0x00001211   Thumb Code    94  nrf_drv_spi.o(i.nrf_drv_spi_xfer)
    spi_event_handler                        0x00001385   Thumb Code     8  ads1292r.o(i.spi_event_handler)
    _fp_init                                 0x00001675   Thumb Code    10  fpinit.o(x$fpl$fpinit)
    __fplib_config_fpu_vfp                   0x0000167d   Thumb Code     0  fpinit.o(x$fpl$fpinit)
    __fplib_config_pureend_doubles           0x0000167d   Thumb Code     0  fpinit.o(x$fpl$fpinit)
    Region$$Table$$Base                      0x000016c4   Number         0  anon$$obj.o(Region$$Table)
    Region$$Table$$Limit                     0x000016e4   Number         0  anon$$obj.o(Region$$Table)
    SPIReadLength                            0x20000078   Data           1  ads1292r.o(.data)
    SPIWriteLength                           0x20000079   Data           1  ads1292r.o(.data)
    SystemCoreClock                          0x2000007c   Data           4  system_nrf52.o(.data)
    SPI_Tx_Buf                               0x200004d0   Data          10  ads1292r.o(.bss)
    SPI_Rx_Buf                               0x200004da   Data          10  ads1292r.o(.bss)
    ads1292r_data_buff                       0x200004e4   Data           9  ads1292r.o(.bss)
    __libspace_start                         0x200004f0   Data          96  libspace.o(.bss)
    __temporary_stack_top$libspace           0x20000550   Data           0  libspace.o(.bss)



==============================================================================

Memory Map of the image

  Image Entry point : 0x00000401

  Load Region LR_IROM1 (Base: 0x00000000, Size: 0x00001764, Max: 0x00080000, ABSOLUTE)

    Execution Region ER_IROM1 (Base: 0x00000000, Size: 0x000016e4, Max: 0x00080000, ABSOLUTE)

    Base Addr    Size         Type   Attr      Idx    E Section Name        Object

    0x00000000   0x00000400   Data   RO         1150    RESET               arm_startup_nrf52.o
    0x00000400   0x00000008   Code   RO         1213  * !!!main             c_w.l(__main.o)
    0x00000408   0x00000034   Code   RO         1501    !!!scatter          c_w.l(__scatter.o)
    0x0000043c   0x0000001a   Code   RO         1503    !!handler_copy      c_w.l(__scatter_copy.o)
    0x00000456   0x00000002   PAD
    0x00000458   0x0000001c   Code   RO         1505    !!handler_zi        c_w.l(__scatter_zi.o)
    0x00000474   0x00000002   Code   RO         1428    .ARM.Collect$$libinit$$00000000  c_w.l(libinit.o)
    0x00000476   0x00000004   Code   RO         1318    .ARM.Collect$$libinit$$00000001  c_w.l(libinit2.o)
    0x0000047a   0x00000000   Code   RO         1321    .ARM.Collect$$libinit$$00000004  c_w.l(libinit2.o)
    0x0000047a   0x00000000   Code   RO         1324    .ARM.Collect$$libinit$$0000000A  c_w.l(libinit2.o)
    0x0000047a   0x00000000   Code   RO         1326    .ARM.Collect$$libinit$$0000000C  c_w.l(libinit2.o)
    0x0000047a   0x00000000   Code   RO         1328    .ARM.Collect$$libinit$$0000000E  c_w.l(libinit2.o)
    0x0000047a   0x00000000   Code   RO         1331    .ARM.Collect$$libinit$$00000011  c_w.l(libinit2.o)
    0x0000047a   0x00000000   Code   RO         1333    .ARM.Collect$$libinit$$00000013  c_w.l(libinit2.o)
    0x0000047a   0x00000000   Code   RO         1335    .ARM.Collect$$libinit$$00000015  c_w.l(libinit2.o)
    0x0000047a   0x00000000   Code   RO         1337    .ARM.Collect$$libinit$$00000017  c_w.l(libinit2.o)
    0x0000047a   0x00000000   Code   RO         1339    .ARM.Collect$$libinit$$00000019  c_w.l(libinit2.o)
    0x0000047a   0x00000000   Code   RO         1341    .ARM.Collect$$libinit$$0000001B  c_w.l(libinit2.o)
    0x0000047a   0x00000000   Code   RO         1343    .ARM.Collect$$libinit$$0000001D  c_w.l(libinit2.o)
    0x0000047a   0x00000000   Code   RO         1345    .ARM.Collect$$libinit$$0000001F  c_w.l(libinit2.o)
    0x0000047a   0x00000000   Code   RO         1347    .ARM.Collect$$libinit$$00000021  c_w.l(libinit2.o)
    0x0000047a   0x00000000   Code   RO         1349    .ARM.Collect$$libinit$$00000023  c_w.l(libinit2.o)
    0x0000047a   0x00000000   Code   RO         1351    .ARM.Collect$$libinit$$00000025  c_w.l(libinit2.o)
    0x0000047a   0x00000000   Code   RO         1355    .ARM.Collect$$libinit$$0000002C  c_w.l(libinit2.o)
    0x0000047a   0x00000000   Code   RO         1357    .ARM.Collect$$libinit$$0000002E  c_w.l(libinit2.o)
    0x0000047a   0x00000000   Code   RO         1359    .ARM.Collect$$libinit$$00000030  c_w.l(libinit2.o)
    0x0000047a   0x00000000   Code   RO         1361    .ARM.Collect$$libinit$$00000032  c_w.l(libinit2.o)
    0x0000047a   0x00000002   Code   RO         1362    .ARM.Collect$$libinit$$00000033  c_w.l(libinit2.o)
    0x0000047c   0x00000002   Code   RO         1498    .ARM.Collect$$libshutdown$$00000000  c_w.l(libshutdown.o)
    0x0000047e   0x00000000   Code   RO         1364    .ARM.Collect$$libshutdown$$00000002  c_w.l(libshutdown2.o)
    0x0000047e   0x00000000   Code   RO         1366    .ARM.Collect$$libshutdown$$00000004  c_w.l(libshutdown2.o)
    0x0000047e   0x00000000   Code   RO         1369    .ARM.Collect$$libshutdown$$00000007  c_w.l(libshutdown2.o)
    0x0000047e   0x00000000   Code   RO         1372    .ARM.Collect$$libshutdown$$0000000A  c_w.l(libshutdown2.o)
    0x0000047e   0x00000000   Code   RO         1374    .ARM.Collect$$libshutdown$$0000000C  c_w.l(libshutdown2.o)
    0x0000047e   0x00000000   Code   RO         1377    .ARM.Collect$$libshutdown$$0000000F  c_w.l(libshutdown2.o)
    0x0000047e   0x00000002   Code   RO         1378    .ARM.Collect$$libshutdown$$00000010  c_w.l(libshutdown2.o)
    0x00000480   0x00000000   Code   RO         1217    .ARM.Collect$$rtentry$$00000000  c_w.l(__rtentry.o)
    0x00000480   0x00000000   Code   RO         1230    .ARM.Collect$$rtentry$$00000002  c_w.l(__rtentry2.o)
    0x00000480   0x00000006   Code   RO         1242    .ARM.Collect$$rtentry$$00000004  c_w.l(__rtentry4.o)
    0x00000486   0x00000000   Code   RO         1232    .ARM.Collect$$rtentry$$00000009  c_w.l(__rtentry2.o)
    0x00000486   0x00000004   Code   RO         1233    .ARM.Collect$$rtentry$$0000000A  c_w.l(__rtentry2.o)
    0x0000048a   0x00000000   Code   RO         1235    .ARM.Collect$$rtentry$$0000000C  c_w.l(__rtentry2.o)
    0x0000048a   0x00000008   Code   RO         1236    .ARM.Collect$$rtentry$$0000000D  c_w.l(__rtentry2.o)
    0x00000492   0x00000002   Code   RO         1434    .ARM.Collect$$rtexit$$00000000  c_w.l(rtexit.o)
    0x00000494   0x00000000   Code   RO         1464    .ARM.Collect$$rtexit$$00000002  c_w.l(rtexit2.o)
    0x00000494   0x00000004   Code   RO         1465    .ARM.Collect$$rtexit$$00000003  c_w.l(rtexit2.o)
    0x00000498   0x00000006   Code   RO         1466    .ARM.Collect$$rtexit$$00000004  c_w.l(rtexit2.o)
    0x0000049e   0x00000002   PAD
    0x000004a0   0x00000076   Code   RO          185    .emb_text           nrf_delay.o
    0x00000516   0x00000002   PAD
    0x00000518   0x00000040   Code   RO         1151    .text               arm_startup_nrf52.o
    0x00000558   0x00000002   Code   RO         1193    .text               c_w.l(use_no_semi_2.o)
    0x0000055a   0x0000008a   Code   RO         1205    .text               c_w.l(rt_memcpy_v6.o)
    0x000005e4   0x00000064   Code   RO         1207    .text               c_w.l(rt_memcpy_w.o)
    0x00000648   0x00000006   Code   RO         1211    .text               c_w.l(heapauxi.o)
    0x0000064e   0x00000002   Code   RO         1215    .text               c_w.l(use_no_semi.o)
    0x00000650   0x0000004a   Code   RO         1379    .text               c_w.l(sys_stackheap_outer.o)
    0x0000069a   0x00000012   Code   RO         1415    .text               c_w.l(exit.o)
    0x000006ac   0x00000008   Code   RO         1431    .text               c_w.l(libspace.o)
    0x000006b4   0x00000048   Code   RO         1061    i.ADS1292R_CMD      ads1292r.o
    0x000006fc   0x000000e0   Code   RO         1063    i.ADS1292R_Init     ads1292r.o
    0x000007dc   0x0000004c   Code   RO         1064    i.ADS1292R_ReadData  ads1292r.o
    0x00000828   0x0000004c   Code   RO         1065    i.ADS1292R_ReadReg  ads1292r.o
    0x00000874   0x00000094   Code   RO         1066    i.ADS1292R_WriteReg  ads1292r.o
    0x00000908   0x00000094   Code   RO          642    i.SEGGER_RTT_Write  segger_rtt.o
    0x0000099c   0x00000016   Code   RO          706    i.SEGGER_RTT_printf  segger_rtt_printf.o
    0x000009b2   0x00000002   PAD
    0x000009b4   0x00000192   Code   RO          707    i.SEGGER_RTT_vprintf  segger_rtt_printf.o
    0x00000b46   0x00000002   PAD
    0x00000b48   0x00000038   Code   RO          459    i.SPIM0_SPIS0_TWIM0_TWIS0_SPI0_TWI0_IRQHandler  nrf_drv_spi.o
    0x00000b80   0x0000004c   Code   RO         1067    i.SPI_Init          ads1292r.o
    0x00000bcc   0x00000204   Code   RO         1159    i.SystemInit        system_nrf52.o
    0x00000dd0   0x00000014   Code   RO          217    i.UARTE0_UART0_IRQHandler  nrf_drv_uart.o
    0x00000de4   0x000000c2   Code   RO          708    i._PrintInt         segger_rtt_printf.o
    0x00000ea6   0x00000002   PAD
    0x00000ea8   0x000000dc   Code   RO          709    i._PrintUnsigned    segger_rtt_printf.o
    0x00000f84   0x0000003e   Code   RO          710    i._StoreChar        segger_rtt_printf.o
    0x00000fc2   0x00000002   Code   RO          541    i._sys_exit         rtt_syscalls_keil.o
    0x00000fc4   0x00000024   Code   RO          998    i.app_error_fault_handler  app_error_weak.o
    0x00000fe8   0x00000016   Code   RO          868    i.app_error_handler_bare  app_error.o
    0x00000ffe   0x00000002   PAD
    0x00001000   0x0000002c   Code   RO            5    i.data_deal         main.o
    0x0000102c   0x00000050   Code   RO            6    i.main              main.o
    0x0000107c   0x0000001a   Code   RO          186    i.nrf_delay_ms      nrf_delay.o
    0x00001096   0x00000038   Code   RO          428    i.nrf_drv_common_irq_enable  nrf_drv_common.o
    0x000010ce   0x00000002   PAD
    0x000010d0   0x00000124   Code   RO          460    i.nrf_drv_spi_init  nrf_drv_spi.o
    0x000011f4   0x0000001c   Code   RO          461    i.nrf_drv_spi_transfer  nrf_drv_spi.o
    0x00001210   0x00000068   Code   RO          463    i.nrf_drv_spi_xfer  nrf_drv_spi.o
    0x00001278   0x00000022   Code   RO            7    i.nrf_gpio_cfg      main.o
    0x0000129a   0x00000022   Code   RO          464    i.nrf_gpio_cfg      nrf_drv_spi.o
    0x000012bc   0x00000014   Code   RO            8    i.nrf_gpio_cfg_output  main.o
    0x000012d0   0x00000014   Code   RO          465    i.nrf_gpio_cfg_output  nrf_drv_spi.o
    0x000012e4   0x00000010   Code   RO         1068    i.nrf_gpio_pin_clear  ads1292r.o
    0x000012f4   0x00000010   Code   RO          466    i.nrf_gpio_pin_set  nrf_drv_spi.o
    0x00001304   0x00000010   Code   RO         1069    i.nrf_gpio_pin_set  ads1292r.o
    0x00001314   0x0000000a   Code   RO          236    i.nrf_uart_event_check  nrf_drv_uart.o
    0x0000131e   0x0000000c   Code   RO          237    i.nrf_uart_int_enable_check  nrf_drv_uart.o
    0x0000132a   0x0000000a   Code   RO          238    i.nrf_uarte_event_check  nrf_drv_uart.o
    0x00001334   0x00000030   Code   RO          240    i.rx_byte           nrf_drv_uart.o
    0x00001364   0x00000020   Code   RO          241    i.rx_done_event     nrf_drv_uart.o
    0x00001384   0x0000000c   Code   RO         1070    i.spi_event_handler  ads1292r.o
    0x00001390   0x0000006e   Code   RO          467    i.spi_xfer          nrf_drv_spi.o
    0x000013fe   0x0000004e   Code   RO          468    i.transfer_byte     nrf_drv_spi.o
    0x0000144c   0x00000024   Code   RO          243    i.tx_byte           nrf_drv_uart.o
    0x00001470   0x00000024   Code   RO          244    i.tx_done_event     nrf_drv_uart.o
    0x00001494   0x00000108   Code   RO          245    i.uart_irq_handler  nrf_drv_uart.o
    0x0000159c   0x000000d8   Code   RO          246    i.uarte_irq_handler  nrf_drv_uart.o
    0x00001674   0x0000000a   Code   RO         1429    x$fpl$fpinit        fz_wm.l(fpinit.o)
    0x0000167e   0x00000002   PAD
    0x00001680   0x00000010   Data   RO          470    .constdata          nrf_drv_spi.o
    0x00001690   0x00000010   Data   RO          711    .constdata          segger_rtt_printf.o
    0x000016a0   0x00000018   Data   RO         1072    .constdata          ads1292r.o
    0x000016b8   0x00000009   Data   RO          646    .conststring        segger_rtt.o
    0x000016c1   0x00000003   PAD
    0x000016c4   0x00000020   Data   RO         1499    Region$$Table       anon$$obj.o


    Execution Region RW_IRAM1 (Base: 0x20000000, Size: 0x00004550, Max: 0x00010000, ABSOLUTE)

    Base Addr    Size         Type   Attr      Idx    E Section Name        Object

    0x20000000   0x00000078   Data   RW          647    .data               segger_rtt.o
    0x20000078   0x00000003   Data   RW         1073    .data               ads1292r.o
    0x2000007b   0x00000001   PAD
    0x2000007c   0x00000004   Data   RW         1160    .data               system_nrf52.o
    0x20000080   0x00000020   Zero   RW          247    .bss                nrf_drv_uart.o
    0x200000a0   0x00000020   Zero   RW          469    .bss                nrf_drv_spi.o
    0x200000c0   0x00000400   Zero   RW          644    .bss                segger_rtt.o
    0x200004c0   0x00000010   Zero   RW          645    .bss                segger_rtt.o
    0x200004d0   0x0000001d   Zero   RW         1071    .bss                ads1292r.o
    0x200004ed   0x00000003   PAD
    0x200004f0   0x00000060   Zero   RW         1432    .bss                c_w.l(libspace.o)
    0x20000550   0x00002000   Zero   RW         1149    HEAP                arm_startup_nrf52.o
    0x20002550   0x00002000   Zero   RW         1148    STACK               arm_startup_nrf52.o


==============================================================================

Image component sizes


      Code (inc. data)   RO Data    RW Data    ZI Data      Debug   Object Name

       716        116         24          3         29       9253   ads1292r.o
        22          0          0          0          0       2073   app_error.o
        36         10          0          0          0      27297   app_error_weak.o
        64         26       1024          0      16384        912   arm_startup_nrf52.o
       178         14          0          0          0      46219   main.o
       144          0          0          0          0       1587   nrf_delay.o
        56          0          0          0          0      27499   nrf_drv_common.o
       738         38         16          0         32      14032   nrf_drv_spi.o
       684         56          0          0         32      19320   nrf_drv_uart.o
         2          0          0          0          0        512   rtt_syscalls_keil.o
       148          6          9        120       1040       2251   segger_rtt.o
       900          4         16          0          0       6433   segger_rtt_printf.o
       516         40          0          4          0       2183   system_nrf52.o

    ----------------------------------------------------------------------
      4216        310       1124        128      17520     159571   Object Totals
         0          0         32          0          0          0   (incl. Generated)
        12          0          3          1          3          0   (incl. Padding)

    ----------------------------------------------------------------------

      Code (inc. data)   RO Data    RW Data    ZI Data      Debug   Library Member Name

         8          0          0          0          0         68   __main.o
         0          0          0          0          0          0   __rtentry.o
        12          0          0          0          0          0   __rtentry2.o
         6          0          0          0          0          0   __rtentry4.o
        52          8          0          0          0          0   __scatter.o
        26          0          0          0          0          0   __scatter_copy.o
        28          0          0          0          0          0   __scatter_zi.o
        18          0          0          0          0         80   exit.o
         6          0          0          0          0        152   heapauxi.o
         2          0          0          0          0          0   libinit.o
         6          0          0          0          0          0   libinit2.o
         2          0          0          0          0          0   libshutdown.o
         2          0          0          0          0          0   libshutdown2.o
         8          4          0          0         96         68   libspace.o
       138          0          0          0          0         68   rt_memcpy_v6.o
       100          0          0          0          0         80   rt_memcpy_w.o
         2          0          0          0          0          0   rtexit.o
        10          0          0          0          0          0   rtexit2.o
        74          0          0          0          0         80   sys_stackheap_outer.o
         2          0          0          0          0         68   use_no_semi.o
         2          0          0          0          0         68   use_no_semi_2.o
        10          0          0          0          0        116   fpinit.o

    ----------------------------------------------------------------------
       520         12          0          0         96        848   Library Totals
         6          0          0          0          0          0   (incl. Padding)

    ----------------------------------------------------------------------

      Code (inc. data)   RO Data    RW Data    ZI Data      Debug   Library Name

       504         12          0          0         96        732   c_w.l
        10          0          0          0          0        116   fz_wm.l

    ----------------------------------------------------------------------
       520         12          0          0         96        848   Library Totals

    ----------------------------------------------------------------------

==============================================================================


      Code (inc. data)   RO Data    RW Data    ZI Data      Debug   

      4736        322       1124        128      17616     156159   Grand Totals
      4736        322       1124        128      17616     156159   ELF Image Totals
      4736        322       1124        128          0          0   ROM Totals

==============================================================================

    Total RO  Size (Code + RO Data)                 5860 (   5.72kB)
    Total RW  Size (RW Data + ZI Data)             17744 (  17.33kB)
    Total ROM Size (Code + RO Data + RW Data)       5988 (   5.85kB)

==============================================================================

