Component: ARM Compiler 5.06 update 1 (build 61) Tool: armlink [4d35a8]

==============================================================================

Section Cross References

    main.o(i.main) refers to twi_hw_master.o(i.twi_master_init) for twi_master_init
    main.o(i.main) refers to segger_rtt.o(i.SEGGER_RTT_ConfigUpBuffer) for SEGGER_RTT_ConfigUpBuffer
    main.o(i.main) refers to nrf_delay.o(i.nrf_delay_ms) for nrf_delay_ms
    main.o(i.main) refers to max30102.o(i.max30102_init) for max30102_init
    main.o(i.main) refers to main.o(i.max30102_read_event_init) for max30102_read_event_init
    main.o(i.max30102_read_event_init) refers to nrf_drv_timer.o(i.nrf_drv_timer_init) for nrf_drv_timer_init
    main.o(i.max30102_read_event_init) refers to app_error.o(i.app_error_handler_bare) for app_error_handler_bare
    main.o(i.max30102_read_event_init) refers to nrf_drv_timer.o(i.nrf_drv_timer_extended_compare) for nrf_drv_timer_extended_compare
    main.o(i.max30102_read_event_init) refers to nrf_drv_timer.o(i.nrf_drv_timer_enable) for nrf_drv_timer_enable
    main.o(i.max30102_read_event_init) refers to main.o(.constdata) for .constdata
    main.o(i.max30102_read_event_init) refers to main.o(i.timer_handler) for timer_handler
    main.o(i.timer_handler) refers to max30102.o(i.max30102_register_read) for max30102_register_read
    main.o(i.timer_handler) refers to segger_rtt_printf.o(i.SEGGER_RTT_printf) for SEGGER_RTT_printf
    main.o(i.timer_handler) refers to main.o(.data) for temp
    nrf_delay.o(i.nrf_delay_ms) refers to nrf_delay.o(.emb_text) for __asm___11_nrf_delay_c_532987f3__nrf_delay_us
    nrf_drv_uart.o(i.UARTE0_UART0_IRQHandler) refers to nrf_drv_uart.o(i.uarte_irq_handler) for uarte_irq_handler
    nrf_drv_uart.o(i.UARTE0_UART0_IRQHandler) refers to nrf_drv_uart.o(i.uart_irq_handler) for uart_irq_handler
    nrf_drv_uart.o(i.UARTE0_UART0_IRQHandler) refers to nrf_drv_uart.o(.bss) for m_cb
    nrf_drv_uart.o(i.apply_config) refers to nrf_drv_uart.o(i.nrf_gpio_pin_set) for nrf_gpio_pin_set
    nrf_drv_uart.o(i.apply_config) refers to nrf_drv_uart.o(i.nrf_gpio_cfg_output) for nrf_gpio_cfg_output
    nrf_drv_uart.o(i.apply_config) refers to nrf_drv_uart.o(i.nrf_gpio_cfg_input) for nrf_gpio_cfg_input
    nrf_drv_uart.o(i.apply_config) refers to nrf_drv_uart.o(i.nrf_uarte_txrx_pins_set) for nrf_uarte_txrx_pins_set
    nrf_drv_uart.o(i.apply_config) refers to nrf_drv_uart.o(i.nrf_uarte_hwfc_pins_set) for nrf_uarte_hwfc_pins_set
    nrf_drv_uart.o(i.apply_config) refers to nrf_drv_uart.o(i.nrf_uart_txrx_pins_set) for nrf_uart_txrx_pins_set
    nrf_drv_uart.o(i.apply_config) refers to nrf_drv_uart.o(i.nrf_uart_hwfc_pins_set) for nrf_uart_hwfc_pins_set
    nrf_drv_uart.o(i.apply_config) refers to nrf_drv_uart.o(.bss) for m_cb
    nrf_drv_uart.o(i.nrf_drv_uart_errorsrc_get) refers to nrf_drv_uart.o(i.nrf_uarte_event_clear) for nrf_uarte_event_clear
    nrf_drv_uart.o(i.nrf_drv_uart_errorsrc_get) refers to nrf_drv_uart.o(i.nrf_uarte_errorsrc_get_and_clear) for nrf_uarte_errorsrc_get_and_clear
    nrf_drv_uart.o(i.nrf_drv_uart_errorsrc_get) refers to nrf_drv_uart.o(i.nrf_uart_event_clear) for nrf_uart_event_clear
    nrf_drv_uart.o(i.nrf_drv_uart_errorsrc_get) refers to nrf_drv_uart.o(i.nrf_uart_errorsrc_get_and_clear) for nrf_uart_errorsrc_get_and_clear
    nrf_drv_uart.o(i.nrf_drv_uart_errorsrc_get) refers to nrf_drv_uart.o(.bss) for m_cb
    nrf_drv_uart.o(i.nrf_drv_uart_init) refers to nrf_drv_uart.o(i.apply_config) for apply_config
    nrf_drv_uart.o(i.nrf_drv_uart_init) refers to nrf_drv_uart.o(i.nrf_uarte_event_clear) for nrf_uarte_event_clear
    nrf_drv_uart.o(i.nrf_drv_uart_init) refers to nrf_drv_uart.o(i.nrf_uarte_int_enable) for nrf_uarte_int_enable
    nrf_drv_uart.o(i.nrf_drv_uart_init) refers to nrf_drv_uart.o(i.nrf_uart_event_clear) for nrf_uart_event_clear
    nrf_drv_uart.o(i.nrf_drv_uart_init) refers to nrf_drv_uart.o(i.nrf_uart_int_enable) for nrf_uart_int_enable
    nrf_drv_uart.o(i.nrf_drv_uart_init) refers to nrf_drv_common.o(i.nrf_drv_common_irq_enable) for nrf_drv_common_irq_enable
    nrf_drv_uart.o(i.nrf_drv_uart_init) refers to nrf_drv_uart.o(.bss) for m_cb
    nrf_drv_uart.o(i.nrf_drv_uart_init) refers to nrf_drv_uart.o(.constdata) for m_default_config
    nrf_drv_uart.o(i.nrf_drv_uart_rx) refers to nrf_drv_uart.o(i.nrf_uarte_int_disable) for nrf_uarte_int_disable
    nrf_drv_uart.o(i.nrf_drv_uart_rx) refers to nrf_drv_uart.o(i.nrf_uart_int_disable) for nrf_uart_int_disable
    nrf_drv_uart.o(i.nrf_drv_uart_rx) refers to nrf_drv_uart.o(i.nrf_uarte_int_enable) for nrf_uarte_int_enable
    nrf_drv_uart.o(i.nrf_drv_uart_rx) refers to nrf_drv_uart.o(i.nrf_uart_int_enable) for nrf_uart_int_enable
    nrf_drv_uart.o(i.nrf_drv_uart_rx) refers to nrf_drv_uart.o(i.nrf_drv_uart_rx_for_uarte) for nrf_drv_uart_rx_for_uarte
    nrf_drv_uart.o(i.nrf_drv_uart_rx) refers to nrf_drv_uart.o(i.nrf_drv_uart_rx_for_uart) for nrf_drv_uart_rx_for_uart
[...]
    heap2mt.o(i._realloc$realtime$concurrent) refers to fdtree.o(i._FDTree_Delete) for _FDTree_Delete
    heap2mt.o(i._realloc$realtime$concurrent) refers to rt_memcpy_w.o(.text) for __aeabi_memcpy4
    ftell.o(.text) refers to rt_errno_addr_intlibspace.o(.text) for __aeabi_errno_addr
    fopen.o(.text) refers to fclose.o(.text) for _fclose_internal
    fopen.o(.text) refers to rtt_syscalls_keil.o(i._sys_open) for _sys_open
    fopen.o(.text) refers to fseek.o(.text) for _fseek
    fopen.o(.text) refers to h1_alloc.o(.text) for malloc
    fopen.o(.text) refers to rt_memclr_w.o(.text) for __aeabi_memclr4
    fopen.o(.text) refers to stdio_streams.o(.bss) for __stdin
    fclose.o(.text) refers to stdio.o(.text) for _fflush
    fclose.o(.text) refers to rtt_syscalls_keil.o(i._sys_close) for _sys_close
    fclose.o(.text) refers to h1_free.o(.text) for free
    fclose.o(.text) refers to rt_memclr_w.o(.text) for __aeabi_memclr4
    fopen_locked.o(.text) refers to fclose.o(.text) for _fclose_internal
    fopen_locked.o(.text) refers to rtt_syscalls_keil.o(i._sys_open) for _sys_open
    fopen_locked.o(.text) refers to fseek.o(.text) for _fseek
    fopen_locked.o(.text) refers to h1_alloc.o(.text) for malloc
    fopen_locked.o(.text) refers to rt_memclr_w.o(.text) for __aeabi_memclr4
    fopen_locked.o(.text) refers to streamlock.o(.data) for _stream_list_lock
    fopen_locked.o(.text) refers to stdio_streams.o(.bss) for __stdin
    defsig_rtred_outer.o(.text) refers to defsig_rtred_inner.o(.text) for __rt_SIGRTRED_inner
    defsig_rtred_outer.o(.text) refers to defsig_exit.o(.text) for __sig_exit
    defsig_rtred_formal.o(.text) refers to rt_raise.o(.text) for __rt_raise
    libinit2.o(.ARM.Collect$$libinit$$00000001) refers to fpinit.o(x$fpl$fpinit) for _fp_init
    libinit2.o(.ARM.Collect$$libinit$$00000005) refers (Weak) to init_alloc.o(.text) for _init_alloc
    libinit2.o(.ARM.Collect$$libinit$$00000010) refers to libinit2.o(.ARM.Collect$$libinit$$0000000F) for .ARM.Collect$$libinit$$0000000F
    libinit2.o(.ARM.Collect$$libinit$$00000012) refers to libinit2.o(.ARM.Collect$$libinit$$0000000F) for .ARM.Collect$$libinit$$0000000F
    libinit2.o(.ARM.Collect$$libinit$$00000014) refers to libinit2.o(.ARM.Collect$$libinit$$0000000F) for .ARM.Collect$$libinit$$0000000F
    libinit2.o(.ARM.Collect$$libinit$$00000016) refers to libinit2.o(.ARM.Collect$$libinit$$0000000F) for .ARM.Collect$$libinit$$0000000F
    libinit2.o(.ARM.Collect$$libinit$$00000018) refers to libinit2.o(.ARM.Collect$$libinit$$0000000F) for .ARM.Collect$$libinit$$0000000F
    libinit2.o(.ARM.Collect$$libinit$$00000024) refers (Weak) to initio.o(.text) for _initio
    libinit2.o(.ARM.Collect$$libinit$$00000026) refers to argv_veneer.o(.emb_text) for __ARM_argv_veneer
    libinit2.o(.ARM.Collect$$libinit$$00000027) refers to argv_veneer.o(.emb_text) for __ARM_argv_veneer
    libshutdown2.o(.ARM.Collect$$libshutdown$$00000003) refers (Weak) to initio.o(.text) for _terminateio
    libshutdown2.o(.ARM.Collect$$libshutdown$$0000000D) refers (Weak) to term_alloc.o(.text) for _terminate_alloc
    sys_stackheap_outer.o(.text) refers to libspace.o(.text) for __user_perproc_libspace
    sys_stackheap_outer.o(.text) refers to arm_startup_nrf52.o(.text) for __user_initial_stackheap
    rt_raise.o(.text) refers to __raise.o(.text) for __raise
    rt_raise.o(.text) refers to rtt_syscalls_keil.o(i._sys_exit) for _sys_exit
    rt_heap_descriptor.o(.text) refers to rt_heap_descriptor.o(.bss) for __rt_heap_descriptor_data
    rt_heap_descriptor_intlibspace.o(.text) refers to libspace.o(.bss) for __libspace_start
    rt_errno_addr.o(.text) refers to rt_errno_addr.o(.bss) for __aeabi_errno_addr_data
    rt_errno_addr_intlibspace.o(.text) refers to libspace.o(.bss) for __libspace_start
    init_alloc.o(.text) refers (Special) to hguard.o(.text) for __heap$guard
    init_alloc.o(.text) refers (Special) to libinit2.o(.ARM.Collect$$libinit$$00000005) for __rt_lib_init_heap_2
    init_alloc.o(.text) refers (Special) to maybetermalloc1.o(.emb_text) for _maybe_terminate_alloc
    init_alloc.o(.text) refers to h1_extend.o(.text) for __Heap_ProvideMemory
    init_alloc.o(.text) refers to defsig_rtmem_outer.o(.text) for __rt_SIGRTMEM
    init_alloc.o(.text) refers to rt_heap_descriptor_intlibspace.o(.text) for __rt_heap_descriptor
    init_alloc.o(.text) refers to h1_init.o(.text) for __Heap_Initialize
    malloc.o(.text) refers (Special) to hguard.o(.text) for __heap$guard
    malloc.o(.text) refers (Special) to init_alloc.o(.text) for _init_alloc
    malloc.o(.text) refers to rt_heap_descriptor_intlibspace.o(.text) for __rt_heap_descriptor
    malloc.o(.text) refers to heapstubs.o(.text) for __Heap_Alloc
    h1_alloc.o(.text) refers (Special) to h1_init.o(.text) for __Heap_Initialize
    h1_alloc.o(.text) refers to rt_heap_descriptor_intlibspace.o(.text) for __rt_heap_descriptor
    h1_alloc.o(.text) refers to init_alloc.o(.text) for __Heap_Full
    h1_alloc_mt.o(.text) refers (Special) to h1_init.o(.text) for __Heap_Initialize
    h1_alloc_mt.o(.text) refers to init_alloc.o(.text) for __Heap_Full
    h1_alloc_mt.o(.text) refers to rt_heap_descriptor_intlibspace.o(.text) for __rt_heap_descriptor
    exit.o(.text) refers to rtexit.o(.ARM.Collect$$rtexit$$00000000) for __rt_exit
    defsig_exit.o(.text) refers to rtt_syscalls_keil.o(i._sys_exit) for _sys_exit
    defsig_rtred_inner.o(.text) refers to defsig_general.o(.text) for __default_signal_display
    argv_veneer.o(.emb_text) refers to no_argv.o(.text) for __ARM_get_argv
    libinit.o(.ARM.Collect$$libinit$$00000000) refers (Special) to libinit2.o(.ARM.Collect$$libinit$$0000002E) for __rt_lib_init_alloca_1
    libinit.o(.ARM.Collect$$libinit$$00000000) refers (Special) to libinit2.o(.ARM.Collect$$libinit$$0000002C) for __rt_lib_init_argv_1
    libinit.o(.ARM.Collect$$libinit$$00000000) refers (Special) to libinit2.o(.ARM.Collect$$libinit$$0000001B) for __rt_lib_init_atexit_1
    libinit.o(.ARM.Collect$$libinit$$00000000) refers (Special) to libinit2.o(.ARM.Collect$$libinit$$00000021) for __rt_lib_init_clock_1
    libinit.o(.ARM.Collect$$libinit$$00000000) refers (Special) to libinit2.o(.ARM.Collect$$libinit$$00000032) for __rt_lib_init_cpp_1
    libinit.o(.ARM.Collect$$libinit$$00000000) refers (Special) to libinit2.o(.ARM.Collect$$libinit$$00000030) for __rt_lib_init_exceptions_1
    libinit.o(.ARM.Collect$$libinit$$00000000) refers (Special) to libinit2.o(.ARM.Collect$$libinit$$00000001) for __rt_lib_init_fp_1
    libinit.o(.ARM.Collect$$libinit$$00000000) refers (Special) to libinit2.o(.ARM.Collect$$libinit$$0000001F) for __rt_lib_init_fp_trap_1
    libinit.o(.ARM.Collect$$libinit$$00000000) refers (Special) to libinit2.o(.ARM.Collect$$libinit$$00000023) for __rt_lib_init_getenv_1
    libinit.o(.ARM.Collect$$libinit$$00000000) refers (Special) to libinit2.o(.ARM.Collect$$libinit$$0000000A) for __rt_lib_init_heap_1
    libinit.o(.ARM.Collect$$libinit$$00000000) refers (Special) to libinit2.o(.ARM.Collect$$libinit$$00000011) for __rt_lib_init_lc_collate_1
    libinit.o(.ARM.Collect$$libinit$$00000000) refers (Special) to libinit2.o(.ARM.Collect$$libinit$$00000013) for __rt_lib_init_lc_ctype_1
    libinit.o(.ARM.Collect$$libinit$$00000000) refers (Special) to libinit2.o(.ARM.Collect$$libinit$$00000015) for __rt_lib_init_lc_monetary_1
    libinit.o(.ARM.Collect$$libinit$$00000000) refers (Special) to libinit2.o(.ARM.Collect$$libinit$$00000017) for __rt_lib_init_lc_numeric_1
    libinit.o(.ARM.Collect$$libinit$$00000000) refers (Special) to libinit2.o(.ARM.Collect$$libinit$$00000019) for __rt_lib_init_lc_time_1
    libinit.o(.ARM.Collect$$libinit$$00000000) refers (Special) to libinit2.o(.ARM.Collect$$libinit$$00000004) for __rt_lib_init_preinit_1
    libinit.o(.ARM.Collect$$libinit$$00000000) refers (Special) to libinit2.o(.ARM.Collect$$libinit$$0000000E) for __rt_lib_init_rand_1
    libinit.o(.ARM.Collect$$libinit$$00000000) refers (Special) to libinit2.o(.ARM.Collect$$libinit$$00000033) for __rt_lib_init_return
    libinit.o(.ARM.Collect$$libinit$$00000000) refers (Special) to libinit2.o(.ARM.Collect$$libinit$$0000001D) for __rt_lib_init_signal_1
    libinit.o(.ARM.Collect$$libinit$$00000000) refers (Special) to libinit2.o(.ARM.Collect$$libinit$$00000025) for __rt_lib_init_stdio_1
    libinit.o(.ARM.Collect$$libinit$$00000000) refers (Special) to libinit2.o(.ARM.Collect$$libinit$$0000000C) for __rt_lib_init_user_alloc_1
    libspace.o(.text) refers to libspace.o(.bss) for __libspace_start
    rtexit.o(.ARM.Collect$$rtexit$$00000000) refers (Special) to rtexit2.o(.ARM.Collect$$rtexit$$00000004) for __rt_exit_exit
    rtexit.o(.ARM.Collect$$rtexit$$00000000) refers (Special) to rtexit2.o(.ARM.Collect$$rtexit$$00000003) for __rt_exit_ls
    rtexit.o(.ARM.Collect$$rtexit$$00000000) refers (Special) to rtexit2.o(.ARM.Collect$$rtexit$$00000002) for __rt_exit_prels_1
    rtexit.o(.ARM.exidx) refers (Special) to rtexit2.o(.ARM.Collect$$rtexit$$00000004) for __rt_exit_exit
    rtexit.o(.ARM.exidx) refers (Special) to rtexit2.o(.ARM.Collect$$rtexit$$00000003) for __rt_exit_ls
    rtexit.o(.ARM.exidx) refers (Special) to rtexit2.o(.ARM.Collect$$rtexit$$00000002) for __rt_exit_prels_1
    rtexit.o(.ARM.exidx) refers to rtexit.o(.ARM.Collect$$rtexit$$00000000) for .ARM.Collect$$rtexit$$00000000
    maybetermalloc2.o(.emb_text) refers (Special) to term_alloc.o(.text) for _terminate_alloc
    h1_extend.o(.text) refers to h1_free.o(.text) for free
    h1_init_mt.o(.text) refers to mutex_dummy.o(.text) for _mutex_initialize
    h1_extend_mt.o(.text) refers to h1_free_mt.o(.text) for _free_internal
    __raise.o(.text) refers to defsig.o(CL$$defsig) for __default_signal_handler
    defsig_general.o(.text) refers to rtt_syscalls_keil.o(i._ttywrch) for _ttywrch
    defsig_rtmem_outer.o(.text) refers to defsig_rtmem_inner.o(.text) for __rt_SIGRTMEM_inner
    defsig_rtmem_outer.o(.text) refers to defsig_exit.o(.text) for __sig_exit
    defsig_rtmem_formal.o(.text) refers to rt_raise.o(.text) for __rt_raise
    heapauxa.o(.text) refers to heapauxa.o(.data) for .data
    _get_argv.o(.text) refers (Special) to hrguard.o(.text) for __heap_region$guard
    _get_argv.o(.text) refers to h1_alloc.o(.text) for malloc
    _get_argv.o(.text) refers to defsig_rtmem_outer.o(.text) for __rt_SIGRTMEM
    _get_argv.o(.text) refers to rtt_syscalls_keil.o(i._sys_command_string) for _sys_command_string
    _get_argv_nomalloc.o(.text) refers (Special) to hrguard.o(.text) for __heap_region$guard
    _get_argv_nomalloc.o(.text) refers to defsig_rtmem_outer.o(.text) for __rt_SIGRTMEM
    _get_argv_nomalloc.o(.text) refers to rtt_syscalls_keil.o(i._sys_command_string) for _sys_command_string
    rtexit2.o(.ARM.Collect$$rtexit$$00000003) refers to libshutdown.o(.ARM.Collect$$libshutdown$$00000000) for __rt_lib_shutdown
    rtexit2.o(.ARM.Collect$$rtexit$$00000004) refers to rtt_syscalls_keil.o(i._sys_exit) for _sys_exit
    rtexit2.o(.ARM.exidx) refers to rtexit2.o(.ARM.Collect$$rtexit$$00000001) for .ARM.Collect$$rtexit$$00000001
    rtexit2.o(.ARM.exidx) refers to rtexit2.o(.ARM.Collect$$rtexit$$00000003) for .ARM.Collect$$rtexit$$00000003
    rtexit2.o(.ARM.exidx) refers to rtexit2.o(.ARM.Collect$$rtexit$$00000004) for .ARM.Collect$$rtexit$$00000004
    term_alloc.o(.text) refers (Special) to libshutdown2.o(.ARM.Collect$$libshutdown$$0000000E) for __rt_lib_shutdown_heap_2
    term_alloc.o(.text) refers to rt_heap_descriptor_intlibspace.o(.text) for __rt_heap_descriptor
    term_alloc.o(.text) refers to h1_final.o(.text) for __Heap_Finalize
    defsig_rtmem_inner.o(.text) refers to defsig_general.o(.text) for __default_signal_display
    defsig.o(CL$$defsig) refers to defsig_rtred_inner.o(.text) for __rt_SIGRTRED_inner
    defsig.o(CL$$defsig) refers to defsig_rtmem_inner.o(.text) for __rt_SIGRTMEM_inner
    defsig_abrt_inner.o(.text) refers to defsig_general.o(.text) for __default_signal_display
    defsig_fpe_inner.o(.text) refers to defsig_general.o(.text) for __default_signal_display
    defsig_stak_inner.o(.text) refers to defsig_general.o(.text) for __default_signal_display
    defsig_pvfn_inner.o(.text) refers to defsig_general.o(.text) for __default_signal_display
    defsig_cppl_inner.o(.text) refers to defsig_general.o(.text) for __default_signal_display
    defsig_segv_inner.o(.text) refers to defsig_general.o(.text) for __default_signal_display
    defsig_other.o(.text) refers to defsig_general.o(.text) for __default_signal_display
    libshutdown.o(.ARM.Collect$$libshutdown$$00000000) refers (Special) to libshutdown2.o(.ARM.Collect$$libshutdown$$00000002) for __rt_lib_shutdown_cpp_1
    libshutdown.o(.ARM.Collect$$libshutdown$$00000000) refers (Special) to libshutdown2.o(.ARM.Collect$$libshutdown$$00000007) for __rt_lib_shutdown_fp_trap_1
    libshutdown.o(.ARM.Collect$$libshutdown$$00000000) refers (Special) to libshutdown2.o(.ARM.Collect$$libshutdown$$0000000F) for __rt_lib_shutdown_heap_1
    libshutdown.o(.ARM.Collect$$libshutdown$$00000000) refers (Special) to libshutdown2.o(.ARM.Collect$$libshutdown$$00000010) for __rt_lib_shutdown_return
    libshutdown.o(.ARM.Collect$$libshutdown$$00000000) refers (Special) to libshutdown2.o(.ARM.Collect$$libshutdown$$0000000A) for __rt_lib_shutdown_signal_1
    libshutdown.o(.ARM.Collect$$libshutdown$$00000000) refers (Special) to libshutdown2.o(.ARM.Collect$$libshutdown$$00000004) for __rt_lib_shutdown_stdio_1
    libshutdown.o(.ARM.Collect$$libshutdown$$00000000) refers (Special) to libshutdown2.o(.ARM.Collect$$libshutdown$$0000000C) for __rt_lib_shutdown_user_alloc_1


==============================================================================

Removing Unused input sections from the image.

    Removing main.o(.rev16_text), (4 bytes).
    Removing main.o(.revsh_text), (4 bytes).
    Removing main.o(.rrx_text), (6 bytes).
    Removing main.o(.emb_text), (118 bytes).
    Removing nrf_delay.o(.rev16_text), (4 bytes).
    Removing nrf_delay.o(.revsh_text), (4 bytes).
    Removing nrf_delay.o(.rrx_text), (6 bytes).
    Removing nrf_drv_uart.o(.rev16_text), (4 bytes).
    Removing nrf_drv_uart.o(.revsh_text), (4 bytes).
    Removing nrf_drv_uart.o(.rrx_text), (6 bytes).
    Removing nrf_drv_uart.o(i.apply_config), (188 bytes).
    Removing nrf_drv_uart.o(i.nrf_drv_uart_errorsrc_get), (60 bytes).
    Removing nrf_drv_uart.o(i.nrf_drv_uart_init), (228 bytes).
    Removing nrf_drv_uart.o(i.nrf_drv_uart_rx), (176 bytes).
    Removing nrf_drv_uart.o(i.nrf_drv_uart_rx_abort), (48 bytes).
    Removing nrf_drv_uart.o(i.nrf_drv_uart_rx_disable), (32 bytes).
    Removing nrf_drv_uart.o(i.nrf_drv_uart_rx_enable), (32 bytes).
    Removing nrf_drv_uart.o(i.nrf_drv_uart_rx_for_uart), (180 bytes).
    Removing nrf_drv_uart.o(i.nrf_drv_uart_rx_for_uarte), (180 bytes).
    Removing nrf_drv_uart.o(i.nrf_drv_uart_tx), (72 bytes).
    Removing nrf_drv_uart.o(i.nrf_drv_uart_tx_abort), (96 bytes).
    Removing nrf_drv_uart.o(i.nrf_drv_uart_tx_for_uart), (140 bytes).
    Removing nrf_drv_uart.o(i.nrf_drv_uart_tx_for_uarte), (112 bytes).
    Removing nrf_drv_uart.o(i.nrf_drv_uart_tx_in_progress), (20 bytes).
    Removing nrf_drv_uart.o(i.nrf_drv_uart_uninit), (128 bytes).
    Removing nrf_drv_uart.o(i.nrf_gpio_cfg), (36 bytes).
    Removing nrf_drv_uart.o(i.nrf_gpio_cfg_default), (24 bytes).
    Removing nrf_drv_uart.o(i.nrf_gpio_cfg_input), (26 bytes).
    Removing nrf_drv_uart.o(i.nrf_gpio_cfg_output), (24 bytes).
    Removing nrf_drv_uart.o(i.nrf_gpio_pin_set), (16 bytes).
    Removing nrf_drv_uart.o(i.nrf_uart_hwfc_pins_set), (10 bytes).
    Removing nrf_drv_uart.o(i.nrf_uart_int_enable), (6 bytes).
    Removing nrf_drv_uart.o(i.nrf_uart_txrx_pins_set), (10 bytes).
    Removing nrf_drv_uart.o(i.nrf_uarte_hwfc_pins_set), (12 bytes).
    Removing nrf_drv_uart.o(i.nrf_uarte_int_disable), (6 bytes).
    Removing nrf_drv_uart.o(i.nrf_uarte_int_enable), (6 bytes).
    Removing nrf_drv_uart.o(i.nrf_uarte_task_trigger), (6 bytes).
    Removing nrf_drv_uart.o(i.nrf_uarte_txrx_pins_set), (14 bytes).
    Removing nrf_drv_uart.o(i.pins_to_default), (200 bytes).
    Removing nrf_drv_uart.o(i.rx_enable), (36 bytes).
    Removing nrf_drv_uart.o(.constdata), (32 bytes).
    Removing nrf_drv_common.o(.rev16_text), (4 bytes).
    Removing nrf_drv_common.o(.revsh_text), (4 bytes).
    Removing nrf_drv_common.o(.rrx_text), (6 bytes).
    Removing twi_hw_master.o(.rev16_text), (4 bytes).
    Removing twi_hw_master.o(.revsh_text), (4 bytes).
    Removing twi_hw_master.o(.rrx_text), (6 bytes).
    Removing rtt_syscalls_keil.o(i._sys_close), (6 bytes).
    Removing rtt_syscalls_keil.o(i._sys_command_string), (2 bytes).
    Removing rtt_syscalls_keil.o(i._sys_ensure), (8 bytes).
    Removing rtt_syscalls_keil.o(i._sys_flen), (6 bytes).
    Removing rtt_syscalls_keil.o(i._sys_istty), (16 bytes).
    Removing rtt_syscalls_keil.o(i._sys_open), (52 bytes).
    Removing rtt_syscalls_keil.o(i._sys_read), (8 bytes).
    Removing rtt_syscalls_keil.o(i._sys_seek), (6 bytes).
    Removing rtt_syscalls_keil.o(i._sys_tmpnam), (6 bytes).
    Removing rtt_syscalls_keil.o(i._sys_write), (42 bytes).
    Removing rtt_syscalls_keil.o(i._ttywrch), (24 bytes).
    Removing rtt_syscalls_keil.o(.constdata), (20 bytes).
    Removing segger_rtt.o(i.SEGGER_RTT_ConfigDownBuffer), (128 bytes).
    Removing segger_rtt.o(i.SEGGER_RTT_GetKey), (30 bytes).
    Removing segger_rtt.o(i.SEGGER_RTT_HasKey), (28 bytes).
    Removing segger_rtt.o(i.SEGGER_RTT_Init), (8 bytes).
    Removing segger_rtt.o(i.SEGGER_RTT_Read), (200 bytes).
    Removing segger_rtt.o(i.SEGGER_RTT_WaitKey), (14 bytes).
    Removing segger_rtt.o(i.SEGGER_RTT_WriteString), (26 bytes).
    Removing segger_rtt.o(i._strlen), (30 bytes).
    Removing nrf_drv_timer.o(.rev16_text), (4 bytes).
    Removing nrf_drv_timer.o(.revsh_text), (4 bytes).
    Removing nrf_drv_timer.o(.rrx_text), (6 bytes).
    Removing nrf_drv_timer.o(i.nrf_drv_timer_capture), (40 bytes).
    Removing nrf_drv_timer.o(i.nrf_drv_timer_clear), (14 bytes).
    Removing nrf_drv_timer.o(i.nrf_drv_timer_compare_int_disable), (24 bytes).
    Removing nrf_drv_timer.o(i.nrf_drv_timer_compare_int_enable), (40 bytes).
    Removing nrf_drv_timer.o(i.nrf_drv_timer_disable), (36 bytes).
    Removing nrf_drv_timer.o(i.nrf_drv_timer_increment), (14 bytes).
    Removing nrf_drv_timer.o(i.nrf_drv_timer_pause), (14 bytes).
    Removing nrf_drv_timer.o(i.nrf_drv_timer_resume), (14 bytes).
    Removing nrf_drv_timer.o(i.nrf_drv_timer_uninit), (84 bytes).
    Removing app_uart_fifo.o(.rev16_text), (4 bytes).
    Removing app_uart_fifo.o(.revsh_text), (4 bytes).
    Removing app_uart_fifo.o(.rrx_text), (6 bytes).
    Removing app_uart_fifo.o(i.app_uart_close), (10 bytes).
    Removing app_uart_fifo.o(i.app_uart_flush), (52 bytes).
    Removing app_uart_fifo.o(i.app_uart_get), (56 bytes).
    Removing app_uart_fifo.o(i.app_uart_init), (204 bytes).
    Removing app_uart_fifo.o(i.app_uart_put), (56 bytes).
    Removing app_uart_fifo.o(i.fifo_length), (10 bytes).
    Removing app_uart_fifo.o(i.uart_event_handler), (192 bytes).
    Removing app_uart_fifo.o(.bss), (32 bytes).
    Removing app_uart_fifo.o(.constdata), (32 bytes).
    Removing app_uart_fifo.o(.data), (6 bytes).
    Removing app_util_platform.o(.rev16_text), (4 bytes).
    Removing app_util_platform.o(.revsh_text), (4 bytes).
    Removing app_util_platform.o(.rrx_text), (6 bytes).
    Removing app_util_platform.o(i.app_util_critical_region_enter), (10 bytes).
    Removing app_util_platform.o(i.app_util_critical_region_exit), (10 bytes).
    Removing app_util_platform.o(i.app_util_disable_irq), (20 bytes).
    Removing app_util_platform.o(i.app_util_enable_irq), (24 bytes).
    Removing app_util_platform.o(.data), (4 bytes).
    Removing app_error.o(.rev16_text), (4 bytes).
    Removing app_error.o(.revsh_text), (4 bytes).
    Removing app_error.o(.rrx_text), (6 bytes).
    Removing app_error.o(i.app_error_handler), (32 bytes).
    Removing app_error.o(i.app_error_save_and_stop), (136 bytes).
    Removing app_error.o(.bss), (32 bytes).
    Removing nrf_assert.o(.rev16_text), (4 bytes).
    Removing nrf_assert.o(.revsh_text), (4 bytes).
    Removing nrf_assert.o(.rrx_text), (6 bytes).
    Removing app_fifo.o(.rev16_text), (4 bytes).
    Removing app_fifo.o(.revsh_text), (4 bytes).
    Removing app_fifo.o(.rrx_text), (6 bytes).
    Removing app_fifo.o(i.app_fifo_flush), (10 bytes).
    Removing app_fifo.o(i.app_fifo_get), (30 bytes).
    Removing app_fifo.o(i.app_fifo_init), (36 bytes).
    Removing app_fifo.o(i.app_fifo_peek), (36 bytes).
    Removing app_fifo.o(i.app_fifo_put), (34 bytes).
    Removing app_fifo.o(i.app_fifo_read), (102 bytes).
    Removing app_fifo.o(i.app_fifo_write), (106 bytes).
    Removing app_fifo.o(i.fifo_get), (24 bytes).
    Removing app_fifo.o(i.fifo_length), (10 bytes).
    Removing app_fifo.o(i.fifo_peek), (18 bytes).
    Removing app_fifo.o(i.fifo_put), (18 bytes).
    Removing app_error_weak.o(.rev16_text), (4 bytes).
    Removing app_error_weak.o(.revsh_text), (4 bytes).
    Removing app_error_weak.o(.rrx_text), (6 bytes).
    Removing retarget.o(.rev16_text), (4 bytes).
    Removing retarget.o(.revsh_text), (4 bytes).
    Removing retarget.o(.rrx_text), (6 bytes).
    Removing retarget.o(i.fgetc), (22 bytes).
    Removing retarget.o(i.fputc), (16 bytes).
    Removing max30102.o(.rev16_text), (4 bytes).
    Removing max30102.o(.revsh_text), (4 bytes).
    Removing max30102.o(.rrx_text), (6 bytes).
    Removing max30102.o(.emb_text), (118 bytes).
    Removing system_nrf52.o(.rev16_text), (4 bytes).
    Removing system_nrf52.o(.revsh_text), (4 bytes).
    Removing system_nrf52.o(.rrx_text), (6 bytes).

138 unused section(s) (total 4922 bytes) removed from the image.

==============================================================================

Image Symbol Table

    Local Symbols

    Symbol Name                              Value     Ov Type        Size  Object(Section)

    RESET                                    0x00000000   Section     1024  arm_startup_nrf52.o(RESET)
    ../clib/angel/boardlib.s                 0x00000000   Number         0  boardinit1.o ABSOLUTE
    ../clib/angel/boardlib.s                 0x00000000   Number         0  boardshut.o ABSOLUTE
    ../clib/angel/boardlib.s                 0x00000000   Number         0  boardinit3.o ABSOLUTE
    ../clib/angel/boardlib.s                 0x00000000   Number         0  boardinit2.o ABSOLUTE
    ../clib/angel/handlers.s                 0x00000000   Number         0  __scatter_copy.o ABSOLUTE
    ../clib/angel/handlers.s                 0x00000000   Number         0  __scatter_zi.o ABSOLUTE
    ../clib/angel/kernel.s                   0x00000000   Number         0  rtexit.o ABSOLUTE
    ../clib/angel/kernel.s                   0x00000000   Number         0  __rtentry2.o ABSOLUTE
    ../clib/angel/kernel.s                   0x00000000   Number         0  __rtentry4.o ABSOLUTE
    ../clib/angel/kernel.s                   0x00000000   Number         0  rtexit2.o ABSOLUTE
    ../clib/angel/kernel.s                   0x00000000   Number         0  __rtentry.o ABSOLUTE
    ../clib/angel/rt.s                       0x00000000   Number         0  rt_errno_addr.o ABSOLUTE
    ../clib/angel/rt.s                       0x00000000   Number         0  rt_raise.o ABSOLUTE
    ../clib/angel/rt.s                       0x00000000   Number         0  rt_heap_descriptor_intlibspace.o ABSOLUTE
    ../clib/angel/rt.s                       0x00000000   Number         0  rt_errno_addr_intlibspace.o ABSOLUTE
    ../clib/angel/rt.s                       0x00000000   Number         0  rt_heap_descriptor.o ABSOLUTE
    ../clib/angel/scatter.s                  0x00000000   Number         0  __scatter.o ABSOLUTE
    ../clib/angel/startup.s                  0x00000000   Number         0  __main.o ABSOLUTE
    ../clib/angel/sys.s                      0x00000000   Number         0  sys_stackheap_outer.o ABSOLUTE
    ../clib/angel/sys.s                      0x00000000   Number         0  use_no_semi.o ABSOLUTE
    ../clib/angel/sys.s                      0x00000000   Number         0  libspace.o ABSOLUTE
    ../clib/angel/sys.s                      0x00000000   Number         0  use_no_semi_2.o ABSOLUTE
    ../clib/angel/sys.s                      0x00000000   Number         0  mutex_dummy.o ABSOLUTE
    ../clib/armsys.c                         0x00000000   Number         0  argv_veneer.o ABSOLUTE
    ../clib/armsys.c                         0x00000000   Number         0  _get_argv_nomalloc.o ABSOLUTE
    ../clib/armsys.c                         0x00000000   Number         0  argv_veneer.o ABSOLUTE
    ../clib/armsys.c                         0x00000000   Number         0  _get_argv.o ABSOLUTE
    ../clib/armsys.c                         0x00000000   Number         0  no_argv.o ABSOLUTE
    ../clib/heap1.c                          0x00000000   Number         0  h1_extend.o ABSOLUTE
    ../clib/heap1.c                          0x00000000   Number         0  h1_alloc_mt.o ABSOLUTE
    ../clib/heap1.c                          0x00000000   Number         0  h1_extend_mt.o ABSOLUTE
    ../clib/heap1.c                          0x00000000   Number         0  h1_init_mt.o ABSOLUTE
    ../clib/heap1.c                          0x00000000   Number         0  h1_final.o ABSOLUTE
    ../clib/heap1.c                          0x00000000   Number         0  h1_alloc.o ABSOLUTE
    ../clib/heap1.c                          0x00000000   Number         0  h1_init.o ABSOLUTE
    ../clib/heap1.c                          0x00000000   Number         0  h1_final_mt.o ABSOLUTE
    ../clib/heap1.c                          0x00000000   Number         0  h1_free_mt.o ABSOLUTE
    ../clib/heap1.c                          0x00000000   Number         0  h1_free.o ABSOLUTE
    ../clib/heap2.c                          0x00000000   Number         0  fdtree.o ABSOLUTE
    ../clib/heap2.c                          0x00000000   Number         0  heap2.o ABSOLUTE
    ../clib/heap2.c                          0x00000000   Number         0  heap2mt.o ABSOLUTE
    ../clib/heapalloc.c                      0x00000000   Number         0  malloc.o ABSOLUTE
    ../clib/heapalloc.c                      0x00000000   Number         0  init_alloc.o ABSOLUTE
    ../clib/heapalloc.c                      0x00000000   Number         0  hguard.o ABSOLUTE
    ../clib/heapalloc.c                      0x00000000   Number         0  free.o ABSOLUTE
    ../clib/heapalloc.c                      0x00000000   Number         0  maybetermalloc1.o ABSOLUTE
    ../clib/heapalloc.c                      0x00000000   Number         0  maybetermalloc2.o ABSOLUTE
    ../clib/heapalloc.c                      0x00000000   Number         0  maybetermalloc1.o ABSOLUTE
    ../clib/heapalloc.c                      0x00000000   Number         0  hrguard.o ABSOLUTE
    ../clib/heapalloc.c                      0x00000000   Number         0  maybetermalloc2.o ABSOLUTE
    ../clib/heapalloc.c                      0x00000000   Number         0  term_alloc.o ABSOLUTE
    ../clib/heapalloc.c                      0x00000000   Number         0  heapstubs.o ABSOLUTE
    ../clib/heapaux.c                        0x00000000   Number         0  heapauxi.o ABSOLUTE
    ../clib/heapaux.c                        0x00000000   Number         0  heapauxa.o ABSOLUTE
    ../clib/libinit.s                        0x00000000   Number         0  libshutdown.o ABSOLUTE
    ../clib/libinit.s                        0x00000000   Number         0  libinit.o ABSOLUTE
    ../clib/libinit.s                        0x00000000   Number         0  libshutdown2.o ABSOLUTE
    ../clib/libinit.s                        0x00000000   Number         0  libinit2.o ABSOLUTE
    ../clib/memcpset.s                       0x00000000   Number         0  rt_memcpy_v6.o ABSOLUTE
    ../clib/memcpset.s                       0x00000000   Number         0  strcmpv7m.o ABSOLUTE
    ../clib/memcpset.s                       0x00000000   Number         0  rt_memcpy_w.o ABSOLUTE
    ../clib/memcpset.s                       0x00000000   Number         0  rt_memclr_w.o ABSOLUTE
    ../clib/signal.c                         0x00000000   Number         0  defsig_rtmem_inner.o ABSOLUTE
    ../clib/signal.c                         0x00000000   Number         0  defsig_rtred_inner.o ABSOLUTE
    ../clib/signal.c                         0x00000000   Number         0  defsig_exit.o ABSOLUTE
    ../clib/signal.c                         0x00000000   Number         0  defsig_segv_inner.o ABSOLUTE
    ../clib/signal.c                         0x00000000   Number         0  defsig_cppl_inner.o ABSOLUTE
    ../clib/signal.c                         0x00000000   Number         0  defsig_pvfn_inner.o ABSOLUTE
    ../clib/signal.c                         0x00000000   Number         0  defsig_other.o ABSOLUTE
    ../clib/signal.c                         0x00000000   Number         0  defsig_abrt_inner.o ABSOLUTE
    ../clib/signal.c                         0x00000000   Number         0  defsig_stak_inner.o ABSOLUTE
    ../clib/signal.c                         0x00000000   Number         0  defsig_fpe_inner.o ABSOLUTE
    ../clib/signal.c                         0x00000000   Number         0  defsig_rtred_formal.o ABSOLUTE
    ../clib/signal.c                         0x00000000   Number         0  defsig_rtred_outer.o ABSOLUTE
    ../clib/signal.c                         0x00000000   Number         0  defsig_rtmem_formal.o ABSOLUTE
    ../clib/signal.c                         0x00000000   Number         0  defsig_rtmem_outer.o ABSOLUTE
    ../clib/signal.c                         0x00000000   Number         0  __raise.o ABSOLUTE
    ../clib/signal.c                         0x00000000   Number         0  defsig_general.o ABSOLUTE
    ../clib/signal.s                         0x00000000   Number         0  defsig.o ABSOLUTE
    ../clib/stdio.c                          0x00000000   Number         0  initio.o ABSOLUTE
    ../clib/stdio.c                          0x00000000   Number         0  streamlock.o ABSOLUTE
    ../clib/stdio.c                          0x00000000   Number         0  stdio.o ABSOLUTE
    ../clib/stdio.c                          0x00000000   Number         0  fflush_locked.o ABSOLUTE
    ../clib/stdio.c                          0x00000000   Number         0  fopen_locked.o ABSOLUTE
    ../clib/stdio.c                          0x00000000   Number         0  setvbuf_locked.o ABSOLUTE
    ../clib/stdio.c                          0x00000000   Number         0  fclose.o ABSOLUTE
    ../clib/stdio.c                          0x00000000   Number         0  fopen.o ABSOLUTE
    ../clib/stdio.c                          0x00000000   Number         0  setvbuf.o ABSOLUTE
    ../clib/stdio.c                          0x00000000   Number         0  ftell.o ABSOLUTE
    ../clib/stdio.c                          0x00000000   Number         0  stdio_streams.o ABSOLUTE
    ../clib/stdio.c                          0x00000000   Number         0  fflush.o ABSOLUTE
    ../clib/stdio.c                          0x00000000   Number         0  fseek.o ABSOLUTE
    ../clib/stdio.c                          0x00000000   Number         0  initio_locked.o ABSOLUTE
    ../clib/stdlib.c                         0x00000000   Number         0  exit.o ABSOLUTE
    ../fplib/fpinit.s                        0x00000000   Number         0  fpinit.o ABSOLUTE
    ..\\components\\drivers_nrf\\common\\nrf_drv_common.c 0x00000000   Number         0  nrf_drv_common.o ABSOLUTE
    ..\\components\\drivers_nrf\\delay\\nrf_delay.c 0x00000000   Number         0  nrf_delay.o ABSOLUTE
    ..\\components\\drivers_nrf\\timer\\nrf_drv_timer.c 0x00000000   Number         0  nrf_drv_timer.o ABSOLUTE
    ..\\components\\drivers_nrf\\twi_master\\deprecated\\twi_hw_master.c 0x00000000   Number         0  twi_hw_master.o ABSOLUTE
    ..\\components\\drivers_nrf\\uart\\nrf_drv_uart.c 0x00000000   Number         0  nrf_drv_uart.o ABSOLUTE
    ..\\components\\libraries\\fifo\\app_fifo.c 0x00000000   Number         0  app_fifo.o ABSOLUTE
    ..\\components\\libraries\\uart\\app_uart_fifo.c 0x00000000   Number         0  app_uart_fifo.o ABSOLUTE
    ..\\components\\libraries\\uart\\retarget.c 0x00000000   Number         0  retarget.o ABSOLUTE
    ..\\components\\libraries\\util\\app_error.c 0x00000000   Number         0  app_error.o ABSOLUTE
    ..\\components\\libraries\\util\\app_error_weak.c 0x00000000   Number         0  app_error_weak.o ABSOLUTE
    ..\\components\\libraries\\util\\app_util_platform.c 0x00000000   Number         0  app_util_platform.o ABSOLUTE
    ..\\components\\libraries\\util\\nrf_assert.c 0x00000000   Number         0  nrf_assert.o ABSOLUTE
    ..\\ikm\\max30102.c                      0x00000000   Number         0  max30102.o ABSOLUTE
    ..\components\drivers_nrf\common\nrf_drv_common.c 0x00000000   Number         0  nrf_drv_common.o ABSOLUTE
    ..\components\drivers_nrf\delay\nrf_delay.c 0x00000000   Number         0  nrf_delay.o ABSOLUTE
    ..\components\drivers_nrf\rtt\RTT_Syscalls_KEIL.c 0x00000000   Number         0  rtt_syscalls_keil.o ABSOLUTE
    ..\components\drivers_nrf\rtt\SEGGER_RTT.c 0x00000000   Number         0  segger_rtt.o ABSOLUTE
    ..\components\drivers_nrf\rtt\SEGGER_RTT_printf.c 0x00000000   Number         0  segger_rtt_printf.o ABSOLUTE
    ..\components\drivers_nrf\timer\nrf_drv_timer.c 0x00000000   Number         0  nrf_drv_timer.o ABSOLUTE
    ..\components\drivers_nrf\twi_master\deprecated\twi_hw_master.c 0x00000000   Number         0  twi_hw_master.o ABSOLUTE
    ..\components\drivers_nrf\uart\nrf_drv_uart.c 0x00000000   Number         0  nrf_drv_uart.o ABSOLUTE
    ..\components\libraries\fifo\app_fifo.c  0x00000000   Number         0  app_fifo.o ABSOLUTE
    ..\components\libraries\uart\app_uart_fifo.c 0x00000000   Number         0  app_uart_fifo.o ABSOLUTE
    ..\components\libraries\uart\retarget.c  0x00000000   Number         0  retarget.o ABSOLUTE
    ..\components\libraries\util\app_error.c 0x00000000   Number         0  app_error.o ABSOLUTE
    ..\components\libraries\util\app_error_weak.c 0x00000000   Number         0  app_error_weak.o ABSOLUTE
    ..\components\libraries\util\app_util_platform.c 0x00000000   Number         0  app_util_platform.o ABSOLUTE
    ..\components\libraries\util\nrf_assert.c 0x00000000   Number         0  nrf_assert.o ABSOLUTE
    ..\ikm\max30102.c                        0x00000000   Number         0  max30102.o ABSOLUTE
    RTE\Device\nRF52832_xxAA\arm_startup_nrf52.s 0x00000000   Number         0  arm_startup_nrf52.o ABSOLUTE
    RTE\Device\nRF52832_xxAA\system_nrf52.c  0x00000000   Number         0  system_nrf52.o ABSOLUTE
    RTE\\Device\\nRF52832_xxAA\\system_nrf52.c 0x00000000   Number         0  system_nrf52.o ABSOLUTE
    dc.s                                     0x00000000   Number         0  dc.o ABSOLUTE
    main.c                                   0x00000000   Number         0  main.o ABSOLUTE
    main.c                                   0x00000000   Number         0  main.o ABSOLUTE
    !!!main                                  0x00000400   Section        8  __main.o(!!!main)
    !!!scatter                               0x00000408   Section       52  __scatter.o(!!!scatter)
    !!handler_copy                           0x0000043c   Section       26  __scatter_copy.o(!!handler_copy)
    !!handler_zi                             0x00000458   Section       28  __scatter_zi.o(!!handler_zi)
    .ARM.Collect$$libinit$$00000000          0x00000474   Section        2  libinit.o(.ARM.Collect$$libinit$$00000000)
    .ARM.Collect$$libinit$$00000001          0x00000476   Section        4  libinit2.o(.ARM.Collect$$libinit$$00000001)
    .ARM.Collect$$libinit$$00000004          0x0000047a   Section        0  libinit2.o(.ARM.Collect$$libinit$$00000004)
    .ARM.Collect$$libinit$$0000000A          0x0000047a   Section        0  libinit2.o(.ARM.Collect$$libinit$$0000000A)
    .ARM.Collect$$libinit$$0000000C          0x0000047a   Section        0  libinit2.o(.ARM.Collect$$libinit$$0000000C)
    .ARM.Collect$$libinit$$0000000E          0x0000047a   Section        0  libinit2.o(.ARM.Collect$$libinit$$0000000E)
    .ARM.Collect$$libinit$$00000011          0x0000047a   Section        0  libinit2.o(.ARM.Collect$$libinit$$00000011)
    .ARM.Collect$$libinit$$00000013          0x0000047a   Section        0  libinit2.o(.ARM.Collect$$libinit$$00000013)
    .ARM.Collect$$libinit$$00000015          0x0000047a   Section        0  libinit2.o(.ARM.Collect$$libinit$$00000015)
    .ARM.Collect$$libinit$$00000017          0x0000047a   Section        0  libinit2.o(.ARM.Collect$$libinit$$00000017)
    .ARM.Collect$$libinit$$00000019          0x0000047a   Section        0  libinit2.o(.ARM.Collect$$libinit$$00000019)
    .ARM.Collect$$libinit$$0000001B          0x0000047a   Section        0  libinit2.o(.ARM.Collect$$libinit$$0000001B)
    .ARM.Collect$$libinit$$0000001D          0x0000047a   Section        0  libinit2.o(.ARM.Collect$$libinit$$0000001D)
    .ARM.Collect$$libinit$$0000001F          0x0000047a   Section        0  libinit2.o(.ARM.Collect$$libinit$$0000001F)
    .ARM.Collect$$libinit$$00000021          0x0000047a   Section        0  libinit2.o(.ARM.Collect$$libinit$$00000021)
    .ARM.Collect$$libinit$$00000023          0x0000047a   Section        0  libinit2.o(.ARM.Collect$$libinit$$00000023)
    .ARM.Collect$$libinit$$00000025          0x0000047a   Section        0  libinit2.o(.ARM.Collect$$libinit$$00000025)
    .ARM.Collect$$libinit$$0000002C          0x0000047a   Section        0  libinit2.o(.ARM.Collect$$libinit$$0000002C)
    .ARM.Collect$$libinit$$0000002E          0x0000047a   Section        0  libinit2.o(.ARM.Collect$$libinit$$0000002E)
    .ARM.Collect$$libinit$$00000030          0x0000047a   Section        0  libinit2.o(.ARM.Collect$$libinit$$00000030)
    .ARM.Collect$$libinit$$00000032          0x0000047a   Section        0  libinit2.o(.ARM.Collect$$libinit$$00000032)
    .ARM.Collect$$libinit$$00000033          0x0000047a   Section        2  libinit2.o(.ARM.Collect$$libinit$$00000033)
    .ARM.Collect$$libshutdown$$00000000      0x0000047c   Section        2  libshutdown.o(.ARM.Collect$$libshutdown$$00000000)
    .ARM.Collect$$libshutdown$$00000002      0x0000047e   Section        0  libshutdown2.o(.ARM.Collect$$libshutdown$$00000002)
    .ARM.Collect$$libshutdown$$00000004      0x0000047e   Section        0  libshutdown2.o(.ARM.Collect$$libshutdown$$00000004)
    .ARM.Collect$$libshutdown$$00000007      0x0000047e   Section        0  libshutdown2.o(.ARM.Collect$$libshutdown$$00000007)
    .ARM.Collect$$libshutdown$$0000000A      0x0000047e   Section        0  libshutdown2.o(.ARM.Collect$$libshutdown$$0000000A)
    .ARM.Collect$$libshutdown$$0000000C      0x0000047e   Section        0  libshutdown2.o(.ARM.Collect$$libshutdown$$0000000C)
    .ARM.Collect$$libshutdown$$0000000F      0x0000047e   Section        0  libshutdown2.o(.ARM.Collect$$libshutdown$$0000000F)
    .ARM.Collect$$libshutdown$$00000010      0x0000047e   Section        2  libshutdown2.o(.ARM.Collect$$libshutdown$$00000010)
    .ARM.Collect$$rtentry$$00000000          0x00000480   Section        0  __rtentry.o(.ARM.Collect$$rtentry$$00000000)
    .ARM.Collect$$rtentry$$00000002          0x00000480   Section        0  __rtentry2.o(.ARM.Collect$$rtentry$$00000002)
    .ARM.Collect$$rtentry$$00000004          0x00000480   Section        6  __rtentry4.o(.ARM.Collect$$rtentry$$00000004)
    .ARM.Collect$$rtentry$$00000009          0x00000486   Section        0  __rtentry2.o(.ARM.Collect$$rtentry$$00000009)
    .ARM.Collect$$rtentry$$0000000A          0x00000486   Section        4  __rtentry2.o(.ARM.Collect$$rtentry$$0000000A)
    .ARM.Collect$$rtentry$$0000000C          0x0000048a   Section        0  __rtentry2.o(.ARM.Collect$$rtentry$$0000000C)
    .ARM.Collect$$rtentry$$0000000D          0x0000048a   Section        8  __rtentry2.o(.ARM.Collect$$rtentry$$0000000D)
    .ARM.Collect$$rtexit$$00000000           0x00000492   Section        2  rtexit.o(.ARM.Collect$$rtexit$$00000000)
    .ARM.Collect$$rtexit$$00000002           0x00000494   Section        0  rtexit2.o(.ARM.Collect$$rtexit$$00000002)
    .ARM.Collect$$rtexit$$00000003           0x00000494   Section        4  rtexit2.o(.ARM.Collect$$rtexit$$00000003)
    .ARM.Collect$$rtexit$$00000004           0x00000498   Section        6  rtexit2.o(.ARM.Collect$$rtexit$$00000004)
    .emb_text                                0x000004a0   Section      118  nrf_delay.o(.emb_text)
    $v0                                      0x000004a0   Number         0  nrf_delay.o(.emb_text)
    .emb_text                                0x00000518   Section      118  twi_hw_master.o(.emb_text)
    $v0                                      0x00000518   Number         0  twi_hw_master.o(.emb_text)
    .text                                    0x00000590   Section       64  arm_startup_nrf52.o(.text)
    $v0                                      0x00000590   Number         0  arm_startup_nrf52.o(.text)
    .text                                    0x000005d0   Section        2  use_no_semi_2.o(.text)
    .text                                    0x000005d2   Section      138  rt_memcpy_v6.o(.text)
    .text                                    0x0000065c   Section      100  rt_memcpy_w.o(.text)
    .text                                    0x000006c0   Section        0  heapauxi.o(.text)
    .text                                    0x000006c6   Section        2  use_no_semi.o(.text)
    .text                                    0x000006c8   Section       74  sys_stackheap_outer.o(.text)
    .text                                    0x00000712   Section        0  exit.o(.text)
    .text                                    0x00000724   Section        8  libspace.o(.text)
    i.SEGGER_RTT_ConfigUpBuffer              0x0000072c   Section        0  segger_rtt.o(i.SEGGER_RTT_ConfigUpBuffer)
    i.SEGGER_RTT_Write                       0x000007ac   Section        0  segger_rtt.o(i.SEGGER_RTT_Write)
    i.SEGGER_RTT_printf                      0x0000091c   Section        0  segger_rtt_printf.o(i.SEGGER_RTT_printf)
    i.SEGGER_RTT_vprintf                     0x00000936   Section        0  segger_rtt_printf.o(i.SEGGER_RTT_vprintf)
    i.SystemCoreClockUpdate                  0x00000b30   Section        0  system_nrf52.o(i.SystemCoreClockUpdate)
    i.SystemInit                             0x00000b40   Section        0  system_nrf52.o(i.SystemInit)
    i.TIMER1_IRQHandler                      0x00000ccc   Section        0  nrf_drv_timer.o(i.TIMER1_IRQHandler)
    i.UARTE0_UART0_IRQHandler                0x00000ce4   Section        0  nrf_drv_uart.o(i.UARTE0_UART0_IRQHandler)
    i._Init                                  0x00000cfc   Section        0  segger_rtt.o(i._Init)
    _Init                                    0x00000cfd   Thumb Code     2  segger_rtt.o(i._Init)
    i._PrintInt                              0x00000cfe   Section        0  segger_rtt_printf.o(i._PrintInt)
    _PrintInt                                0x00000cff   Thumb Code   234  segger_rtt_printf.o(i._PrintInt)
    i._PrintUnsigned                         0x00000de8   Section        0  segger_rtt_printf.o(i._PrintUnsigned)
    _PrintUnsigned                           0x00000de9   Thumb Code   240  segger_rtt_printf.o(i._PrintUnsigned)
    i._StoreChar                             0x00000edc   Section        0  segger_rtt_printf.o(i._StoreChar)
    _StoreChar                               0x00000edd   Thumb Code    68  segger_rtt_printf.o(i._StoreChar)
    i._sys_exit                              0x00000f20   Section        0  rtt_syscalls_keil.o(i._sys_exit)
    i.app_error_fault_handler                0x00000f24   Section        0  app_error_weak.o(i.app_error_fault_handler)
    i.app_error_handler_bare                 0x00000f68   Section        0  app_error.o(i.app_error_handler_bare)
    i.errata_16                              0x00000f84   Section        0  system_nrf52.o(i.errata_16)
    errata_16                                0x00000f85   Thumb Code    42  system_nrf52.o(i.errata_16)
    i.errata_31                              0x00000fb4   Section        0  system_nrf52.o(i.errata_31)
    errata_31                                0x00000fb5   Thumb Code    78  system_nrf52.o(i.errata_31)
    i.errata_32                              0x00001008   Section        0  system_nrf52.o(i.errata_32)
    errata_32                                0x00001009   Thumb Code    42  system_nrf52.o(i.errata_32)
    i.errata_36                              0x00001038   Section        0  system_nrf52.o(i.errata_36)
    errata_36                                0x00001039   Thumb Code    78  system_nrf52.o(i.errata_36)
    i.errata_37                              0x0000108c   Section        0  system_nrf52.o(i.errata_37)
    errata_37                                0x0000108d   Thumb Code    42  system_nrf52.o(i.errata_37)
    i.errata_57                              0x000010bc   Section        0  system_nrf52.o(i.errata_57)
    errata_57                                0x000010bd   Thumb Code    42  system_nrf52.o(i.errata_57)
    i.errata_66                              0x000010ec   Section        0  system_nrf52.o(i.errata_66)
    errata_66                                0x000010ed   Thumb Code    42  system_nrf52.o(i.errata_66)
    i.irq_handler                            0x0000111c   Section        0  nrf_drv_timer.o(i.irq_handler)
    irq_handler                              0x0000111d   Thumb Code    92  nrf_drv_timer.o(i.irq_handler)
    i.main                                   0x00001178   Section        0  main.o(i.main)
    i.max30102_init                          0x000011ec   Section        0  max30102.o(i.max30102_init)
    i.max30102_read_event_init               0x00001278   Section        0  main.o(i.max30102_read_event_init)
    i.max30102_register_read                 0x000012dc   Section        0  max30102.o(i.max30102_register_read)
    i.max30102_register_write                0x00001310   Section        0  max30102.o(i.max30102_register_write)
    i.nrf_delay_ms                           0x00001334   Section        0  nrf_delay.o(i.nrf_delay_ms)
    i.nrf_drv_common_irq_enable              0x00001350   Section        0  nrf_drv_common.o(i.nrf_drv_common_irq_enable)
    i.nrf_drv_get_IRQn                       0x000013b0   Section        0  nrf_drv_timer.o(i.nrf_drv_get_IRQn)
    nrf_drv_get_IRQn                         0x000013b1   Thumb Code    10  nrf_drv_timer.o(i.nrf_drv_get_IRQn)
    i.nrf_drv_timer_compare                  0x000013ba   Section        0  nrf_drv_timer.o(i.nrf_drv_timer_compare)
    i.nrf_drv_timer_enable                   0x000013f4   Section        0  nrf_drv_timer.o(i.nrf_drv_timer_enable)
    i.nrf_drv_timer_extended_compare         0x00001418   Section        0  nrf_drv_timer.o(i.nrf_drv_timer_extended_compare)
    i.nrf_drv_timer_init                     0x0000145c   Section        0  nrf_drv_timer.o(i.nrf_drv_timer_init)
    i.nrf_timer_compare_event_get            0x0000150c   Section        0  nrf_drv_timer.o(i.nrf_timer_compare_event_get)
    nrf_timer_compare_event_get              0x0000150d   Thumb Code    14  nrf_drv_timer.o(i.nrf_timer_compare_event_get)
    i.nrf_timer_compare_int_get              0x0000151a   Section        0  nrf_drv_timer.o(i.nrf_timer_compare_int_get)
    nrf_timer_compare_int_get                0x0000151b   Thumb Code    10  nrf_drv_timer.o(i.nrf_timer_compare_int_get)
    i.nrf_timer_event_clear                  0x00001524   Section        0  nrf_drv_timer.o(i.nrf_timer_event_clear)
    nrf_timer_event_clear                    0x00001525   Thumb Code     6  nrf_drv_timer.o(i.nrf_timer_event_clear)
    i.nrf_timer_int_disable                  0x0000152a   Section        0  nrf_drv_timer.o(i.nrf_timer_int_disable)
    nrf_timer_int_disable                    0x0000152b   Thumb Code     6  nrf_drv_timer.o(i.nrf_timer_int_disable)
    i.nrf_timer_int_enable                   0x00001530   Section        0  nrf_drv_timer.o(i.nrf_timer_int_enable)
    nrf_timer_int_enable                     0x00001531   Thumb Code     6  nrf_drv_timer.o(i.nrf_timer_int_enable)
    i.nrf_timer_shorts_disable               0x00001536   Section        0  nrf_drv_timer.o(i.nrf_timer_shorts_disable)
    nrf_timer_shorts_disable                 0x00001537   Thumb Code    12  nrf_drv_timer.o(i.nrf_timer_shorts_disable)
    i.nrf_timer_task_trigger                 0x00001542   Section        0  nrf_drv_timer.o(i.nrf_timer_task_trigger)
    nrf_timer_task_trigger                   0x00001543   Thumb Code     6  nrf_drv_timer.o(i.nrf_timer_task_trigger)
    i.nrf_uart_errorsrc_get_and_clear        0x00001548   Section        0  nrf_drv_uart.o(i.nrf_uart_errorsrc_get_and_clear)
    nrf_uart_errorsrc_get_and_clear          0x00001549   Thumb Code    12  nrf_drv_uart.o(i.nrf_uart_errorsrc_get_and_clear)
    i.nrf_uart_event_check                   0x00001554   Section        0  nrf_drv_uart.o(i.nrf_uart_event_check)
    nrf_uart_event_check                     0x00001555   Thumb Code    14  nrf_drv_uart.o(i.nrf_uart_event_check)
    i.nrf_uart_event_clear                   0x00001562   Section        0  nrf_drv_uart.o(i.nrf_uart_event_clear)
    nrf_uart_event_clear                     0x00001563   Thumb Code     6  nrf_drv_uart.o(i.nrf_uart_event_clear)
    i.nrf_uart_int_disable                   0x00001568   Section        0  nrf_drv_uart.o(i.nrf_uart_int_disable)
    nrf_uart_int_disable                     0x00001569   Thumb Code     6  nrf_drv_uart.o(i.nrf_uart_int_disable)
    i.nrf_uart_int_enable_check              0x0000156e   Section        0  nrf_drv_uart.o(i.nrf_uart_int_enable_check)
    nrf_uart_int_enable_check                0x0000156f   Thumb Code    18  nrf_drv_uart.o(i.nrf_uart_int_enable_check)
    i.nrf_uart_task_trigger                  0x00001580   Section        0  nrf_drv_uart.o(i.nrf_uart_task_trigger)
    nrf_uart_task_trigger                    0x00001581   Thumb Code     6  nrf_drv_uart.o(i.nrf_uart_task_trigger)
    i.nrf_uarte_errorsrc_get_and_clear       0x00001586   Section        0  nrf_drv_uart.o(i.nrf_uarte_errorsrc_get_and_clear)
    nrf_uarte_errorsrc_get_and_clear         0x00001587   Thumb Code    12  nrf_drv_uart.o(i.nrf_uarte_errorsrc_get_and_clear)
    i.nrf_uarte_event_check                  0x00001592   Section        0  nrf_drv_uart.o(i.nrf_uarte_event_check)
    nrf_uarte_event_check                    0x00001593   Thumb Code    14  nrf_drv_uart.o(i.nrf_uarte_event_check)
    i.nrf_uarte_event_clear                  0x000015a0   Section        0  nrf_drv_uart.o(i.nrf_uarte_event_clear)
    nrf_uarte_event_clear                    0x000015a1   Thumb Code     6  nrf_drv_uart.o(i.nrf_uarte_event_clear)
    i.nrf_uarte_rx_amount_get                0x000015a6   Section        0  nrf_drv_uart.o(i.nrf_uarte_rx_amount_get)
    nrf_uarte_rx_amount_get                  0x000015a7   Thumb Code    10  nrf_drv_uart.o(i.nrf_uarte_rx_amount_get)
    i.rx_byte                                0x000015b0   Section        0  nrf_drv_uart.o(i.rx_byte)
    rx_byte                                  0x000015b1   Thumb Code    68  nrf_drv_uart.o(i.rx_byte)
    i.rx_done_event                          0x00001600   Section        0  nrf_drv_uart.o(i.rx_done_event)
    rx_done_event                            0x00001601   Thumb Code    30  nrf_drv_uart.o(i.rx_done_event)
    i.timer_handler                          0x00001624   Section        0  main.o(i.timer_handler)
    i.twi_master_clear_bus                   0x000016ac   Section        0  twi_hw_master.o(i.twi_master_clear_bus)
    twi_master_clear_bus                     0x000016ad   Thumb Code   178  twi_hw_master.o(i.twi_master_clear_bus)
    i.twi_master_init                        0x0000176c   Section        0  twi_hw_master.o(i.twi_master_init)
    i.twi_master_read                        0x000017d8   Section        0  twi_hw_master.o(i.twi_master_read)
    twi_master_read                          0x000017d9   Thumb Code   216  twi_hw_master.o(i.twi_master_read)
    i.twi_master_transfer                    0x000018c0   Section        0  twi_hw_master.o(i.twi_master_transfer)
    i.twi_master_write                       0x0000190c   Section        0  twi_hw_master.o(i.twi_master_write)
    twi_master_write                         0x0000190d   Thumb Code   170  twi_hw_master.o(i.twi_master_write)
    i.tx_byte                                0x000019c0   Section        0  nrf_drv_uart.o(i.tx_byte)
    tx_byte                                  0x000019c1   Thumb Code    42  nrf_drv_uart.o(i.tx_byte)
    i.tx_done_event                          0x000019f8   Section        0  nrf_drv_uart.o(i.tx_done_event)
    tx_done_event                            0x000019f9   Thumb Code    38  nrf_drv_uart.o(i.tx_done_event)
    i.uart_irq_handler                       0x00001a24   Section        0  nrf_drv_uart.o(i.uart_irq_handler)
    uart_irq_handler                         0x00001a25   Thumb Code   342  nrf_drv_uart.o(i.uart_irq_handler)
    i.uarte_irq_handler                      0x00001b84   Section        0  nrf_drv_uart.o(i.uarte_irq_handler)
    uarte_irq_handler                        0x00001b85   Thumb Code   286  nrf_drv_uart.o(i.uarte_irq_handler)
    x$fpl$fpinit                             0x00001cb0   Section       10  fpinit.o(x$fpl$fpinit)
    $v0                                      0x00001cb0   Number         0  fpinit.o(x$fpl$fpinit)
    .constdata                               0x00001cbc   Section        8  main.o(.constdata)
    .constdata                               0x00001cc4   Section       16  segger_rtt_printf.o(.constdata)
    _aV2C                                    0x00001cc4   Data          16  segger_rtt_printf.o(.constdata)
    .constdata                               0x00001cd4   Section        8  nrf_drv_timer.o(.constdata)
    m_default_config                         0x00001cd4   Data           8  nrf_drv_timer.o(.constdata)
    .conststring                             0x00001cdc   Section        9  segger_rtt.o(.conststring)
    .data                                    0x20000000   Section       20  main.o(.data)
    i                                        0x20000010   Data           4  main.o(.data)
    .data                                    0x20000014   Section      120  segger_rtt.o(.data)
    _SEGGER_RTT                              0x20000014   Data         120  segger_rtt.o(.data)
    .data                                    0x2000008c   Section        1  max30102.o(.data)
    m_device_address                         0x2000008c   Data           1  max30102.o(.data)
    .data                                    0x20000090   Section        4  system_nrf52.o(.data)
    __tagsym$$used                           0x20000090   Number         0  system_nrf52.o(.data)
    .bss                                     0x20000094   Section       32  nrf_drv_uart.o(.bss)
    m_cb                                     0x20000094   Data          32  nrf_drv_uart.o(.bss)
    .bss                                     0x200000b4   Section     1040  segger_rtt.o(.bss)
    _acUpBuffer                              0x200000b4   Data        1024  segger_rtt.o(.bss)
    _acDownBuffer                            0x200004b4   Data          16  segger_rtt.o(.bss)
    .bss                                     0x200004c4   Section       12  nrf_drv_timer.o(.bss)
    m_cb                                     0x200004c4   Data          12  nrf_drv_timer.o(.bss)
    .bss                                     0x200004d0   Section       96  libspace.o(.bss)
    HEAP                                     0x20000530   Section     8192  arm_startup_nrf52.o(HEAP)
    Heap_Mem                                 0x20000530   Data        8192  arm_startup_nrf52.o(HEAP)
    STACK                                    0x20002530   Section     8192  arm_startup_nrf52.o(STACK)
    Stack_Mem                                0x20002530   Data        8192  arm_startup_nrf52.o(STACK)
    __initial_sp                             0x20004530   Data           0  arm_startup_nrf52.o(STACK)

    Global Symbols

    Symbol Name                              Value     Ov Type        Size  Object(Section)

    BuildAttributes$$THM_ISAv4$E$P$D$K$B$S$7EM$VFPi3$EXTD16$VFPS$VFMA$PE$A:L22UL41UL21$X:L11$S22US41US21$IEEE1$IW$USESV6$~STKCKD$USESV7$~SHL$OTIME$ROPI$EBA8$UX$STANDARDLIB$REQ8$PRES8$EABIv2 0x00000000   Number         0  anon$$obj.o ABSOLUTE
    __ARM_use_no_argv                        0x00000000   Number         0  main.o ABSOLUTE
    __Vectors                                0x00000000   Data           4  arm_startup_nrf52.o(RESET)
    __ARM_exceptions_init                     - Undefined Weak Reference
    __alloca_initialize                       - Undefined Weak Reference
    __arm_preinit_                            - Undefined Weak Reference
    __cpp_initialize__aeabi_                  - Undefined Weak Reference
    __cxa_finalize                            - Undefined Weak Reference
    __rt_locale                               - Undefined Weak Reference
    __sigvec_lookup                           - Undefined Weak Reference
    __user_heap_extent                        - Undefined Weak Reference
    _atexit_init                              - Undefined Weak Reference
    _call_atexit_fns                          - Undefined Weak Reference
    _clock_init                               - Undefined Weak Reference
    _fp_trap_init                             - Undefined Weak Reference
    _fp_trap_shutdown                         - Undefined Weak Reference
    _get_lc_collate                           - Undefined Weak Reference
    _get_lc_ctype                             - Undefined Weak Reference
    _get_lc_monetary                          - Undefined Weak Reference
    _get_lc_numeric                           - Undefined Weak Reference
    _get_lc_time                              - Undefined Weak Reference
    _getenv_init                              - Undefined Weak Reference
    _handle_redirection                       - Undefined Weak Reference
    _mutex_acquire                            - Undefined Weak Reference
    _mutex_free                               - Undefined Weak Reference
    _mutex_release                            - Undefined Weak Reference
    _rand_init                                - Undefined Weak Reference
    _signal_finish                            - Undefined Weak Reference
    _signal_init                              - Undefined Weak Reference
    __Vectors_End                            0x00000400   Data           0  arm_startup_nrf52.o(RESET)
    __Vectors_Size                           0x00000400   Number         0  arm_startup_nrf52.o ABSOLUTE
    __main                                   0x00000401   Thumb Code     8  __main.o(!!!main)
    __scatterload                            0x00000409   Thumb Code     0  __scatter.o(!!!scatter)
    __scatterload_rt2                        0x00000409   Thumb Code    44  __scatter.o(!!!scatter)
    __scatterload_rt2_thumb_only             0x00000409   Thumb Code     0  __scatter.o(!!!scatter)
    __scatterload_null                       0x00000417   Thumb Code     0  __scatter.o(!!!scatter)
    __scatterload_copy                       0x0000043d   Thumb Code    26  __scatter_copy.o(!!handler_copy)
    __scatterload_zeroinit                   0x00000459   Thumb Code    28  __scatter_zi.o(!!handler_zi)
    __rt_lib_init                            0x00000475   Thumb Code     0  libinit.o(.ARM.Collect$$libinit$$00000000)
    __rt_lib_init_fp_1                       0x00000477   Thumb Code     0  libinit2.o(.ARM.Collect$$libinit$$00000001)
    __rt_lib_init_alloca_1                   0x0000047b   Thumb Code     0  libinit2.o(.ARM.Collect$$libinit$$0000002E)
    __rt_lib_init_argv_1                     0x0000047b   Thumb Code     0  libinit2.o(.ARM.Collect$$libinit$$0000002C)
    __rt_lib_init_atexit_1                   0x0000047b   Thumb Code     0  libinit2.o(.ARM.Collect$$libinit$$0000001B)
    __rt_lib_init_clock_1                    0x0000047b   Thumb Code     0  libinit2.o(.ARM.Collect$$libinit$$00000021)
    __rt_lib_init_cpp_1                      0x0000047b   Thumb Code     0  libinit2.o(.ARM.Collect$$libinit$$00000032)
    __rt_lib_init_exceptions_1               0x0000047b   Thumb Code     0  libinit2.o(.ARM.Collect$$libinit$$00000030)
    __rt_lib_init_fp_trap_1                  0x0000047b   Thumb Code     0  libinit2.o(.ARM.Collect$$libinit$$0000001F)
    __rt_lib_init_getenv_1                   0x0000047b   Thumb Code     0  libinit2.o(.ARM.Collect$$libinit$$00000023)
    __rt_lib_init_heap_1                     0x0000047b   Thumb Code     0  libinit2.o(.ARM.Collect$$libinit$$0000000A)
    __rt_lib_init_lc_collate_1               0x0000047b   Thumb Code     0  libinit2.o(.ARM.Collect$$libinit$$00000011)
    __rt_lib_init_lc_ctype_1                 0x0000047b   Thumb Code     0  libinit2.o(.ARM.Collect$$libinit$$00000013)
    __rt_lib_init_lc_monetary_1              0x0000047b   Thumb Code     0  libinit2.o(.ARM.Collect$$libinit$$00000015)
    __rt_lib_init_lc_numeric_1               0x0000047b   Thumb Code     0  libinit2.o(.ARM.Collect$$libinit$$00000017)
    __rt_lib_init_lc_time_1                  0x0000047b   Thumb Code     0  libinit2.o(.ARM.Collect$$libinit$$00000019)
    __rt_lib_init_preinit_1                  0x0000047b   Thumb Code     0  libinit2.o(.ARM.Collect$$libinit$$00000004)
    __rt_lib_init_rand_1                     0x0000047b   Thumb Code     0  libinit2.o(.ARM.Collect$$libinit$$0000000E)
    __rt_lib_init_return                     0x0000047b   Thumb Code     0  libinit2.o(.ARM.Collect$$libinit$$00000033)
    __rt_lib_init_signal_1                   0x0000047b   Thumb Code     0  libinit2.o(.ARM.Collect$$libinit$$0000001D)
    __rt_lib_init_stdio_1                    0x0000047b   Thumb Code     0  libinit2.o(.ARM.Collect$$libinit$$00000025)
    __rt_lib_init_user_alloc_1               0x0000047b   Thumb Code     0  libinit2.o(.ARM.Collect$$libinit$$0000000C)
    __rt_lib_shutdown                        0x0000047d   Thumb Code     0  libshutdown.o(.ARM.Collect$$libshutdown$$00000000)
    __rt_lib_shutdown_cpp_1                  0x0000047f   Thumb Code     0  libshutdown2.o(.ARM.Collect$$libshutdown$$00000002)
    __rt_lib_shutdown_fp_trap_1              0x0000047f   Thumb Code     0  libshutdown2.o(.ARM.Collect$$libshutdown$$00000007)
    __rt_lib_shutdown_heap_1                 0x0000047f   Thumb Code     0  libshutdown2.o(.ARM.Collect$$libshutdown$$0000000F)
    __rt_lib_shutdown_return                 0x0000047f   Thumb Code     0  libshutdown2.o(.ARM.Collect$$libshutdown$$00000010)
    __rt_lib_shutdown_signal_1               0x0000047f   Thumb Code     0  libshutdown2.o(.ARM.Collect$$libshutdown$$0000000A)
    __rt_lib_shutdown_stdio_1                0x0000047f   Thumb Code     0  libshutdown2.o(.ARM.Collect$$libshutdown$$00000004)
    __rt_lib_shutdown_user_alloc_1           0x0000047f   Thumb Code     0  libshutdown2.o(.ARM.Collect$$libshutdown$$0000000C)
    __rt_entry                               0x00000481   Thumb Code     0  __rtentry.o(.ARM.Collect$$rtentry$$00000000)
    __rt_entry_presh_1                       0x00000481   Thumb Code     0  __rtentry2.o(.ARM.Collect$$rtentry$$00000002)
    __rt_entry_sh                            0x00000481   Thumb Code     0  __rtentry4.o(.ARM.Collect$$rtentry$$00000004)
    __rt_entry_li                            0x00000487   Thumb Code     0  __rtentry2.o(.ARM.Collect$$rtentry$$0000000A)
    __rt_entry_postsh_1                      0x00000487   Thumb Code     0  __rtentry2.o(.ARM.Collect$$rtentry$$00000009)
    __rt_entry_main                          0x0000048b   Thumb Code     0  __rtentry2.o(.ARM.Collect$$rtentry$$0000000D)
    __rt_entry_postli_1                      0x0000048b   Thumb Code     0  __rtentry2.o(.ARM.Collect$$rtentry$$0000000C)
    __rt_exit                                0x00000493   Thumb Code     0  rtexit.o(.ARM.Collect$$rtexit$$00000000)
    __rt_exit_ls                             0x00000495   Thumb Code     0  rtexit2.o(.ARM.Collect$$rtexit$$00000003)
    __rt_exit_prels_1                        0x00000495   Thumb Code     0  rtexit2.o(.ARM.Collect$$rtexit$$00000002)
    __rt_exit_exit                           0x00000499   Thumb Code     0  rtexit2.o(.ARM.Collect$$rtexit$$00000004)
    __asm___11_nrf_delay_c_532987f3__nrf_delay_us 0x000004a1   Thumb Code   118  nrf_delay.o(.emb_text)
    __asm___15_twi_hw_master_c_959ec897__nrf_delay_us 0x00000519   Thumb Code   118  twi_hw_master.o(.emb_text)
    Reset_Handler                            0x00000591   Thumb Code     8  arm_startup_nrf52.o(.text)
    NMI_Handler                              0x00000599   Thumb Code     2  arm_startup_nrf52.o(.text)
    HardFault_Handler                        0x0000059b   Thumb Code     2  arm_startup_nrf52.o(.text)
    MemoryManagement_Handler                 0x0000059d   Thumb Code     2  arm_startup_nrf52.o(.text)
    BusFault_Handler                         0x0000059f   Thumb Code     2  arm_startup_nrf52.o(.text)
    UsageFault_Handler                       0x000005a1   Thumb Code     2  arm_startup_nrf52.o(.text)
    SVC_Handler                              0x000005a3   Thumb Code     2  arm_startup_nrf52.o(.text)
    DebugMonitor_Handler                     0x000005a5   Thumb Code     2  arm_startup_nrf52.o(.text)
    PendSV_Handler                           0x000005a7   Thumb Code     2  arm_startup_nrf52.o(.text)
    SysTick_Handler                          0x000005a9   Thumb Code     2  arm_startup_nrf52.o(.text)
    CCM_AAR_IRQHandler                       0x000005ab   Thumb Code     0  arm_startup_nrf52.o(.text)
    COMP_LPCOMP_IRQHandler                   0x000005ab   Thumb Code     0  arm_startup_nrf52.o(.text)
    ECB_IRQHandler                           0x000005ab   Thumb Code     0  arm_startup_nrf52.o(.text)
    FPU_IRQHandler                           0x000005ab   Thumb Code     0  arm_startup_nrf52.o(.text)
    GPIOTE_IRQHandler                        0x000005ab   Thumb Code     0  arm_startup_nrf52.o(.text)
    I2S_IRQHandler                           0x000005ab   Thumb Code     0  arm_startup_nrf52.o(.text)
    MWU_IRQHandler                           0x000005ab   Thumb Code     0  arm_startup_nrf52.o(.text)
    NFCT_IRQHandler                          0x000005ab   Thumb Code     0  arm_startup_nrf52.o(.text)
    PDM_IRQHandler                           0x000005ab   Thumb Code     0  arm_startup_nrf52.o(.text)
    POWER_CLOCK_IRQHandler                   0x000005ab   Thumb Code     0  arm_startup_nrf52.o(.text)
    PWM0_IRQHandler                          0x000005ab   Thumb Code     0  arm_startup_nrf52.o(.text)
    PWM1_IRQHandler                          0x000005ab   Thumb Code     0  arm_startup_nrf52.o(.text)
    PWM2_IRQHandler                          0x000005ab   Thumb Code     0  arm_startup_nrf52.o(.text)
    QDEC_IRQHandler                          0x000005ab   Thumb Code     0  arm_startup_nrf52.o(.text)
    RADIO_IRQHandler                         0x000005ab   Thumb Code     0  arm_startup_nrf52.o(.text)
    RNG_IRQHandler                           0x000005ab   Thumb Code     0  arm_startup_nrf52.o(.text)
    RTC0_IRQHandler                          0x000005ab   Thumb Code     0  arm_startup_nrf52.o(.text)
    RTC1_IRQHandler                          0x000005ab   Thumb Code     0  arm_startup_nrf52.o(.text)
    RTC2_IRQHandler                          0x000005ab   Thumb Code     0  arm_startup_nrf52.o(.text)
    SAADC_IRQHandler                         0x000005ab   Thumb Code     0  arm_startup_nrf52.o(.text)
    SPIM0_SPIS0_TWIM0_TWIS0_SPI0_TWI0_IRQHandler 0x000005ab   Thumb Code     0  arm_startup_nrf52.o(.text)
    SPIM1_SPIS1_TWIM1_TWIS1_SPI1_TWI1_IRQHandler 0x000005ab   Thumb Code     0  arm_startup_nrf52.o(.text)
    SPIM2_SPIS2_SPI2_IRQHandler              0x000005ab   Thumb Code     0  arm_startup_nrf52.o(.text)
    SWI0_EGU0_IRQHandler                     0x000005ab   Thumb Code     0  arm_startup_nrf52.o(.text)
    SWI1_EGU1_IRQHandler                     0x000005ab   Thumb Code     0  arm_startup_nrf52.o(.text)
    SWI2_EGU2_IRQHandler                     0x000005ab   Thumb Code     0  arm_startup_nrf52.o(.text)
    SWI3_EGU3_IRQHandler                     0x000005ab   Thumb Code     0  arm_startup_nrf52.o(.text)
    SWI4_EGU4_IRQHandler                     0x000005ab   Thumb Code     0  arm_startup_nrf52.o(.text)
    SWI5_EGU5_IRQHandler                     0x000005ab   Thumb Code     0  arm_startup_nrf52.o(.text)
    TEMP_IRQHandler                          0x000005ab   Thumb Code     0  arm_startup_nrf52.o(.text)
    TIMER0_IRQHandler                        0x000005ab   Thumb Code     0  arm_startup_nrf52.o(.text)
    TIMER2_IRQHandler                        0x000005ab   Thumb Code     0  arm_startup_nrf52.o(.text)
    TIMER3_IRQHandler                        0x000005ab   Thumb Code     0  arm_startup_nrf52.o(.text)
    TIMER4_IRQHandler                        0x000005ab   Thumb Code     0  arm_startup_nrf52.o(.text)
    WDT_IRQHandler                           0x000005ab   Thumb Code     0  arm_startup_nrf52.o(.text)
    __user_initial_stackheap                 0x000005ad   Thumb Code    10  arm_startup_nrf52.o(.text)
    __use_no_semihosting                     0x000005d1   Thumb Code     2  use_no_semi_2.o(.text)
    __aeabi_memcpy                           0x000005d3   Thumb Code     0  rt_memcpy_v6.o(.text)
    __rt_memcpy                              0x000005d3   Thumb Code   138  rt_memcpy_v6.o(.text)
    _memcpy_lastbytes                        0x00000639   Thumb Code     0  rt_memcpy_v6.o(.text)
    __aeabi_memcpy4                          0x0000065d   Thumb Code     0  rt_memcpy_w.o(.text)
    __aeabi_memcpy8                          0x0000065d   Thumb Code     0  rt_memcpy_w.o(.text)
    __rt_memcpy_w                            0x0000065d   Thumb Code   100  rt_memcpy_w.o(.text)
    _memcpy_lastbytes_aligned                0x000006a5   Thumb Code     0  rt_memcpy_w.o(.text)
    __use_two_region_memory                  0x000006c1   Thumb Code     2  heapauxi.o(.text)
    __rt_heap_escrow                         0x000006c3   Thumb Code     2  heapauxi.o(.text)
    __rt_heap_expand                         0x000006c5   Thumb Code     2  heapauxi.o(.text)
    __semihosting$guard                      0x000006c7   Thumb Code     0  use_no_semi.o(.text)
    __use_no_semihosting_swi                 0x000006c7   Thumb Code     2  use_no_semi.o(.text)
    __user_setup_stackheap                   0x000006c9   Thumb Code    74  sys_stackheap_outer.o(.text)
    exit                                     0x00000713   Thumb Code    18  exit.o(.text)
    __user_libspace                          0x00000725   Thumb Code     8  libspace.o(.text)
    __user_perproc_libspace                  0x00000725   Thumb Code     0  libspace.o(.text)
    __user_perthread_libspace                0x00000725   Thumb Code     0  libspace.o(.text)
    SEGGER_RTT_ConfigUpBuffer                0x0000072d   Thumb Code   124  segger_rtt.o(i.SEGGER_RTT_ConfigUpBuffer)
    SEGGER_RTT_Write                         0x000007ad   Thumb Code   364  segger_rtt.o(i.SEGGER_RTT_Write)
    SEGGER_RTT_printf                        0x0000091d   Thumb Code    26  segger_rtt_printf.o(i.SEGGER_RTT_printf)
    SEGGER_RTT_vprintf                       0x00000937   Thumb Code   504  segger_rtt_printf.o(i.SEGGER_RTT_vprintf)
    SystemCoreClockUpdate                    0x00000b31   Thumb Code     8  system_nrf52.o(i.SystemCoreClockUpdate)
    SystemInit                               0x00000b41   Thumb Code   358  system_nrf52.o(i.SystemInit)
    TIMER1_IRQHandler                        0x00000ccd   Thumb Code    14  nrf_drv_timer.o(i.TIMER1_IRQHandler)
    UARTE0_UART0_IRQHandler                  0x00000ce5   Thumb Code    20  nrf_drv_uart.o(i.UARTE0_UART0_IRQHandler)
    _sys_exit                                0x00000f21   Thumb Code     4  rtt_syscalls_keil.o(i._sys_exit)
    app_error_fault_handler                  0x00000f25   Thumb Code    60  app_error_weak.o(i.app_error_fault_handler)
    app_error_handler_bare                   0x00000f69   Thumb Code    28  app_error.o(i.app_error_handler_bare)
    main                                     0x00001179   Thumb Code   106  main.o(i.main)
    max30102_init                            0x000011ed   Thumb Code   130  max30102.o(i.max30102_init)
    max30102_read_event_init                 0x00001279   Thumb Code    92  main.o(i.max30102_read_event_init)
    max30102_register_read                   0x000012dd   Thumb Code    46  max30102.o(i.max30102_register_read)
    max30102_register_write                  0x00001311   Thumb Code    30  max30102.o(i.max30102_register_write)
    nrf_delay_ms                             0x00001335   Thumb Code    26  nrf_delay.o(i.nrf_delay_ms)
    nrf_drv_common_irq_enable                0x00001351   Thumb Code    84  nrf_drv_common.o(i.nrf_drv_common_irq_enable)
    nrf_drv_timer_compare                    0x000013bb   Thumb Code    56  nrf_drv_timer.o(i.nrf_drv_timer_compare)
    nrf_drv_timer_enable                     0x000013f5   Thumb Code    30  nrf_drv_timer.o(i.nrf_drv_timer_enable)
    nrf_drv_timer_extended_compare           0x00001419   Thumb Code    66  nrf_drv_timer.o(i.nrf_drv_timer_extended_compare)
    nrf_drv_timer_init                       0x0000145d   Thumb Code   166  nrf_drv_timer.o(i.nrf_drv_timer_init)
    timer_handler                            0x00001625   Thumb Code   112  main.o(i.timer_handler)
    twi_master_init                          0x0000176d   Thumb Code    90  twi_hw_master.o(i.twi_master_init)
    twi_master_transfer                      0x000018c1   Thumb Code    70  twi_hw_master.o(i.twi_master_transfer)
    _fp_init                                 0x00001cb1   Thumb Code    10  fpinit.o(x$fpl$fpinit)
    __fplib_config_fpu_vfp                   0x00001cb9   Thumb Code     0  fpinit.o(x$fpl$fpinit)
    __fplib_config_pureend_doubles           0x00001cb9   Thumb Code     0  fpinit.o(x$fpl$fpinit)
    Region$$Table$$Base                      0x00001ce8   Number         0  anon$$obj.o(Region$$Table)
    Region$$Table$$Limit                     0x00001d08   Number         0  anon$$obj.o(Region$$Table)
    temp                                     0x20000000   Data           6  main.o(.data)
    aun_ir_buffer                            0x20000008   Data           4  main.o(.data)
    aun_red_buffer                           0x2000000c   Data           4  main.o(.data)
    SystemCoreClock                          0x20000090   Data           4  system_nrf52.o(.data)
    __libspace_start                         0x200004d0   Data          96  libspace.o(.bss)
    __temporary_stack_top$libspace           0x20000530   Data           0  libspace.o(.bss)



==============================================================================

Memory Map of the image

  Image Entry point : 0x00000401

  Load Region LR_IROM1 (Base: 0x00000000, Size: 0x00001d9c, Max: 0x00080000, ABSOLUTE)

    Execution Region ER_IROM1 (Base: 0x00000000, Size: 0x00001d08, Max: 0x00080000, ABSOLUTE)

    Base Addr    Size         Type   Attr      Idx    E Section Name        Object

    0x00000000   0x00000400   Data   RO         1326    RESET               arm_startup_nrf52.o
    0x00000400   0x00000008   Code   RO         1424  * !!!main             c_w.l(__main.o)
    0x00000408   0x00000034   Code   RO         1712    !!!scatter          c_w.l(__scatter.o)
    0x0000043c   0x0000001a   Code   RO         1714    !!handler_copy      c_w.l(__scatter_copy.o)
    0x00000456   0x00000002   PAD
    0x00000458   0x0000001c   Code   RO         1716    !!handler_zi        c_w.l(__scatter_zi.o)
    0x00000474   0x00000002   Code   RO         1639    .ARM.Collect$$libinit$$00000000  c_w.l(libinit.o)
    0x00000476   0x00000004   Code   RO         1529    .ARM.Collect$$libinit$$00000001  c_w.l(libinit2.o)
    0x0000047a   0x00000000   Code   RO         1532    .ARM.Collect$$libinit$$00000004  c_w.l(libinit2.o)
    0x0000047a   0x00000000   Code   RO         1535    .ARM.Collect$$libinit$$0000000A  c_w.l(libinit2.o)
    0x0000047a   0x00000000   Code   RO         1537    .ARM.Collect$$libinit$$0000000C  c_w.l(libinit2.o)
    0x0000047a   0x00000000   Code   RO         1539    .ARM.Collect$$libinit$$0000000E  c_w.l(libinit2.o)
    0x0000047a   0x00000000   Code   RO         1542    .ARM.Collect$$libinit$$00000011  c_w.l(libinit2.o)
    0x0000047a   0x00000000   Code   RO         1544    .ARM.Collect$$libinit$$00000013  c_w.l(libinit2.o)
    0x0000047a   0x00000000   Code   RO         1546    .ARM.Collect$$libinit$$00000015  c_w.l(libinit2.o)
    0x0000047a   0x00000000   Code   RO         1548    .ARM.Collect$$libinit$$00000017  c_w.l(libinit2.o)
    0x0000047a   0x00000000   Code   RO         1550    .ARM.Collect$$libinit$$00000019  c_w.l(libinit2.o)
    0x0000047a   0x00000000   Code   RO         1552    .ARM.Collect$$libinit$$0000001B  c_w.l(libinit2.o)
    0x0000047a   0x00000000   Code   RO         1554    .ARM.Collect$$libinit$$0000001D  c_w.l(libinit2.o)
    0x0000047a   0x00000000   Code   RO         1556    .ARM.Collect$$libinit$$0000001F  c_w.l(libinit2.o)
    0x0000047a   0x00000000   Code   RO         1558    .ARM.Collect$$libinit$$00000021  c_w.l(libinit2.o)
    0x0000047a   0x00000000   Code   RO         1560    .ARM.Collect$$libinit$$00000023  c_w.l(libinit2.o)
    0x0000047a   0x00000000   Code   RO         1562    .ARM.Collect$$libinit$$00000025  c_w.l(libinit2.o)
    0x0000047a   0x00000000   Code   RO         1566    .ARM.Collect$$libinit$$0000002C  c_w.l(libinit2.o)
    0x0000047a   0x00000000   Code   RO         1568    .ARM.Collect$$libinit$$0000002E  c_w.l(libinit2.o)
    0x0000047a   0x00000000   Code   RO         1570    .ARM.Collect$$libinit$$00000030  c_w.l(libinit2.o)
    0x0000047a   0x00000000   Code   RO         1572    .ARM.Collect$$libinit$$00000032  c_w.l(libinit2.o)
    0x0000047a   0x00000002   Code   RO         1573    .ARM.Collect$$libinit$$00000033  c_w.l(libinit2.o)
    0x0000047c   0x00000002   Code   RO         1709    .ARM.Collect$$libshutdown$$00000000  c_w.l(libshutdown.o)
    0x0000047e   0x00000000   Code   RO         1575    .ARM.Collect$$libshutdown$$00000002  c_w.l(libshutdown2.o)
    0x0000047e   0x00000000   Code   RO         1577    .ARM.Collect$$libshutdown$$00000004  c_w.l(libshutdown2.o)
    0x0000047e   0x00000000   Code   RO         1580    .ARM.Collect$$libshutdown$$00000007  c_w.l(libshutdown2.o)
    0x0000047e   0x00000000   Code   RO         1583    .ARM.Collect$$libshutdown$$0000000A  c_w.l(libshutdown2.o)
    0x0000047e   0x00000000   Code   RO         1585    .ARM.Collect$$libshutdown$$0000000C  c_w.l(libshutdown2.o)
    0x0000047e   0x00000000   Code   RO         1588    .ARM.Collect$$libshutdown$$0000000F  c_w.l(libshutdown2.o)
    0x0000047e   0x00000002   Code   RO         1589    .ARM.Collect$$libshutdown$$00000010  c_w.l(libshutdown2.o)
    0x00000480   0x00000000   Code   RO         1428    .ARM.Collect$$rtentry$$00000000  c_w.l(__rtentry.o)
    0x00000480   0x00000000   Code   RO         1441    .ARM.Collect$$rtentry$$00000002  c_w.l(__rtentry2.o)
    0x00000480   0x00000006   Code   RO         1453    .ARM.Collect$$rtentry$$00000004  c_w.l(__rtentry4.o)
    0x00000486   0x00000000   Code   RO         1443    .ARM.Collect$$rtentry$$00000009  c_w.l(__rtentry2.o)
    0x00000486   0x00000004   Code   RO         1444    .ARM.Collect$$rtentry$$0000000A  c_w.l(__rtentry2.o)
    0x0000048a   0x00000000   Code   RO         1446    .ARM.Collect$$rtentry$$0000000C  c_w.l(__rtentry2.o)
    0x0000048a   0x00000008   Code   RO         1447    .ARM.Collect$$rtentry$$0000000D  c_w.l(__rtentry2.o)
    0x00000492   0x00000002   Code   RO         1645    .ARM.Collect$$rtexit$$00000000  c_w.l(rtexit.o)
    0x00000494   0x00000000   Code   RO         1675    .ARM.Collect$$rtexit$$00000002  c_w.l(rtexit2.o)
    0x00000494   0x00000004   Code   RO         1676    .ARM.Collect$$rtexit$$00000003  c_w.l(rtexit2.o)
    0x00000498   0x00000006   Code   RO         1677    .ARM.Collect$$rtexit$$00000004  c_w.l(rtexit2.o)
    0x0000049e   0x00000002   PAD
    0x000004a0   0x00000076   Code   RO          169    .emb_text           nrf_delay.o
    0x00000516   0x00000002   PAD
    0x00000518   0x00000076   Code   RO          528    .emb_text           twi_hw_master.o
    0x0000058e   0x00000002   PAD
    0x00000590   0x00000040   Code   RO         1327    .text               arm_startup_nrf52.o
    0x000005d0   0x00000002   Code   RO         1404    .text               c_w.l(use_no_semi_2.o)
    0x000005d2   0x0000008a   Code   RO         1416    .text               c_w.l(rt_memcpy_v6.o)
    0x0000065c   0x00000064   Code   RO         1418    .text               c_w.l(rt_memcpy_w.o)
    0x000006c0   0x00000006   Code   RO         1422    .text               c_w.l(heapauxi.o)
    0x000006c6   0x00000002   Code   RO         1426    .text               c_w.l(use_no_semi.o)
    0x000006c8   0x0000004a   Code   RO         1590    .text               c_w.l(sys_stackheap_outer.o)
    0x00000712   0x00000012   Code   RO         1626    .text               c_w.l(exit.o)
    0x00000724   0x00000008   Code   RO         1642    .text               c_w.l(libspace.o)
    0x0000072c   0x00000080   Code   RO          677    i.SEGGER_RTT_ConfigUpBuffer  segger_rtt.o
    0x000007ac   0x00000170   Code   RO          683    i.SEGGER_RTT_Write  segger_rtt.o
    0x0000091c   0x0000001a   Code   RO          756    i.SEGGER_RTT_printf  segger_rtt_printf.o
    0x00000936   0x000001f8   Code   RO          757    i.SEGGER_RTT_vprintf  segger_rtt_printf.o
    0x00000b2e   0x00000002   PAD
    0x00000b30   0x00000010   Code   RO         1334    i.SystemCoreClockUpdate  system_nrf52.o
    0x00000b40   0x0000018c   Code   RO         1335    i.SystemInit        system_nrf52.o
    0x00000ccc   0x00000018   Code   RO          799    i.TIMER1_IRQHandler  nrf_drv_timer.o
    0x00000ce4   0x00000018   Code   RO          201    i.UARTE0_UART0_IRQHandler  nrf_drv_uart.o
    0x00000cfc   0x00000002   Code   RO          685    i._Init             segger_rtt.o
    0x00000cfe   0x000000ea   Code   RO          758    i._PrintInt         segger_rtt_printf.o
    0x00000de8   0x000000f4   Code   RO          759    i._PrintUnsigned    segger_rtt_printf.o
    0x00000edc   0x00000044   Code   RO          760    i._StoreChar        segger_rtt_printf.o
    0x00000f20   0x00000004   Code   RO          583    i._sys_exit         rtt_syscalls_keil.o
    0x00000f24   0x00000044   Code   RO         1223    i.app_error_fault_handler  app_error_weak.o
    0x00000f68   0x0000001c   Code   RO         1083    i.app_error_handler_bare  app_error.o
    0x00000f84   0x00000030   Code   RO         1336    i.errata_16         system_nrf52.o
    0x00000fb4   0x00000054   Code   RO         1337    i.errata_31         system_nrf52.o
    0x00001008   0x00000030   Code   RO         1338    i.errata_32         system_nrf52.o
    0x00001038   0x00000054   Code   RO         1339    i.errata_36         system_nrf52.o
    0x0000108c   0x00000030   Code   RO         1340    i.errata_37         system_nrf52.o
    0x000010bc   0x00000030   Code   RO         1341    i.errata_57         system_nrf52.o
    0x000010ec   0x00000030   Code   RO         1342    i.errata_66         system_nrf52.o
    0x0000111c   0x0000005c   Code   RO          800    i.irq_handler       nrf_drv_timer.o
    0x00001178   0x00000074   Code   RO            5    i.main              main.o
    0x000011ec   0x0000008c   Code   RO         1286    i.max30102_init     max30102.o
    0x00001278   0x00000064   Code   RO            6    i.max30102_read_event_init  main.o
    0x000012dc   0x00000034   Code   RO         1287    i.max30102_register_read  max30102.o
    0x00001310   0x00000024   Code   RO         1288    i.max30102_register_write  max30102.o
    0x00001334   0x0000001a   Code   RO          170    i.nrf_delay_ms      nrf_delay.o
    0x0000134e   0x00000002   PAD
    0x00001350   0x00000060   Code   RO          497    i.nrf_drv_common_irq_enable  nrf_drv_common.o
    0x000013b0   0x0000000a   Code   RO          801    i.nrf_drv_get_IRQn  nrf_drv_timer.o
    0x000013ba   0x00000038   Code   RO          804    i.nrf_drv_timer_compare  nrf_drv_timer.o
    0x000013f2   0x00000002   PAD
    0x000013f4   0x00000024   Code   RO          808    i.nrf_drv_timer_enable  nrf_drv_timer.o
    0x00001418   0x00000042   Code   RO          809    i.nrf_drv_timer_extended_compare  nrf_drv_timer.o
    0x0000145a   0x00000002   PAD
    0x0000145c   0x000000b0   Code   RO          811    i.nrf_drv_timer_init  nrf_drv_timer.o
    0x0000150c   0x0000000e   Code   RO          815    i.nrf_timer_compare_event_get  nrf_drv_timer.o
    0x0000151a   0x0000000a   Code   RO          816    i.nrf_timer_compare_int_get  nrf_drv_timer.o
    0x00001524   0x00000006   Code   RO          817    i.nrf_timer_event_clear  nrf_drv_timer.o
    0x0000152a   0x00000006   Code   RO          818    i.nrf_timer_int_disable  nrf_drv_timer.o
    0x00001530   0x00000006   Code   RO          819    i.nrf_timer_int_enable  nrf_drv_timer.o
    0x00001536   0x0000000c   Code   RO          820    i.nrf_timer_shorts_disable  nrf_drv_timer.o
    0x00001542   0x00000006   Code   RO          821    i.nrf_timer_task_trigger  nrf_drv_timer.o
    0x00001548   0x0000000c   Code   RO          222    i.nrf_uart_errorsrc_get_and_clear  nrf_drv_uart.o
    0x00001554   0x0000000e   Code   RO          223    i.nrf_uart_event_check  nrf_drv_uart.o
    0x00001562   0x00000006   Code   RO          224    i.nrf_uart_event_clear  nrf_drv_uart.o
    0x00001568   0x00000006   Code   RO          226    i.nrf_uart_int_disable  nrf_drv_uart.o
    0x0000156e   0x00000012   Code   RO          228    i.nrf_uart_int_enable_check  nrf_drv_uart.o
    0x00001580   0x00000006   Code   RO          229    i.nrf_uart_task_trigger  nrf_drv_uart.o
    0x00001586   0x0000000c   Code   RO          231    i.nrf_uarte_errorsrc_get_and_clear  nrf_drv_uart.o
    0x00001592   0x0000000e   Code   RO          232    i.nrf_uarte_event_check  nrf_drv_uart.o
    0x000015a0   0x00000006   Code   RO          233    i.nrf_uarte_event_clear  nrf_drv_uart.o
    0x000015a6   0x0000000a   Code   RO          237    i.nrf_uarte_rx_amount_get  nrf_drv_uart.o
    0x000015b0   0x00000050   Code   RO          241    i.rx_byte           nrf_drv_uart.o
    0x00001600   0x00000024   Code   RO          242    i.rx_done_event     nrf_drv_uart.o
    0x00001624   0x00000088   Code   RO            7    i.timer_handler     main.o
    0x000016ac   0x000000c0   Code   RO          529    i.twi_master_clear_bus  twi_hw_master.o
    0x0000176c   0x0000006c   Code   RO          530    i.twi_master_init   twi_hw_master.o
    0x000017d8   0x000000e8   Code   RO          531    i.twi_master_read   twi_hw_master.o
    0x000018c0   0x0000004c   Code   RO          532    i.twi_master_transfer  twi_hw_master.o
    0x0000190c   0x000000b4   Code   RO          533    i.twi_master_write  twi_hw_master.o
    0x000019c0   0x00000038   Code   RO          244    i.tx_byte           nrf_drv_uart.o
    0x000019f8   0x0000002c   Code   RO          245    i.tx_done_event     nrf_drv_uart.o
    0x00001a24   0x00000160   Code   RO          246    i.uart_irq_handler  nrf_drv_uart.o
    0x00001b84   0x0000012c   Code   RO          247    i.uarte_irq_handler  nrf_drv_uart.o
    0x00001cb0   0x0000000a   Code   RO         1640    x$fpl$fpinit        fz_wm.l(fpinit.o)
    0x00001cba   0x00000002   PAD
    0x00001cbc   0x00000008   Data   RO            8    .constdata          main.o
    0x00001cc4   0x00000010   Data   RO          761    .constdata          segger_rtt_printf.o
    0x00001cd4   0x00000008   Data   RO          823    .constdata          nrf_drv_timer.o
    0x00001cdc   0x00000009   Data   RO          688    .conststring        segger_rtt.o
    0x00001ce5   0x00000003   PAD
    0x00001ce8   0x00000020   Data   RO         1710    Region$$Table       anon$$obj.o


    Execution Region RW_IRAM1 (Base: 0x20000000, Size: 0x00004530, Max: 0x00010000, ABSOLUTE)

    Base Addr    Size         Type   Attr      Idx    E Section Name        Object

    0x20000000   0x00000014   Data   RW            9    .data               main.o
    0x20000014   0x00000078   Data   RW          689    .data               segger_rtt.o
    0x2000008c   0x00000001   Data   RW         1289    .data               max30102.o
    0x2000008d   0x00000003   PAD
    0x20000090   0x00000004   Data   RW         1343    .data               system_nrf52.o
    0x20000094   0x00000020   Zero   RW          248    .bss                nrf_drv_uart.o
    0x200000b4   0x00000410   Zero   RW          687    .bss                segger_rtt.o
    0x200004c4   0x0000000c   Zero   RW          822    .bss                nrf_drv_timer.o
    0x200004d0   0x00000060   Zero   RW         1643    .bss                c_w.l(libspace.o)
    0x20000530   0x00002000   Zero   RW         1325    HEAP                arm_startup_nrf52.o
    0x20002530   0x00002000   Zero   RW         1324    STACK               arm_startup_nrf52.o


==============================================================================

Image component sizes


      Code (inc. data)   RO Data    RW Data    ZI Data      Debug   Object Name

        28          0          0          0          0       2109   app_error.o
        68          8          0          0          0      27405   app_error_weak.o
        64         26       1024          0      16384        920   arm_startup_nrf52.o
       352         42          8         20          0      48186   main.o
       228         22          0          1          0       2739   max30102.o
       144          0          0          0          0       1611   nrf_delay.o
        96         12          0          0          0      27619   nrf_drv_common.o
       520         26          8          0         12      17909   nrf_drv_timer.o
       996         66          0          0         32      21982   nrf_drv_uart.o
         4          0          0          0          0        524   rtt_syscalls_keil.o
       498          8          9        120       1040       3495   segger_rtt.o
      1076          4         16          0          0       6429   segger_rtt_printf.o
       820         88          0          4          0       5179   system_nrf52.o
       906         64          0          0          0       5560   twi_hw_master.o

    ----------------------------------------------------------------------
      5812        366       1100        148      17468     171667   Object Totals
         0          0         32          0          0          0   (incl. Generated)
        12          0          3          3          0          0   (incl. Padding)

    ----------------------------------------------------------------------

      Code (inc. data)   RO Data    RW Data    ZI Data      Debug   Library Member Name

         8          0          0          0          0         68   __main.o
         0          0          0          0          0          0   __rtentry.o
        12          0          0          0          0          0   __rtentry2.o
         6          0          0          0          0          0   __rtentry4.o
        52          8          0          0          0          0   __scatter.o
        26          0          0          0          0          0   __scatter_copy.o
        28          0          0          0          0          0   __scatter_zi.o
        18          0          0          0          0         80   exit.o
         6          0          0          0          0        152   heapauxi.o
         2          0          0          0          0          0   libinit.o
         6          0          0          0          0          0   libinit2.o
         2          0          0          0          0          0   libshutdown.o
         2          0          0          0          0          0   libshutdown2.o
         8          4          0          0         96         68   libspace.o
       138          0          0          0          0         68   rt_memcpy_v6.o
       100          0          0          0          0         80   rt_memcpy_w.o
         2          0          0          0          0          0   rtexit.o
        10          0          0          0          0          0   rtexit2.o
        74          0          0          0          0         80   sys_stackheap_outer.o
         2          0          0          0          0         68   use_no_semi.o
         2          0          0          0          0         68   use_no_semi_2.o
        10          0          0          0          0        116   fpinit.o

    ----------------------------------------------------------------------
       520         12          0          0         96        848   Library Totals
         6          0          0          0          0          0   (incl. Padding)

    ----------------------------------------------------------------------

      Code (inc. data)   RO Data    RW Data    ZI Data      Debug   Library Name

       504         12          0          0         96        732   c_w.l
        10          0          0          0          0        116   fz_wm.l

    ----------------------------------------------------------------------
       520         12          0          0         96        848   Library Totals

    ----------------------------------------------------------------------

==============================================================================


      Code (inc. data)   RO Data    RW Data    ZI Data      Debug   

      6332        378       1100        148      17564     166055   Grand Totals
      6332        378       1100        148      17564     166055   ELF Image Totals
      6332        378       1100        148          0          0   ROM Totals

==============================================================================

    Total RO  Size (Code + RO Data)                 7432 (   7.26kB)
    Total RW  Size (RW Data + ZI Data)             17712 (  17.30kB)
    Total ROM Size (Code + RO Data + RW Data)       7580 (   7.40kB)

==============================================================================

