Component: ARM Compiler 5.06 update 1 (build 61) Tool: armlink [4d35a8]

==============================================================================

Section Cross References

    main.o(i.main) refers to _printf_percent.o(.ARM.Collect$$_printf_percent$$00000000) for _printf_percent
    main.o(i.main) refers to _printf_d.o(.ARM.Collect$$_printf_percent$$00000009) for _printf_d
    main.o(i.main) refers to _printf_dec.o(.text) for _printf_int_dec
    main.o(i.main) refers to main.o(i.uart_config) for uart_config
    main.o(i.main) refers to twi_hw_master.o(i.twi_master_init) for twi_master_init
    main.o(i.main) refers to nrf_delay.o(i.nrf_delay_ms) for nrf_delay_ms
    main.o(i.main) refers to noretval__2printf.o(.text) for __2printf
    main.o(i.main) refers to mpu6050.o(i.mpu6050_init) for mpu6050_init
    main.o(i.main) refers to mpu6050.o(i.mpu6050_register_read) for mpu6050_register_read
    main.o(i.main) refers to mpu6050.o(i.MPU6050_ReadAcc) for MPU6050_ReadAcc
    main.o(i.main) refers to mpu6050.o(i.MPU6050_ReadGyro) for MPU6050_ReadGyro
    main.o(i.uart_config) refers to app_uart_fifo.o(i.app_uart_init) for app_uart_init
    main.o(i.uart_config) refers to app_error.o(i.app_error_handler_bare) for app_error_handler_bare
    main.o(i.uart_config) refers to main.o(.constdata) for .constdata
    main.o(i.uart_config) refers to main.o(.data) for rx_buf
    main.o(i.uart_config) refers to main.o(.bss) for tx_buf
    main.o(i.uart_config) refers to main.o(i.uart_error_handle) for uart_error_handle
    main.o(i.uart_error_handle) refers to app_error.o(i.app_error_handler_bare) for app_error_handler_bare
    nrf_delay.o(i.nrf_delay_ms) refers to nrf_delay.o(.emb_text) for __asm___11_nrf_delay_c_532987f3__nrf_delay_us
    nrf_drv_uart.o(i.UARTE0_UART0_IRQHandler) refers to nrf_drv_uart.o(i.uarte_irq_handler) for uarte_irq_handler
    nrf_drv_uart.o(i.UARTE0_UART0_IRQHandler) refers to nrf_drv_uart.o(i.uart_irq_handler) for uart_irq_handler
    nrf_drv_uart.o(i.UARTE0_UART0_IRQHandler) refers to nrf_drv_uart.o(.bss) for m_cb
    nrf_drv_uart.o(i.apply_config) refers to nrf_drv_uart.o(i.nrf_gpio_pin_set) for nrf_gpio_pin_set
    nrf_drv_uart.o(i.apply_config) refers to nrf_drv_uart.o(i.nrf_gpio_cfg_output) for nrf_gpio_cfg_output
    nrf_drv_uart.o(i.apply_config) refers to nrf_drv_uart.o(i.nrf_gpio_cfg_input) for nrf_gpio_cfg_input
    nrf_drv_uart.o(i.apply_config) refers to nrf_drv_uart.o(i.nrf_uarte_txrx_pins_set) for nrf_uarte_txrx_pins_set
    nrf_drv_uart.o(i.apply_config) refers to nrf_drv_uart.o(i.nrf_uarte_hwfc_pins_set) for nrf_uarte_hwfc_pins_set
    nrf_drv_uart.o(i.apply_config) refers to nrf_drv_uart.o(i.nrf_uart_txrx_pins_set) for nrf_uart_txrx_pins_set
    nrf_drv_uart.o(i.apply_config) refers to nrf_drv_uart.o(i.nrf_uart_hwfc_pins_set) for nrf_uart_hwfc_pins_set
    nrf_drv_uart.o(i.apply_config) refers to nrf_drv_uart.o(.bss) for m_cb
    nrf_drv_uart.o(i.nrf_drv_uart_errorsrc_get) refers to nrf_drv_uart.o(i.nrf_uarte_event_clear) for nrf_uarte_event_clear
    nrf_drv_uart.o(i.nrf_drv_uart_errorsrc_get) refers to nrf_drv_uart.o(i.nrf_uarte_errorsrc_get_and_clear) for nrf_uarte_errorsrc_get_and_clear
    nrf_drv_uart.o(i.nrf_drv_uart_errorsrc_get) refers to nrf_drv_uart.o(i.nrf_uart_event_clear) for nrf_uart_event_clear
    nrf_drv_uart.o(i.nrf_drv_uart_errorsrc_get) refers to nrf_drv_uart.o(i.nrf_uart_errorsrc_get_and_clear) for nrf_uart_errorsrc_get_and_clear
    nrf_drv_uart.o(i.nrf_drv_uart_errorsrc_get) refers to nrf_drv_uart.o(.bss) for m_cb
    nrf_drv_uart.o(i.nrf_drv_uart_init) refers to nrf_drv_uart.o(i.apply_config) for apply_config
    nrf_drv_uart.o(i.nrf_drv_uart_init) refers to nrf_drv_uart.o(i.nrf_uarte_event_clear) for nrf_uarte_event_clear
    nrf_drv_uart.o(i.nrf_drv_uart_init) refers to nrf_drv_uart.o(i.nrf_uarte_int_enable) for nrf_uarte_int_enable
    nrf_drv_uart.o(i.nrf_drv_uart_init) refers to nrf_drv_uart.o(i.nrf_uart_event_clear) for nrf_uart_event_clear
    nrf_drv_uart.o(i.nrf_drv_uart_init) refers to nrf_drv_uart.o(i.nrf_uart_int_enable) for nrf_uart_int_enable
    nrf_drv_uart.o(i.nrf_drv_uart_init) refers to nrf_drv_common.o(i.nrf_drv_common_irq_enable) for nrf_drv_common_irq_enable
    nrf_drv_uart.o(i.nrf_drv_uart_init) refers to nrf_drv_uart.o(.bss) for m_cb
    nrf_drv_uart.o(i.nrf_drv_uart_init) refers to nrf_drv_uart.o(.constdata) for m_default_config
    nrf_drv_uart.o(i.nrf_drv_uart_rx) refers to nrf_drv_uart.o(i.nrf_uarte_int_disable) for nrf_uarte_int_disable
    nrf_drv_uart.o(i.nrf_drv_uart_rx) refers to nrf_drv_uart.o(i.nrf_uart_int_disable) for nrf_uart_int_disable
    nrf_drv_uart.o(i.nrf_drv_uart_rx) refers to nrf_drv_uart.o(i.nrf_uarte_int_enable) for nrf_uarte_int_enable
    nrf_drv_uart.o(i.nrf_drv_uart_rx) refers to nrf_drv_uart.o(i.nrf_uart_int_enable) for nrf_uart_int_enable
    nrf_drv_uart.o(i.nrf_drv_uart_rx) refers to nrf_drv_uart.o(i.nrf_drv_uart_rx_for_uarte) for nrf_drv_uart_rx_for_uarte
[...]
    __printf_flags_ss_wp.o(.text) refers to __printf_wp.o(i._is_digit) for _is_digit
    __printf_flags_ss_wp.o(.text) refers to _printf_percent.o(.ARM.Collect$$_printf_percent$$00000000) for _printf_percent
    __printf_flags_ss_wp.o(.text) refers to __printf_flags_ss_wp.o(.constdata) for .constdata
    _printf_d.o(.ARM.Collect$$_printf_percent$$00000009) refers (Weak) to _printf_dec.o(.text) for _printf_int_dec
    _printf_percent.o(.ARM.Collect$$_printf_percent$$00000000) refers (Special) to _printf_percent_end.o(.ARM.Collect$$_printf_percent$$00000017) for _printf_percent_end
    __main.o(!!!main) refers to __rtentry.o(.ARM.Collect$$rtentry$$00000000) for __rt_entry
    __rtentry.o(.ARM.Collect$$rtentry$$00000000) refers (Special) to __rtentry2.o(.ARM.Collect$$rtentry$$0000000A) for __rt_entry_li
    __rtentry.o(.ARM.Collect$$rtentry$$00000000) refers (Special) to __rtentry2.o(.ARM.Collect$$rtentry$$0000000D) for __rt_entry_main
    __rtentry.o(.ARM.Collect$$rtentry$$00000000) refers (Special) to __rtentry2.o(.ARM.Collect$$rtentry$$0000000C) for __rt_entry_postli_1
    __rtentry.o(.ARM.Collect$$rtentry$$00000000) refers (Special) to __rtentry2.o(.ARM.Collect$$rtentry$$00000009) for __rt_entry_postsh_1
    __rtentry.o(.ARM.Collect$$rtentry$$00000000) refers (Special) to __rtentry2.o(.ARM.Collect$$rtentry$$00000002) for __rt_entry_presh_1
    __rtentry.o(.ARM.Collect$$rtentry$$00000000) refers (Special) to __rtentry4.o(.ARM.Collect$$rtentry$$00000004) for __rt_entry_sh
    _printf_char_file.o(.text) refers to _printf_char_common.o(.text) for _printf_char_common
    _printf_char_file.o(.text) refers to ferror.o(.text) for ferror
    _printf_char_file.o(.text) refers to retarget.o(i.fputc) for fputc
    __rtentry2.o(.ARM.Collect$$rtentry$$00000008) refers to boardinit2.o(.text) for _platform_post_stackheap_init
    __rtentry2.o(.ARM.Collect$$rtentry$$0000000A) refers to libinit.o(.ARM.Collect$$libinit$$00000000) for __rt_lib_init
    __rtentry2.o(.ARM.Collect$$rtentry$$0000000B) refers to boardinit3.o(.text) for _platform_post_lib_init
    __rtentry2.o(.ARM.Collect$$rtentry$$0000000D) refers to main.o(i.main) for main
    __rtentry2.o(.ARM.Collect$$rtentry$$0000000D) refers to exit.o(.text) for exit
    __rtentry2.o(.ARM.exidx) refers to __rtentry2.o(.ARM.Collect$$rtentry$$00000001) for .ARM.Collect$$rtentry$$00000001
    __rtentry2.o(.ARM.exidx) refers to __rtentry2.o(.ARM.Collect$$rtentry$$00000008) for .ARM.Collect$$rtentry$$00000008
    __rtentry2.o(.ARM.exidx) refers to __rtentry2.o(.ARM.Collect$$rtentry$$0000000A) for .ARM.Collect$$rtentry$$0000000A
    __rtentry2.o(.ARM.exidx) refers to __rtentry2.o(.ARM.Collect$$rtentry$$0000000B) for .ARM.Collect$$rtentry$$0000000B
    __rtentry2.o(.ARM.exidx) refers to __rtentry2.o(.ARM.Collect$$rtentry$$0000000D) for .ARM.Collect$$rtentry$$0000000D
    __rtentry4.o(.ARM.Collect$$rtentry$$00000004) refers to sys_stackheap_outer.o(.text) for __user_setup_stackheap
    __rtentry4.o(.ARM.exidx) refers to __rtentry4.o(.ARM.Collect$$rtentry$$00000004) for .ARM.Collect$$rtentry$$00000004
    _printf_char_common.o(.text) refers to __printf.o(.text) for __printf
    sys_stackheap_outer.o(.text) refers to libspace.o(.text) for __user_perproc_libspace
    sys_stackheap_outer.o(.text) refers to arm_startup_nrf52.o(.text) for __user_initial_stackheap
    exit.o(.text) refers to rtexit.o(.ARM.Collect$$rtexit$$00000000) for __rt_exit
    libinit.o(.ARM.Collect$$libinit$$00000000) refers (Special) to libinit2.o(.ARM.Collect$$libinit$$0000002E) for __rt_lib_init_alloca_1
    libinit.o(.ARM.Collect$$libinit$$00000000) refers (Special) to libinit2.o(.ARM.Collect$$libinit$$0000002C) for __rt_lib_init_argv_1
    libinit.o(.ARM.Collect$$libinit$$00000000) refers (Special) to libinit2.o(.ARM.Collect$$libinit$$0000001B) for __rt_lib_init_atexit_1
    libinit.o(.ARM.Collect$$libinit$$00000000) refers (Special) to libinit2.o(.ARM.Collect$$libinit$$00000021) for __rt_lib_init_clock_1
    libinit.o(.ARM.Collect$$libinit$$00000000) refers (Special) to libinit2.o(.ARM.Collect$$libinit$$00000032) for __rt_lib_init_cpp_1
    libinit.o(.ARM.Collect$$libinit$$00000000) refers (Special) to libinit2.o(.ARM.Collect$$libinit$$00000030) for __rt_lib_init_exceptions_1
    libinit.o(.ARM.Collect$$libinit$$00000000) refers (Special) to libinit2.o(.ARM.Collect$$libinit$$00000001) for __rt_lib_init_fp_1
    libinit.o(.ARM.Collect$$libinit$$00000000) refers (Special) to libinit2.o(.ARM.Collect$$libinit$$0000001F) for __rt_lib_init_fp_trap_1
    libinit.o(.ARM.Collect$$libinit$$00000000) refers (Special) to libinit2.o(.ARM.Collect$$libinit$$00000023) for __rt_lib_init_getenv_1
    libinit.o(.ARM.Collect$$libinit$$00000000) refers (Special) to libinit2.o(.ARM.Collect$$libinit$$0000000A) for __rt_lib_init_heap_1
    libinit.o(.ARM.Collect$$libinit$$00000000) refers (Special) to libinit2.o(.ARM.Collect$$libinit$$00000011) for __rt_lib_init_lc_collate_1
    libinit.o(.ARM.Collect$$libinit$$00000000) refers (Special) to libinit2.o(.ARM.Collect$$libinit$$00000013) for __rt_lib_init_lc_ctype_1
    libinit.o(.ARM.Collect$$libinit$$00000000) refers (Special) to libinit2.o(.ARM.Collect$$libinit$$00000015) for __rt_lib_init_lc_monetary_1
    libinit.o(.ARM.Collect$$libinit$$00000000) refers (Special) to libinit2.o(.ARM.Collect$$libinit$$00000017) for __rt_lib_init_lc_numeric_1
    libinit.o(.ARM.Collect$$libinit$$00000000) refers (Special) to libinit2.o(.ARM.Collect$$libinit$$00000019) for __rt_lib_init_lc_time_1
    libinit.o(.ARM.Collect$$libinit$$00000000) refers (Special) to libinit2.o(.ARM.Collect$$libinit$$00000004) for __rt_lib_init_preinit_1
    libinit.o(.ARM.Collect$$libinit$$00000000) refers (Special) to libinit2.o(.ARM.Collect$$libinit$$0000000E) for __rt_lib_init_rand_1
    libinit.o(.ARM.Collect$$libinit$$00000000) refers (Special) to libinit2.o(.ARM.Collect$$libinit$$00000033) for __rt_lib_init_return
    libinit.o(.ARM.Collect$$libinit$$00000000) refers (Special) to libinit2.o(.ARM.Collect$$libinit$$0000001D) for __rt_lib_init_signal_1
    libinit.o(.ARM.Collect$$libinit$$00000000) refers (Special) to libinit2.o(.ARM.Collect$$libinit$$00000025) for __rt_lib_init_stdio_1
    libinit.o(.ARM.Collect$$libinit$$00000000) refers (Special) to libinit2.o(.ARM.Collect$$libinit$$0000000C) for __rt_lib_init_user_alloc_1
    libspace.o(.text) refers to libspace.o(.bss) for __libspace_start
    rtexit.o(.ARM.Collect$$rtexit$$00000000) refers (Special) to rtexit2.o(.ARM.Collect$$rtexit$$00000004) for __rt_exit_exit
    rtexit.o(.ARM.Collect$$rtexit$$00000000) refers (Special) to rtexit2.o(.ARM.Collect$$rtexit$$00000003) for __rt_exit_ls
    rtexit.o(.ARM.Collect$$rtexit$$00000000) refers (Special) to rtexit2.o(.ARM.Collect$$rtexit$$00000002) for __rt_exit_prels_1
    rtexit.o(.ARM.exidx) refers (Special) to rtexit2.o(.ARM.Collect$$rtexit$$00000004) for __rt_exit_exit
    rtexit.o(.ARM.exidx) refers (Special) to rtexit2.o(.ARM.Collect$$rtexit$$00000003) for __rt_exit_ls
    rtexit.o(.ARM.exidx) refers (Special) to rtexit2.o(.ARM.Collect$$rtexit$$00000002) for __rt_exit_prels_1
    rtexit.o(.ARM.exidx) refers to rtexit.o(.ARM.Collect$$rtexit$$00000000) for .ARM.Collect$$rtexit$$00000000
    libinit2.o(.ARM.Collect$$libinit$$00000001) refers to fpinit.o(x$fpl$fpinit) for _fp_init
    libinit2.o(.ARM.Collect$$libinit$$00000010) refers to libinit2.o(.ARM.Collect$$libinit$$0000000F) for .ARM.Collect$$libinit$$0000000F
    libinit2.o(.ARM.Collect$$libinit$$00000012) refers to libinit2.o(.ARM.Collect$$libinit$$0000000F) for .ARM.Collect$$libinit$$0000000F
    libinit2.o(.ARM.Collect$$libinit$$00000014) refers to libinit2.o(.ARM.Collect$$libinit$$0000000F) for .ARM.Collect$$libinit$$0000000F
    libinit2.o(.ARM.Collect$$libinit$$00000016) refers to libinit2.o(.ARM.Collect$$libinit$$0000000F) for .ARM.Collect$$libinit$$0000000F
    libinit2.o(.ARM.Collect$$libinit$$00000018) refers to libinit2.o(.ARM.Collect$$libinit$$0000000F) for .ARM.Collect$$libinit$$0000000F
    libinit2.o(.ARM.Collect$$libinit$$00000026) refers to argv_veneer.o(.emb_text) for __ARM_argv_veneer
    libinit2.o(.ARM.Collect$$libinit$$00000027) refers to argv_veneer.o(.emb_text) for __ARM_argv_veneer
    rtexit2.o(.ARM.Collect$$rtexit$$00000003) refers to libshutdown.o(.ARM.Collect$$libshutdown$$00000000) for __rt_lib_shutdown
    rtexit2.o(.ARM.Collect$$rtexit$$00000004) refers to sys_exit.o(.text) for _sys_exit
    rtexit2.o(.ARM.exidx) refers to rtexit2.o(.ARM.Collect$$rtexit$$00000001) for .ARM.Collect$$rtexit$$00000001
    rtexit2.o(.ARM.exidx) refers to rtexit2.o(.ARM.Collect$$rtexit$$00000003) for .ARM.Collect$$rtexit$$00000003
    rtexit2.o(.ARM.exidx) refers to rtexit2.o(.ARM.Collect$$rtexit$$00000004) for .ARM.Collect$$rtexit$$00000004
    argv_veneer.o(.emb_text) refers to no_argv.o(.text) for __ARM_get_argv
    sys_exit.o(.text) refers (Special) to use_no_semi.o(.text) for __I$use$semihosting
    sys_exit.o(.text) refers (Special) to indicate_semi.o(.text) for __semihosting_library_function
    _get_argv_nomalloc.o(.text) refers (Special) to hrguard.o(.text) for __heap_region$guard
    _get_argv_nomalloc.o(.text) refers to defsig_rtmem_outer.o(.text) for __rt_SIGRTMEM
    _get_argv_nomalloc.o(.text) refers to sys_command.o(.text) for _sys_command_string
    libshutdown.o(.ARM.Collect$$libshutdown$$00000000) refers (Special) to libshutdown2.o(.ARM.Collect$$libshutdown$$00000002) for __rt_lib_shutdown_cpp_1
    libshutdown.o(.ARM.Collect$$libshutdown$$00000000) refers (Special) to libshutdown2.o(.ARM.Collect$$libshutdown$$00000007) for __rt_lib_shutdown_fp_trap_1
    libshutdown.o(.ARM.Collect$$libshutdown$$00000000) refers (Special) to libshutdown2.o(.ARM.Collect$$libshutdown$$0000000F) for __rt_lib_shutdown_heap_1
    libshutdown.o(.ARM.Collect$$libshutdown$$00000000) refers (Special) to libshutdown2.o(.ARM.Collect$$libshutdown$$00000010) for __rt_lib_shutdown_return
    libshutdown.o(.ARM.Collect$$libshutdown$$00000000) refers (Special) to libshutdown2.o(.ARM.Collect$$libshutdown$$0000000A) for __rt_lib_shutdown_signal_1
    libshutdown.o(.ARM.Collect$$libshutdown$$00000000) refers (Special) to libshutdown2.o(.ARM.Collect$$libshutdown$$00000004) for __rt_lib_shutdown_stdio_1
    libshutdown.o(.ARM.Collect$$libshutdown$$00000000) refers (Special) to libshutdown2.o(.ARM.Collect$$libshutdown$$0000000C) for __rt_lib_shutdown_user_alloc_1
    sys_command.o(.text) refers (Special) to use_no_semi.o(.text) for __I$use$semihosting
    sys_command.o(.text) refers (Special) to indicate_semi.o(.text) for __semihosting_library_function
    defsig_rtmem_outer.o(.text) refers to defsig_rtmem_inner.o(.text) for __rt_SIGRTMEM_inner
    defsig_rtmem_outer.o(.text) refers to defsig_exit.o(.text) for __sig_exit
    defsig_rtmem_formal.o(.text) refers to rt_raise.o(.text) for __rt_raise
    rt_raise.o(.text) refers to __raise.o(.text) for __raise
    rt_raise.o(.text) refers to sys_exit.o(.text) for _sys_exit
    defsig_exit.o(.text) refers to sys_exit.o(.text) for _sys_exit
    defsig_rtmem_inner.o(.text) refers to defsig_general.o(.text) for __default_signal_display
    __raise.o(.text) refers to defsig.o(CL$$defsig) for __default_signal_handler
    defsig_general.o(.text) refers to sys_wrch.o(.text) for _ttywrch
    sys_wrch.o(.text) refers (Special) to use_no_semi.o(.text) for __I$use$semihosting
    sys_wrch.o(.text) refers (Special) to indicate_semi.o(.text) for __semihosting_library_function
    defsig.o(CL$$defsig) refers to defsig_rtmem_inner.o(.text) for __rt_SIGRTMEM_inner
    defsig_abrt_inner.o(.text) refers to defsig_general.o(.text) for __default_signal_display
    defsig_fpe_inner.o(.text) refers to defsig_general.o(.text) for __default_signal_display
    defsig_rtred_inner.o(.text) refers to defsig_general.o(.text) for __default_signal_display
    defsig_stak_inner.o(.text) refers to defsig_general.o(.text) for __default_signal_display
    defsig_pvfn_inner.o(.text) refers to defsig_general.o(.text) for __default_signal_display
    defsig_cppl_inner.o(.text) refers to defsig_general.o(.text) for __default_signal_display
    defsig_segv_inner.o(.text) refers to defsig_general.o(.text) for __default_signal_display
    defsig_other.o(.text) refers to defsig_general.o(.text) for __default_signal_display


==============================================================================

Removing Unused input sections from the image.

    Removing main.o(.rev16_text), (4 bytes).
    Removing main.o(.revsh_text), (4 bytes).
    Removing main.o(.rrx_text), (6 bytes).
    Removing main.o(.emb_text), (118 bytes).
    Removing nrf_delay.o(.rev16_text), (4 bytes).
    Removing nrf_delay.o(.revsh_text), (4 bytes).
    Removing nrf_delay.o(.rrx_text), (6 bytes).
    Removing nrf_drv_uart.o(.rev16_text), (4 bytes).
    Removing nrf_drv_uart.o(.revsh_text), (4 bytes).
    Removing nrf_drv_uart.o(.rrx_text), (6 bytes).
    Removing nrf_drv_uart.o(i.nrf_drv_uart_errorsrc_get), (60 bytes).
    Removing nrf_drv_uart.o(i.nrf_drv_uart_rx_abort), (48 bytes).
    Removing nrf_drv_uart.o(i.nrf_drv_uart_rx_disable), (32 bytes).
    Removing nrf_drv_uart.o(i.nrf_drv_uart_tx_abort), (96 bytes).
    Removing nrf_drv_uart.o(i.nrf_drv_uart_uninit), (128 bytes).
    Removing nrf_drv_uart.o(i.nrf_gpio_cfg_default), (24 bytes).
    Removing nrf_drv_uart.o(i.pins_to_default), (200 bytes).
    Removing nrf_drv_common.o(.rev16_text), (4 bytes).
    Removing nrf_drv_common.o(.revsh_text), (4 bytes).
    Removing nrf_drv_common.o(.rrx_text), (6 bytes).
    Removing twi_hw_master.o(.rev16_text), (4 bytes).
    Removing twi_hw_master.o(.revsh_text), (4 bytes).
    Removing twi_hw_master.o(.rrx_text), (6 bytes).
    Removing app_uart_fifo.o(.rev16_text), (4 bytes).
    Removing app_uart_fifo.o(.revsh_text), (4 bytes).
    Removing app_uart_fifo.o(.rrx_text), (6 bytes).
    Removing app_uart_fifo.o(i.app_uart_close), (10 bytes).
    Removing app_uart_fifo.o(i.app_uart_flush), (52 bytes).
    Removing app_uart_fifo.o(i.app_uart_get), (56 bytes).
    Removing app_util_platform.o(.rev16_text), (4 bytes).
    Removing app_util_platform.o(.revsh_text), (4 bytes).
    Removing app_util_platform.o(.rrx_text), (6 bytes).
    Removing app_util_platform.o(i.app_util_critical_region_enter), (10 bytes).
    Removing app_util_platform.o(i.app_util_critical_region_exit), (10 bytes).
    Removing app_util_platform.o(i.app_util_disable_irq), (20 bytes).
    Removing app_util_platform.o(i.app_util_enable_irq), (24 bytes).
    Removing app_util_platform.o(.data), (4 bytes).
    Removing app_error.o(.rev16_text), (4 bytes).
    Removing app_error.o(.revsh_text), (4 bytes).
    Removing app_error.o(.rrx_text), (6 bytes).
    Removing app_error.o(i.app_error_handler), (32 bytes).
    Removing app_error.o(i.app_error_save_and_stop), (136 bytes).
    Removing app_error.o(.bss), (32 bytes).
    Removing nrf_assert.o(.rev16_text), (4 bytes).
    Removing nrf_assert.o(.revsh_text), (4 bytes).
    Removing nrf_assert.o(.rrx_text), (6 bytes).
    Removing app_fifo.o(.rev16_text), (4 bytes).
    Removing app_fifo.o(.revsh_text), (4 bytes).
    Removing app_fifo.o(.rrx_text), (6 bytes).
    Removing app_fifo.o(i.app_fifo_flush), (10 bytes).
    Removing app_fifo.o(i.app_fifo_peek), (36 bytes).
    Removing app_fifo.o(i.app_fifo_read), (102 bytes).
    Removing app_fifo.o(i.app_fifo_write), (106 bytes).
    Removing app_error_weak.o(.rev16_text), (4 bytes).
    Removing app_error_weak.o(.revsh_text), (4 bytes).
    Removing app_error_weak.o(.rrx_text), (6 bytes).
    Removing retarget.o(.rev16_text), (4 bytes).
    Removing retarget.o(.revsh_text), (4 bytes).
    Removing retarget.o(.rrx_text), (6 bytes).
    Removing retarget.o(i.fgetc), (22 bytes).
    Removing system_nrf52.o(.rev16_text), (4 bytes).
    Removing system_nrf52.o(.revsh_text), (4 bytes).
    Removing system_nrf52.o(.rrx_text), (6 bytes).

63 unused section(s) (total 1550 bytes) removed from the image.

==============================================================================

Image Symbol Table

    Local Symbols

    Symbol Name                              Value     Ov Type        Size  Object(Section)

    RESET                                    0x00000000   Section     1024  arm_startup_nrf52.o(RESET)
    ../clib/angel/boardlib.s                 0x00000000   Number         0  boardshut.o ABSOLUTE
    ../clib/angel/boardlib.s                 0x00000000   Number         0  boardinit2.o ABSOLUTE
    ../clib/angel/boardlib.s                 0x00000000   Number         0  boardinit3.o ABSOLUTE
    ../clib/angel/boardlib.s                 0x00000000   Number         0  boardinit1.o ABSOLUTE
    ../clib/angel/handlers.s                 0x00000000   Number         0  __scatter_copy.o ABSOLUTE
    ../clib/angel/handlers.s                 0x00000000   Number         0  __scatter_zi.o ABSOLUTE
    ../clib/angel/kernel.s                   0x00000000   Number         0  rtexit.o ABSOLUTE
    ../clib/angel/kernel.s                   0x00000000   Number         0  __rtentry.o ABSOLUTE
    ../clib/angel/kernel.s                   0x00000000   Number         0  __rtentry4.o ABSOLUTE
    ../clib/angel/kernel.s                   0x00000000   Number         0  __rtentry2.o ABSOLUTE
    ../clib/angel/kernel.s                   0x00000000   Number         0  rtexit2.o ABSOLUTE
    ../clib/angel/rt.s                       0x00000000   Number         0  rt_raise.o ABSOLUTE
    ../clib/angel/scatter.s                  0x00000000   Number         0  __scatter.o ABSOLUTE
    ../clib/angel/startup.s                  0x00000000   Number         0  __main.o ABSOLUTE
    ../clib/angel/sys.s                      0x00000000   Number         0  libspace.o ABSOLUTE
    ../clib/angel/sys.s                      0x00000000   Number         0  sys_stackheap_outer.o ABSOLUTE
    ../clib/angel/sys.s                      0x00000000   Number         0  indicate_semi.o ABSOLUTE
    ../clib/angel/sys.s                      0x00000000   Number         0  use_no_semi.o ABSOLUTE
    ../clib/angel/sysapp.c                   0x00000000   Number         0  sys_wrch.o ABSOLUTE
    ../clib/angel/sysapp.c                   0x00000000   Number         0  sys_command.o ABSOLUTE
    ../clib/angel/sysapp.c                   0x00000000   Number         0  sys_exit.o ABSOLUTE
    ../clib/armsys.c                         0x00000000   Number         0  _get_argv_nomalloc.o ABSOLUTE
    ../clib/armsys.c                         0x00000000   Number         0  argv_veneer.o ABSOLUTE
    ../clib/armsys.c                         0x00000000   Number         0  argv_veneer.o ABSOLUTE
    ../clib/armsys.c                         0x00000000   Number         0  no_argv.o ABSOLUTE
    ../clib/heapalloc.c                      0x00000000   Number         0  hrguard.o ABSOLUTE
    ../clib/heapaux.c                        0x00000000   Number         0  heapauxi.o ABSOLUTE
    ../clib/libinit.s                        0x00000000   Number         0  libinit.o ABSOLUTE
    ../clib/libinit.s                        0x00000000   Number         0  libinit2.o ABSOLUTE
    ../clib/libinit.s                        0x00000000   Number         0  libshutdown2.o ABSOLUTE
    ../clib/libinit.s                        0x00000000   Number         0  libshutdown.o ABSOLUTE
    ../clib/memcpset.s                       0x00000000   Number         0  rt_memcpy_w.o ABSOLUTE
    ../clib/printf.c                         0x00000000   Number         0  __printf_ss_wp.o ABSOLUTE
    ../clib/printf.c                         0x00000000   Number         0  _printf_dec.o ABSOLUTE
    ../clib/printf.c                         0x00000000   Number         0  __printf_flags.o ABSOLUTE
    ../clib/printf.c                         0x00000000   Number         0  _printf_char_common.o ABSOLUTE
    ../clib/printf.c                         0x00000000   Number         0  __printf_ss.o ABSOLUTE
    ../clib/printf.c                         0x00000000   Number         0  __printf_flags_ss.o ABSOLUTE
    ../clib/printf.c                         0x00000000   Number         0  __printf_wp.o ABSOLUTE
    ../clib/printf.c                         0x00000000   Number         0  __printf_flags_wp.o ABSOLUTE
    ../clib/printf.c                         0x00000000   Number         0  _printf_char_file.o ABSOLUTE
    ../clib/printf.c                         0x00000000   Number         0  _printf_intcommon.o ABSOLUTE
    ../clib/printf.c                         0x00000000   Number         0  __printf_flags_ss_wp.o ABSOLUTE
    ../clib/printf.c                         0x00000000   Number         0  __2printf.o ABSOLUTE
    ../clib/printf.c                         0x00000000   Number         0  noretval__2printf.o ABSOLUTE
    ../clib/printf.c                         0x00000000   Number         0  __printf.o ABSOLUTE
    ../clib/printf.c                         0x00000000   Number         0  __printf_nopercent.o ABSOLUTE
    ../clib/printf_percent.s                 0x00000000   Number         0  _printf_d.o ABSOLUTE
    ../clib/printf_percent.s                 0x00000000   Number         0  _printf_percent.o ABSOLUTE
    ../clib/printf_percent.s                 0x00000000   Number         0  _printf_percent_end.o ABSOLUTE
    ../clib/signal.c                         0x00000000   Number         0  __raise.o ABSOLUTE
    ../clib/signal.c                         0x00000000   Number         0  defsig_other.o ABSOLUTE
    ../clib/signal.c                         0x00000000   Number         0  defsig_segv_inner.o ABSOLUTE
    ../clib/signal.c                         0x00000000   Number         0  defsig_cppl_inner.o ABSOLUTE
    ../clib/signal.c                         0x00000000   Number         0  defsig_pvfn_inner.o ABSOLUTE
    ../clib/signal.c                         0x00000000   Number         0  defsig_stak_inner.o ABSOLUTE
    ../clib/signal.c                         0x00000000   Number         0  defsig_rtred_inner.o ABSOLUTE
    ../clib/signal.c                         0x00000000   Number         0  defsig_fpe_inner.o ABSOLUTE
    ../clib/signal.c                         0x00000000   Number         0  defsig_abrt_inner.o ABSOLUTE
    ../clib/signal.c                         0x00000000   Number         0  defsig_rtmem_formal.o ABSOLUTE
    ../clib/signal.c                         0x00000000   Number         0  defsig_rtmem_outer.o ABSOLUTE
    ../clib/signal.c                         0x00000000   Number         0  defsig_general.o ABSOLUTE
    ../clib/signal.c                         0x00000000   Number         0  defsig_rtmem_inner.o ABSOLUTE
    ../clib/signal.c                         0x00000000   Number         0  defsig_exit.o ABSOLUTE
    ../clib/signal.s                         0x00000000   Number         0  defsig.o ABSOLUTE
    ../clib/stdio.c                          0x00000000   Number         0  ferror_locked.o ABSOLUTE
    ../clib/stdio.c                          0x00000000   Number         0  ferror.o ABSOLUTE
    ../clib/stdlib.c                         0x00000000   Number         0  exit.o ABSOLUTE
    ../fplib/fpinit.s                        0x00000000   Number         0  fpinit.o ABSOLUTE
    ..\\components\\drivers_nrf\\common\\nrf_drv_common.c 0x00000000   Number         0  nrf_drv_common.o ABSOLUTE
    ..\\components\\drivers_nrf\\delay\\nrf_delay.c 0x00000000   Number         0  nrf_delay.o ABSOLUTE
    ..\\components\\drivers_nrf\\twi_master\\deprecated\\twi_hw_master.c 0x00000000   Number         0  twi_hw_master.o ABSOLUTE
    ..\\components\\drivers_nrf\\uart\\nrf_drv_uart.c 0x00000000   Number         0  nrf_drv_uart.o ABSOLUTE
    ..\\components\\libraries\\fifo\\app_fifo.c 0x00000000   Number         0  app_fifo.o ABSOLUTE
    ..\\components\\libraries\\uart\\app_uart_fifo.c 0x00000000   Number         0  app_uart_fifo.o ABSOLUTE
    ..\\components\\libraries\\uart\\retarget.c 0x00000000   Number         0  retarget.o ABSOLUTE
    ..\\components\\libraries\\util\\app_error.c 0x00000000   Number         0  app_error.o ABSOLUTE
    ..\\components\\libraries\\util\\app_error_weak.c 0x00000000   Number         0  app_error_weak.o ABSOLUTE
    ..\\components\\libraries\\util\\app_util_platform.c 0x00000000   Number         0  app_util_platform.o ABSOLUTE
    ..\\components\\libraries\\util\\nrf_assert.c 0x00000000   Number         0  nrf_assert.o ABSOLUTE
    ..\components\drivers_nrf\common\nrf_drv_common.c 0x00000000   Number         0  nrf_drv_common.o ABSOLUTE
    ..\components\drivers_nrf\delay\nrf_delay.c 0x00000000   Number         0  nrf_delay.o ABSOLUTE
    ..\components\drivers_nrf\twi_master\deprecated\twi_hw_master.c 0x00000000   Number         0  twi_hw_master.o ABSOLUTE
    ..\components\drivers_nrf\uart\nrf_drv_uart.c 0x00000000   Number         0  nrf_drv_uart.o ABSOLUTE
    ..\components\libraries\fifo\app_fifo.c  0x00000000   Number         0  app_fifo.o ABSOLUTE
    ..\components\libraries\uart\app_uart_fifo.c 0x00000000   Number         0  app_uart_fifo.o ABSOLUTE
    ..\components\libraries\uart\retarget.c  0x00000000   Number         0  retarget.o ABSOLUTE
    ..\components\libraries\util\app_error.c 0x00000000   Number         0  app_error.o ABSOLUTE
    ..\components\libraries\util\app_error_weak.c 0x00000000   Number         0  app_error_weak.o ABSOLUTE
    ..\components\libraries\util\app_util_platform.c 0x00000000   Number         0  app_util_platform.o ABSOLUTE
    ..\components\libraries\util\nrf_assert.c 0x00000000   Number         0  nrf_assert.o ABSOLUTE
    ..\ikm\mpu6050.c                         0x00000000   Number         0  mpu6050.o ABSOLUTE
    RTE\Device\nRF52832_xxAA\arm_startup_nrf52.s 0x00000000   Number         0  arm_startup_nrf52.o ABSOLUTE
    RTE\Device\nRF52832_xxAA\system_nrf52.c  0x00000000   Number         0  system_nrf52.o ABSOLUTE
    RTE\\Device\\nRF52832_xxAA\\system_nrf52.c 0x00000000   Number         0  system_nrf52.o ABSOLUTE
    dc.s                                     0x00000000   Number         0  dc.o ABSOLUTE
    main.c                                   0x00000000   Number         0  main.o ABSOLUTE
    main.c                                   0x00000000   Number         0  main.o ABSOLUTE
    !!!main                                  0x00000400   Section        8  __main.o(!!!main)
    !!!scatter                               0x00000408   Section       52  __scatter.o(!!!scatter)
    !!handler_copy                           0x0000043c   Section       26  __scatter_copy.o(!!handler_copy)
    !!handler_zi                             0x00000458   Section       28  __scatter_zi.o(!!handler_zi)
    .ARM.Collect$$_printf_percent$$00000000  0x00000474   Section        0  _printf_percent.o(.ARM.Collect$$_printf_percent$$00000000)
    .ARM.Collect$$_printf_percent$$00000009  0x00000474   Section        6  _printf_d.o(.ARM.Collect$$_printf_percent$$00000009)
    .ARM.Collect$$_printf_percent$$00000017  0x0000047a   Section        4  _printf_percent_end.o(.ARM.Collect$$_printf_percent$$00000017)
    .ARM.Collect$$libinit$$00000000          0x0000047e   Section        2  libinit.o(.ARM.Collect$$libinit$$00000000)
    .ARM.Collect$$libinit$$00000001          0x00000480   Section        4  libinit2.o(.ARM.Collect$$libinit$$00000001)
    .ARM.Collect$$libinit$$00000004          0x00000484   Section        0  libinit2.o(.ARM.Collect$$libinit$$00000004)
    .ARM.Collect$$libinit$$0000000A          0x00000484   Section        0  libinit2.o(.ARM.Collect$$libinit$$0000000A)
    .ARM.Collect$$libinit$$0000000C          0x00000484   Section        0  libinit2.o(.ARM.Collect$$libinit$$0000000C)
    .ARM.Collect$$libinit$$0000000E          0x00000484   Section        0  libinit2.o(.ARM.Collect$$libinit$$0000000E)
    .ARM.Collect$$libinit$$00000011          0x00000484   Section        0  libinit2.o(.ARM.Collect$$libinit$$00000011)
    .ARM.Collect$$libinit$$00000013          0x00000484   Section        0  libinit2.o(.ARM.Collect$$libinit$$00000013)
    .ARM.Collect$$libinit$$00000015          0x00000484   Section        0  libinit2.o(.ARM.Collect$$libinit$$00000015)
    .ARM.Collect$$libinit$$00000017          0x00000484   Section        0  libinit2.o(.ARM.Collect$$libinit$$00000017)
    .ARM.Collect$$libinit$$00000019          0x00000484   Section        0  libinit2.o(.ARM.Collect$$libinit$$00000019)
    .ARM.Collect$$libinit$$0000001B          0x00000484   Section        0  libinit2.o(.ARM.Collect$$libinit$$0000001B)
    .ARM.Collect$$libinit$$0000001D          0x00000484   Section        0  libinit2.o(.ARM.Collect$$libinit$$0000001D)
    .ARM.Collect$$libinit$$0000001F          0x00000484   Section        0  libinit2.o(.ARM.Collect$$libinit$$0000001F)
    .ARM.Collect$$libinit$$00000021          0x00000484   Section        0  libinit2.o(.ARM.Collect$$libinit$$00000021)
    .ARM.Collect$$libinit$$00000023          0x00000484   Section        0  libinit2.o(.ARM.Collect$$libinit$$00000023)
    .ARM.Collect$$libinit$$00000025          0x00000484   Section        0  libinit2.o(.ARM.Collect$$libinit$$00000025)
    .ARM.Collect$$libinit$$0000002C          0x00000484   Section        0  libinit2.o(.ARM.Collect$$libinit$$0000002C)
    .ARM.Collect$$libinit$$0000002E          0x00000484   Section        0  libinit2.o(.ARM.Collect$$libinit$$0000002E)
    .ARM.Collect$$libinit$$00000030          0x00000484   Section        0  libinit2.o(.ARM.Collect$$libinit$$00000030)
    .ARM.Collect$$libinit$$00000032          0x00000484   Section        0  libinit2.o(.ARM.Collect$$libinit$$00000032)
    .ARM.Collect$$libinit$$00000033          0x00000484   Section        2  libinit2.o(.ARM.Collect$$libinit$$00000033)
    .ARM.Collect$$libshutdown$$00000000      0x00000486   Section        2  libshutdown.o(.ARM.Collect$$libshutdown$$00000000)
    .ARM.Collect$$libshutdown$$00000002      0x00000488   Section        0  libshutdown2.o(.ARM.Collect$$libshutdown$$00000002)
    .ARM.Collect$$libshutdown$$00000004      0x00000488   Section        0  libshutdown2.o(.ARM.Collect$$libshutdown$$00000004)
    .ARM.Collect$$libshutdown$$00000007      0x00000488   Section        0  libshutdown2.o(.ARM.Collect$$libshutdown$$00000007)
    .ARM.Collect$$libshutdown$$0000000A      0x00000488   Section        0  libshutdown2.o(.ARM.Collect$$libshutdown$$0000000A)
    .ARM.Collect$$libshutdown$$0000000C      0x00000488   Section        0  libshutdown2.o(.ARM.Collect$$libshutdown$$0000000C)
    .ARM.Collect$$libshutdown$$0000000F      0x00000488   Section        0  libshutdown2.o(.ARM.Collect$$libshutdown$$0000000F)
    .ARM.Collect$$libshutdown$$00000010      0x00000488   Section        2  libshutdown2.o(.ARM.Collect$$libshutdown$$00000010)
    .ARM.Collect$$rtentry$$00000000          0x0000048a   Section        0  __rtentry.o(.ARM.Collect$$rtentry$$00000000)
    .ARM.Collect$$rtentry$$00000002          0x0000048a   Section        0  __rtentry2.o(.ARM.Collect$$rtentry$$00000002)
    .ARM.Collect$$rtentry$$00000004          0x0000048a   Section        6  __rtentry4.o(.ARM.Collect$$rtentry$$00000004)
    .ARM.Collect$$rtentry$$00000009          0x00000490   Section        0  __rtentry2.o(.ARM.Collect$$rtentry$$00000009)
    .ARM.Collect$$rtentry$$0000000A          0x00000490   Section        4  __rtentry2.o(.ARM.Collect$$rtentry$$0000000A)
    .ARM.Collect$$rtentry$$0000000C          0x00000494   Section        0  __rtentry2.o(.ARM.Collect$$rtentry$$0000000C)
    .ARM.Collect$$rtentry$$0000000D          0x00000494   Section        8  __rtentry2.o(.ARM.Collect$$rtentry$$0000000D)
    .ARM.Collect$$rtexit$$00000000           0x0000049c   Section        2  rtexit.o(.ARM.Collect$$rtexit$$00000000)
    .ARM.Collect$$rtexit$$00000002           0x0000049e   Section        0  rtexit2.o(.ARM.Collect$$rtexit$$00000002)
    .ARM.Collect$$rtexit$$00000003           0x0000049e   Section        4  rtexit2.o(.ARM.Collect$$rtexit$$00000003)
    .ARM.Collect$$rtexit$$00000004           0x000004a2   Section        6  rtexit2.o(.ARM.Collect$$rtexit$$00000004)
    .emb_text                                0x000004a8   Section      118  nrf_delay.o(.emb_text)
    $v0                                      0x000004a8   Number         0  nrf_delay.o(.emb_text)
    .emb_text                                0x00000520   Section      118  twi_hw_master.o(.emb_text)
    $v0                                      0x00000520   Number         0  twi_hw_master.o(.emb_text)
    .text                                    0x00000598   Section       64  arm_startup_nrf52.o(.text)
    $v0                                      0x00000598   Number         0  arm_startup_nrf52.o(.text)
    .text                                    0x000005d8   Section        0  noretval__2printf.o(.text)
    .text                                    0x000005f0   Section        0  __printf.o(.text)
    .text                                    0x00000658   Section        0  _printf_dec.o(.text)
    .text                                    0x000006d0   Section      100  rt_memcpy_w.o(.text)
    .text                                    0x00000734   Section        0  heapauxi.o(.text)
    .text                                    0x0000073a   Section        0  _printf_intcommon.o(.text)
    .text                                    0x000007ec   Section        0  _printf_char_file.o(.text)
    .text                                    0x00000810   Section        0  _printf_char_common.o(.text)
    _printf_input_char                       0x00000811   Thumb Code    10  _printf_char_common.o(.text)
    .text                                    0x00000840   Section        0  ferror.o(.text)
    .text                                    0x00000848   Section       74  sys_stackheap_outer.o(.text)
    .text                                    0x00000892   Section        0  exit.o(.text)
    .text                                    0x000008a4   Section        8  libspace.o(.text)
    .text                                    0x000008ac   Section        0  sys_exit.o(.text)
    .text                                    0x000008b8   Section        2  use_no_semi.o(.text)
    .text                                    0x000008ba   Section        0  indicate_semi.o(.text)
    i.MPU6050_ReadAcc                        0x000008ba   Section        0  mpu6050.o(i.MPU6050_ReadAcc)
    i.MPU6050_ReadGyro                       0x00000928   Section        0  mpu6050.o(i.MPU6050_ReadGyro)
    i.SystemCoreClockUpdate                  0x00000998   Section        0  system_nrf52.o(i.SystemCoreClockUpdate)
    i.SystemInit                             0x000009a8   Section        0  system_nrf52.o(i.SystemInit)
    i.UARTE0_UART0_IRQHandler                0x00000b34   Section        0  nrf_drv_uart.o(i.UARTE0_UART0_IRQHandler)
    i.app_error_fault_handler                0x00000b4c   Section        0  app_error_weak.o(i.app_error_fault_handler)
    i.app_error_handler_bare                 0x00000b90   Section        0  app_error.o(i.app_error_handler_bare)
    i.app_fifo_get                           0x00000bac   Section        0  app_fifo.o(i.app_fifo_get)
    i.app_fifo_init                          0x00000bca   Section        0  app_fifo.o(i.app_fifo_init)
    i.app_fifo_put                           0x00000bee   Section        0  app_fifo.o(i.app_fifo_put)
    i.app_uart_init                          0x00000c10   Section        0  app_uart_fifo.o(i.app_uart_init)
    i.app_uart_put                           0x00000cdc   Section        0  app_uart_fifo.o(i.app_uart_put)
    i.apply_config                           0x00000d14   Section        0  nrf_drv_uart.o(i.apply_config)
    apply_config                             0x00000d15   Thumb Code   174  nrf_drv_uart.o(i.apply_config)
    i.errata_16                              0x00000dd0   Section        0  system_nrf52.o(i.errata_16)
    errata_16                                0x00000dd1   Thumb Code    42  system_nrf52.o(i.errata_16)
    i.errata_31                              0x00000e00   Section        0  system_nrf52.o(i.errata_31)
    errata_31                                0x00000e01   Thumb Code    78  system_nrf52.o(i.errata_31)
    i.errata_32                              0x00000e54   Section        0  system_nrf52.o(i.errata_32)
    errata_32                                0x00000e55   Thumb Code    42  system_nrf52.o(i.errata_32)
    i.errata_36                              0x00000e84   Section        0  system_nrf52.o(i.errata_36)
    errata_36                                0x00000e85   Thumb Code    78  system_nrf52.o(i.errata_36)
    i.errata_37                              0x00000ed8   Section        0  system_nrf52.o(i.errata_37)
    errata_37                                0x00000ed9   Thumb Code    42  system_nrf52.o(i.errata_37)
    i.errata_57                              0x00000f08   Section        0  system_nrf52.o(i.errata_57)
    errata_57                                0x00000f09   Thumb Code    42  system_nrf52.o(i.errata_57)
    i.errata_66                              0x00000f38   Section        0  system_nrf52.o(i.errata_66)
    errata_66                                0x00000f39   Thumb Code    42  system_nrf52.o(i.errata_66)
    i.fifo_get                               0x00000f68   Section        0  app_fifo.o(i.fifo_get)
    fifo_get                                 0x00000f69   Thumb Code    24  app_fifo.o(i.fifo_get)
    i.fifo_length                            0x00000f80   Section        0  app_uart_fifo.o(i.fifo_length)
    fifo_length                              0x00000f81   Thumb Code    10  app_uart_fifo.o(i.fifo_length)
    i.fifo_length                            0x00000f8a   Section        0  app_fifo.o(i.fifo_length)
    fifo_length                              0x00000f8b   Thumb Code    10  app_fifo.o(i.fifo_length)
    i.fifo_peek                              0x00000f94   Section        0  app_fifo.o(i.fifo_peek)
    fifo_peek                                0x00000f95   Thumb Code    18  app_fifo.o(i.fifo_peek)
    i.fifo_put                               0x00000fa6   Section        0  app_fifo.o(i.fifo_put)
    fifo_put                                 0x00000fa7   Thumb Code    18  app_fifo.o(i.fifo_put)
    i.fputc                                  0x00000fb8   Section        0  retarget.o(i.fputc)
    i.main                                   0x00000fc8   Section        0  main.o(i.main)
    i.mpu6050_init                           0x000010ec   Section        0  mpu6050.o(i.mpu6050_init)
    i.mpu6050_register_read                  0x00001178   Section        0  mpu6050.o(i.mpu6050_register_read)
    i.mpu6050_register_write                 0x000011ac   Section        0  mpu6050.o(i.mpu6050_register_write)
    i.mpu6050_verify_product_id              0x000011d0   Section        0  mpu6050.o(i.mpu6050_verify_product_id)
    i.nrf_delay_ms                           0x000011f2   Section        0  nrf_delay.o(i.nrf_delay_ms)
    i.nrf_drv_common_irq_enable              0x0000120c   Section        0  nrf_drv_common.o(i.nrf_drv_common_irq_enable)
    i.nrf_drv_uart_init                      0x0000126c   Section        0  nrf_drv_uart.o(i.nrf_drv_uart_init)
    i.nrf_drv_uart_rx                        0x00001350   Section        0  nrf_drv_uart.o(i.nrf_drv_uart_rx)
    i.nrf_drv_uart_rx_enable                 0x00001400   Section        0  nrf_drv_uart.o(i.nrf_drv_uart_rx_enable)
    i.nrf_drv_uart_rx_for_uart               0x00001420   Section        0  nrf_drv_uart.o(i.nrf_drv_uart_rx_for_uart)
    nrf_drv_uart_rx_for_uart                 0x00001421   Thumb Code   172  nrf_drv_uart.o(i.nrf_drv_uart_rx_for_uart)
    i.nrf_drv_uart_rx_for_uarte              0x000014d4   Section        0  nrf_drv_uart.o(i.nrf_drv_uart_rx_for_uarte)
    nrf_drv_uart_rx_for_uarte                0x000014d5   Thumb Code   168  nrf_drv_uart.o(i.nrf_drv_uart_rx_for_uarte)
    i.nrf_drv_uart_tx                        0x00001588   Section        0  nrf_drv_uart.o(i.nrf_drv_uart_tx)
    i.nrf_drv_uart_tx_for_uart               0x000015d0   Section        0  nrf_drv_uart.o(i.nrf_drv_uart_tx_for_uart)
    nrf_drv_uart_tx_for_uart                 0x000015d1   Thumb Code   132  nrf_drv_uart.o(i.nrf_drv_uart_tx_for_uart)
    i.nrf_drv_uart_tx_for_uarte              0x0000165c   Section        0  nrf_drv_uart.o(i.nrf_drv_uart_tx_for_uarte)
    nrf_drv_uart_tx_for_uarte                0x0000165d   Thumb Code   104  nrf_drv_uart.o(i.nrf_drv_uart_tx_for_uarte)
    i.nrf_drv_uart_tx_in_progress            0x000016cc   Section        0  nrf_drv_uart.o(i.nrf_drv_uart_tx_in_progress)
    i.nrf_gpio_cfg                           0x000016e0   Section        0  nrf_drv_uart.o(i.nrf_gpio_cfg)
    nrf_gpio_cfg                             0x000016e1   Thumb Code    30  nrf_drv_uart.o(i.nrf_gpio_cfg)
    i.nrf_gpio_cfg_input                     0x00001704   Section        0  nrf_drv_uart.o(i.nrf_gpio_cfg_input)
    nrf_gpio_cfg_input                       0x00001705   Thumb Code    26  nrf_drv_uart.o(i.nrf_gpio_cfg_input)
    i.nrf_gpio_cfg_output                    0x0000171e   Section        0  nrf_drv_uart.o(i.nrf_gpio_cfg_output)
    nrf_gpio_cfg_output                      0x0000171f   Thumb Code    24  nrf_drv_uart.o(i.nrf_gpio_cfg_output)
    i.nrf_gpio_pin_set                       0x00001738   Section        0  nrf_drv_uart.o(i.nrf_gpio_pin_set)
    nrf_gpio_pin_set                         0x00001739   Thumb Code    10  nrf_drv_uart.o(i.nrf_gpio_pin_set)
    i.nrf_uart_errorsrc_get_and_clear        0x00001748   Section        0  nrf_drv_uart.o(i.nrf_uart_errorsrc_get_and_clear)
    nrf_uart_errorsrc_get_and_clear          0x00001749   Thumb Code    12  nrf_drv_uart.o(i.nrf_uart_errorsrc_get_and_clear)
    i.nrf_uart_event_check                   0x00001754   Section        0  nrf_drv_uart.o(i.nrf_uart_event_check)
    nrf_uart_event_check                     0x00001755   Thumb Code    14  nrf_drv_uart.o(i.nrf_uart_event_check)
    i.nrf_uart_event_clear                   0x00001762   Section        0  nrf_drv_uart.o(i.nrf_uart_event_clear)
    nrf_uart_event_clear                     0x00001763   Thumb Code     6  nrf_drv_uart.o(i.nrf_uart_event_clear)
    i.nrf_uart_hwfc_pins_set                 0x00001768   Section        0  nrf_drv_uart.o(i.nrf_uart_hwfc_pins_set)
    nrf_uart_hwfc_pins_set                   0x00001769   Thumb Code    10  nrf_drv_uart.o(i.nrf_uart_hwfc_pins_set)
    i.nrf_uart_int_disable                   0x00001772   Section        0  nrf_drv_uart.o(i.nrf_uart_int_disable)
    nrf_uart_int_disable                     0x00001773   Thumb Code     6  nrf_drv_uart.o(i.nrf_uart_int_disable)
    i.nrf_uart_int_enable                    0x00001778   Section        0  nrf_drv_uart.o(i.nrf_uart_int_enable)
    nrf_uart_int_enable                      0x00001779   Thumb Code     6  nrf_drv_uart.o(i.nrf_uart_int_enable)
    i.nrf_uart_int_enable_check              0x0000177e   Section        0  nrf_drv_uart.o(i.nrf_uart_int_enable_check)
    nrf_uart_int_enable_check                0x0000177f   Thumb Code    18  nrf_drv_uart.o(i.nrf_uart_int_enable_check)
    i.nrf_uart_task_trigger                  0x00001790   Section        0  nrf_drv_uart.o(i.nrf_uart_task_trigger)
    nrf_uart_task_trigger                    0x00001791   Thumb Code     6  nrf_drv_uart.o(i.nrf_uart_task_trigger)
    i.nrf_uart_txrx_pins_set                 0x00001796   Section        0  nrf_drv_uart.o(i.nrf_uart_txrx_pins_set)
    nrf_uart_txrx_pins_set                   0x00001797   Thumb Code    10  nrf_drv_uart.o(i.nrf_uart_txrx_pins_set)
    i.nrf_uarte_errorsrc_get_and_clear       0x000017a0   Section        0  nrf_drv_uart.o(i.nrf_uarte_errorsrc_get_and_clear)
    nrf_uarte_errorsrc_get_and_clear         0x000017a1   Thumb Code    12  nrf_drv_uart.o(i.nrf_uarte_errorsrc_get_and_clear)
    i.nrf_uarte_event_check                  0x000017ac   Section        0  nrf_drv_uart.o(i.nrf_uarte_event_check)
    nrf_uarte_event_check                    0x000017ad   Thumb Code    14  nrf_drv_uart.o(i.nrf_uarte_event_check)
    i.nrf_uarte_event_clear                  0x000017ba   Section        0  nrf_drv_uart.o(i.nrf_uarte_event_clear)
    nrf_uarte_event_clear                    0x000017bb   Thumb Code     6  nrf_drv_uart.o(i.nrf_uarte_event_clear)
    i.nrf_uarte_hwfc_pins_set                0x000017c0   Section        0  nrf_drv_uart.o(i.nrf_uarte_hwfc_pins_set)
    nrf_uarte_hwfc_pins_set                  0x000017c1   Thumb Code    12  nrf_drv_uart.o(i.nrf_uarte_hwfc_pins_set)
    i.nrf_uarte_int_disable                  0x000017cc   Section        0  nrf_drv_uart.o(i.nrf_uarte_int_disable)
    nrf_uarte_int_disable                    0x000017cd   Thumb Code     6  nrf_drv_uart.o(i.nrf_uarte_int_disable)
    i.nrf_uarte_int_enable                   0x000017d2   Section        0  nrf_drv_uart.o(i.nrf_uarte_int_enable)
    nrf_uarte_int_enable                     0x000017d3   Thumb Code     6  nrf_drv_uart.o(i.nrf_uarte_int_enable)
    i.nrf_uarte_rx_amount_get                0x000017d8   Section        0  nrf_drv_uart.o(i.nrf_uarte_rx_amount_get)
    nrf_uarte_rx_amount_get                  0x000017d9   Thumb Code    10  nrf_drv_uart.o(i.nrf_uarte_rx_amount_get)
    i.nrf_uarte_task_trigger                 0x000017e2   Section        0  nrf_drv_uart.o(i.nrf_uarte_task_trigger)
    nrf_uarte_task_trigger                   0x000017e3   Thumb Code     6  nrf_drv_uart.o(i.nrf_uarte_task_trigger)
    i.nrf_uarte_txrx_pins_set                0x000017e8   Section        0  nrf_drv_uart.o(i.nrf_uarte_txrx_pins_set)
    nrf_uarte_txrx_pins_set                  0x000017e9   Thumb Code    14  nrf_drv_uart.o(i.nrf_uarte_txrx_pins_set)
    i.rx_byte                                0x000017f8   Section        0  nrf_drv_uart.o(i.rx_byte)
    rx_byte                                  0x000017f9   Thumb Code    68  nrf_drv_uart.o(i.rx_byte)
    i.rx_done_event                          0x00001848   Section        0  nrf_drv_uart.o(i.rx_done_event)
    rx_done_event                            0x00001849   Thumb Code    30  nrf_drv_uart.o(i.rx_done_event)
    i.rx_enable                              0x0000186c   Section        0  nrf_drv_uart.o(i.rx_enable)
    rx_enable                                0x0000186d   Thumb Code    32  nrf_drv_uart.o(i.rx_enable)
    i.twi_master_clear_bus                   0x00001890   Section        0  twi_hw_master.o(i.twi_master_clear_bus)
    twi_master_clear_bus                     0x00001891   Thumb Code   178  twi_hw_master.o(i.twi_master_clear_bus)
    i.twi_master_init                        0x00001950   Section        0  twi_hw_master.o(i.twi_master_init)
    i.twi_master_read                        0x000019bc   Section        0  twi_hw_master.o(i.twi_master_read)
    twi_master_read                          0x000019bd   Thumb Code   216  twi_hw_master.o(i.twi_master_read)
    i.twi_master_transfer                    0x00001aa4   Section        0  twi_hw_master.o(i.twi_master_transfer)
    i.twi_master_write                       0x00001af0   Section        0  twi_hw_master.o(i.twi_master_write)
    twi_master_write                         0x00001af1   Thumb Code   170  twi_hw_master.o(i.twi_master_write)
    i.tx_byte                                0x00001ba4   Section        0  nrf_drv_uart.o(i.tx_byte)
    tx_byte                                  0x00001ba5   Thumb Code    42  nrf_drv_uart.o(i.tx_byte)
    i.tx_done_event                          0x00001bdc   Section        0  nrf_drv_uart.o(i.tx_done_event)
    tx_done_event                            0x00001bdd   Thumb Code    38  nrf_drv_uart.o(i.tx_done_event)
    i.uart_config                            0x00001c08   Section        0  main.o(i.uart_config)
    i.uart_error_handle                      0x00001c60   Section        0  main.o(i.uart_error_handle)
    i.uart_event_handler                     0x00001c88   Section        0  app_uart_fifo.o(i.uart_event_handler)
    uart_event_handler                       0x00001c89   Thumb Code   170  app_uart_fifo.o(i.uart_event_handler)
    i.uart_irq_handler                       0x00001d48   Section        0  nrf_drv_uart.o(i.uart_irq_handler)
    uart_irq_handler                         0x00001d49   Thumb Code   342  nrf_drv_uart.o(i.uart_irq_handler)
    i.uarte_irq_handler                      0x00001ea8   Section        0  nrf_drv_uart.o(i.uarte_irq_handler)
    uarte_irq_handler                        0x00001ea9   Thumb Code   286  nrf_drv_uart.o(i.uarte_irq_handler)
    x$fpl$fpinit                             0x00001fd4   Section       10  fpinit.o(x$fpl$fpinit)
    $v0                                      0x00001fd4   Number         0  fpinit.o(x$fpl$fpinit)
    .constdata                               0x00001fe0   Section       12  main.o(.constdata)
    .constdata                               0x00001fec   Section       32  nrf_drv_uart.o(.constdata)
    m_default_config                         0x00001fec   Data          32  nrf_drv_uart.o(.constdata)
    .constdata                               0x0000200c   Section       32  app_uart_fifo.o(.constdata)
    .data                                    0x20000000   Section        1  main.o(.data)
    rx_buf                                   0x20000000   Data           1  main.o(.data)
    .data                                    0x20000004   Section        6  app_uart_fifo.o(.data)
    m_event_handler                          0x20000004   Data           4  app_uart_fifo.o(.data)
    tx_buffer                                0x20000008   Data           1  app_uart_fifo.o(.data)
    rx_buffer                                0x20000009   Data           1  app_uart_fifo.o(.data)
    .data                                    0x2000000c   Section        8  retarget.o(.data)
    .data                                    0x20000014   Section        1  mpu6050.o(.data)
    m_device_address                         0x20000014   Data           1  mpu6050.o(.data)
    .data                                    0x20000018   Section        4  system_nrf52.o(.data)
    __tagsym$$used                           0x20000018   Number         0  system_nrf52.o(.data)
    .bss                                     0x2000001c   Section      256  main.o(.bss)
    tx_buf                                   0x2000001c   Data         256  main.o(.bss)
    .bss                                     0x2000011c   Section       32  nrf_drv_uart.o(.bss)
    m_cb                                     0x2000011c   Data          32  nrf_drv_uart.o(.bss)
    .bss                                     0x2000013c   Section       32  app_uart_fifo.o(.bss)
    m_rx_fifo                                0x2000013c   Data          16  app_uart_fifo.o(.bss)
    m_tx_fifo                                0x2000014c   Data          16  app_uart_fifo.o(.bss)
    .bss                                     0x2000015c   Section       96  libspace.o(.bss)
    HEAP                                     0x200001c0   Section     8192  arm_startup_nrf52.o(HEAP)
    Heap_Mem                                 0x200001c0   Data        8192  arm_startup_nrf52.o(HEAP)
    STACK                                    0x200021c0   Section     8192  arm_startup_nrf52.o(STACK)
    Stack_Mem                                0x200021c0   Data        8192  arm_startup_nrf52.o(STACK)
    __initial_sp                             0x200041c0   Data           0  arm_startup_nrf52.o(STACK)

    Global Symbols

    Symbol Name                              Value     Ov Type        Size  Object(Section)

    BuildAttributes$$THM_ISAv4$E$P$D$K$B$S$7EM$VFPi3$EXTD16$VFPS$VFMA$PE$A:L22UL41UL21$X:L11$S22US41US21$IEEE1$IW$USESV6$~STKCKD$USESV7$~SHL$OSPACE$ROPI$EBA8$UX$STANDARDLIB$REQ8$PRES8$EABIv2 0x00000000   Number         0  anon$$obj.o ABSOLUTE
    __ARM_use_no_argv                        0x00000000   Number         0  main.o ABSOLUTE
    __Vectors                                0x00000000   Data           4  arm_startup_nrf52.o(RESET)
    __ARM_exceptions_init                     - Undefined Weak Reference
    __alloca_initialize                       - Undefined Weak Reference
    __arm_preinit_                            - Undefined Weak Reference
    __cpp_initialize__aeabi_                  - Undefined Weak Reference
    __cxa_finalize                            - Undefined Weak Reference
    __rt_locale                               - Undefined Weak Reference
    __sigvec_lookup                           - Undefined Weak Reference
    _atexit_init                              - Undefined Weak Reference
    _call_atexit_fns                          - Undefined Weak Reference
    _clock_init                               - Undefined Weak Reference
    _fp_trap_init                             - Undefined Weak Reference
    _fp_trap_shutdown                         - Undefined Weak Reference
    _get_lc_collate                           - Undefined Weak Reference
    _get_lc_ctype                             - Undefined Weak Reference
    _get_lc_monetary                          - Undefined Weak Reference
    _get_lc_numeric                           - Undefined Weak Reference
    _get_lc_time                              - Undefined Weak Reference
    _getenv_init                              - Undefined Weak Reference
    _handle_redirection                       - Undefined Weak Reference
    _init_alloc                               - Undefined Weak Reference
    _init_user_alloc                          - Undefined Weak Reference
    _initio                                   - Undefined Weak Reference
    _mutex_acquire                            - Undefined Weak Reference
    _mutex_release                            - Undefined Weak Reference
    _printf_post_padding                      - Undefined Weak Reference
    _printf_pre_padding                       - Undefined Weak Reference
    _printf_truncate_signed                   - Undefined Weak Reference
    _printf_truncate_unsigned                 - Undefined Weak Reference
    _rand_init                                - Undefined Weak Reference
    _signal_finish                            - Undefined Weak Reference
    _signal_init                              - Undefined Weak Reference
    _terminate_alloc                          - Undefined Weak Reference
    _terminate_user_alloc                     - Undefined Weak Reference
    _terminateio                              - Undefined Weak Reference
    __Vectors_End                            0x00000400   Data           0  arm_startup_nrf52.o(RESET)
    __Vectors_Size                           0x00000400   Number         0  arm_startup_nrf52.o ABSOLUTE
    __main                                   0x00000401   Thumb Code     8  __main.o(!!!main)
    __scatterload                            0x00000409   Thumb Code     0  __scatter.o(!!!scatter)
    __scatterload_rt2                        0x00000409   Thumb Code    44  __scatter.o(!!!scatter)
    __scatterload_rt2_thumb_only             0x00000409   Thumb Code     0  __scatter.o(!!!scatter)
    __scatterload_null                       0x00000417   Thumb Code     0  __scatter.o(!!!scatter)
    __scatterload_copy                       0x0000043d   Thumb Code    26  __scatter_copy.o(!!handler_copy)
    __scatterload_zeroinit                   0x00000459   Thumb Code    28  __scatter_zi.o(!!handler_zi)
    _printf_d                                0x00000475   Thumb Code     0  _printf_d.o(.ARM.Collect$$_printf_percent$$00000009)
    _printf_percent                          0x00000475   Thumb Code     0  _printf_percent.o(.ARM.Collect$$_printf_percent$$00000000)
    _printf_percent_end                      0x0000047b   Thumb Code     0  _printf_percent_end.o(.ARM.Collect$$_printf_percent$$00000017)
    __rt_lib_init                            0x0000047f   Thumb Code     0  libinit.o(.ARM.Collect$$libinit$$00000000)
    __rt_lib_init_fp_1                       0x00000481   Thumb Code     0  libinit2.o(.ARM.Collect$$libinit$$00000001)
    __rt_lib_init_alloca_1                   0x00000485   Thumb Code     0  libinit2.o(.ARM.Collect$$libinit$$0000002E)
    __rt_lib_init_argv_1                     0x00000485   Thumb Code     0  libinit2.o(.ARM.Collect$$libinit$$0000002C)
    __rt_lib_init_atexit_1                   0x00000485   Thumb Code     0  libinit2.o(.ARM.Collect$$libinit$$0000001B)
    __rt_lib_init_clock_1                    0x00000485   Thumb Code     0  libinit2.o(.ARM.Collect$$libinit$$00000021)
    __rt_lib_init_cpp_1                      0x00000485   Thumb Code     0  libinit2.o(.ARM.Collect$$libinit$$00000032)
    __rt_lib_init_exceptions_1               0x00000485   Thumb Code     0  libinit2.o(.ARM.Collect$$libinit$$00000030)
    __rt_lib_init_fp_trap_1                  0x00000485   Thumb Code     0  libinit2.o(.ARM.Collect$$libinit$$0000001F)
    __rt_lib_init_getenv_1                   0x00000485   Thumb Code     0  libinit2.o(.ARM.Collect$$libinit$$00000023)
    __rt_lib_init_heap_1                     0x00000485   Thumb Code     0  libinit2.o(.ARM.Collect$$libinit$$0000000A)
    __rt_lib_init_lc_collate_1               0x00000485   Thumb Code     0  libinit2.o(.ARM.Collect$$libinit$$00000011)
    __rt_lib_init_lc_ctype_1                 0x00000485   Thumb Code     0  libinit2.o(.ARM.Collect$$libinit$$00000013)
    __rt_lib_init_lc_monetary_1              0x00000485   Thumb Code     0  libinit2.o(.ARM.Collect$$libinit$$00000015)
    __rt_lib_init_lc_numeric_1               0x00000485   Thumb Code     0  libinit2.o(.ARM.Collect$$libinit$$00000017)
    __rt_lib_init_lc_time_1                  0x00000485   Thumb Code     0  libinit2.o(.ARM.Collect$$libinit$$00000019)
    __rt_lib_init_preinit_1                  0x00000485   Thumb Code     0  libinit2.o(.ARM.Collect$$libinit$$00000004)
    __rt_lib_init_rand_1                     0x00000485   Thumb Code     0  libinit2.o(.ARM.Collect$$libinit$$0000000E)
    __rt_lib_init_return                     0x00000485   Thumb Code     0  libinit2.o(.ARM.Collect$$libinit$$00000033)
    __rt_lib_init_signal_1                   0x00000485   Thumb Code     0  libinit2.o(.ARM.Collect$$libinit$$0000001D)
    __rt_lib_init_stdio_1                    0x00000485   Thumb Code     0  libinit2.o(.ARM.Collect$$libinit$$00000025)
    __rt_lib_init_user_alloc_1               0x00000485   Thumb Code     0  libinit2.o(.ARM.Collect$$libinit$$0000000C)
    __rt_lib_shutdown                        0x00000487   Thumb Code     0  libshutdown.o(.ARM.Collect$$libshutdown$$00000000)
    __rt_lib_shutdown_cpp_1                  0x00000489   Thumb Code     0  libshutdown2.o(.ARM.Collect$$libshutdown$$00000002)
    __rt_lib_shutdown_fp_trap_1              0x00000489   Thumb Code     0  libshutdown2.o(.ARM.Collect$$libshutdown$$00000007)
    __rt_lib_shutdown_heap_1                 0x00000489   Thumb Code     0  libshutdown2.o(.ARM.Collect$$libshutdown$$0000000F)
    __rt_lib_shutdown_return                 0x00000489   Thumb Code     0  libshutdown2.o(.ARM.Collect$$libshutdown$$00000010)
    __rt_lib_shutdown_signal_1               0x00000489   Thumb Code     0  libshutdown2.o(.ARM.Collect$$libshutdown$$0000000A)
    __rt_lib_shutdown_stdio_1                0x00000489   Thumb Code     0  libshutdown2.o(.ARM.Collect$$libshutdown$$00000004)
    __rt_lib_shutdown_user_alloc_1           0x00000489   Thumb Code     0  libshutdown2.o(.ARM.Collect$$libshutdown$$0000000C)
    __rt_entry                               0x0000048b   Thumb Code     0  __rtentry.o(.ARM.Collect$$rtentry$$00000000)
    __rt_entry_presh_1                       0x0000048b   Thumb Code     0  __rtentry2.o(.ARM.Collect$$rtentry$$00000002)
    __rt_entry_sh                            0x0000048b   Thumb Code     0  __rtentry4.o(.ARM.Collect$$rtentry$$00000004)
    __rt_entry_li                            0x00000491   Thumb Code     0  __rtentry2.o(.ARM.Collect$$rtentry$$0000000A)
    __rt_entry_postsh_1                      0x00000491   Thumb Code     0  __rtentry2.o(.ARM.Collect$$rtentry$$00000009)
    __rt_entry_main                          0x00000495   Thumb Code     0  __rtentry2.o(.ARM.Collect$$rtentry$$0000000D)
    __rt_entry_postli_1                      0x00000495   Thumb Code     0  __rtentry2.o(.ARM.Collect$$rtentry$$0000000C)
    __rt_exit                                0x0000049d   Thumb Code     0  rtexit.o(.ARM.Collect$$rtexit$$00000000)
    __rt_exit_ls                             0x0000049f   Thumb Code     0  rtexit2.o(.ARM.Collect$$rtexit$$00000003)
    __rt_exit_prels_1                        0x0000049f   Thumb Code     0  rtexit2.o(.ARM.Collect$$rtexit$$00000002)
    __rt_exit_exit                           0x000004a3   Thumb Code     0  rtexit2.o(.ARM.Collect$$rtexit$$00000004)
    __asm___11_nrf_delay_c_532987f3__nrf_delay_us 0x000004a9   Thumb Code   118  nrf_delay.o(.emb_text)
    __asm___15_twi_hw_master_c_959ec897__nrf_delay_us 0x00000521   Thumb Code   118  twi_hw_master.o(.emb_text)
    Reset_Handler                            0x00000599   Thumb Code     8  arm_startup_nrf52.o(.text)
    NMI_Handler                              0x000005a1   Thumb Code     2  arm_startup_nrf52.o(.text)
    HardFault_Handler                        0x000005a3   Thumb Code     2  arm_startup_nrf52.o(.text)
    MemoryManagement_Handler                 0x000005a5   Thumb Code     2  arm_startup_nrf52.o(.text)
    BusFault_Handler                         0x000005a7   Thumb Code     2  arm_startup_nrf52.o(.text)
    UsageFault_Handler                       0x000005a9   Thumb Code     2  arm_startup_nrf52.o(.text)
    SVC_Handler                              0x000005ab   Thumb Code     2  arm_startup_nrf52.o(.text)
    DebugMonitor_Handler                     0x000005ad   Thumb Code     2  arm_startup_nrf52.o(.text)
    PendSV_Handler                           0x000005af   Thumb Code     2  arm_startup_nrf52.o(.text)
    SysTick_Handler                          0x000005b1   Thumb Code     2  arm_startup_nrf52.o(.text)
    CCM_AAR_IRQHandler                       0x000005b3   Thumb Code     0  arm_startup_nrf52.o(.text)
    COMP_LPCOMP_IRQHandler                   0x000005b3   Thumb Code     0  arm_startup_nrf52.o(.text)
    ECB_IRQHandler                           0x000005b3   Thumb Code     0  arm_startup_nrf52.o(.text)
    FPU_IRQHandler                           0x000005b3   Thumb Code     0  arm_startup_nrf52.o(.text)
    GPIOTE_IRQHandler                        0x000005b3   Thumb Code     0  arm_startup_nrf52.o(.text)
    I2S_IRQHandler                           0x000005b3   Thumb Code     0  arm_startup_nrf52.o(.text)
    MWU_IRQHandler                           0x000005b3   Thumb Code     0  arm_startup_nrf52.o(.text)
    NFCT_IRQHandler                          0x000005b3   Thumb Code     0  arm_startup_nrf52.o(.text)
    PDM_IRQHandler                           0x000005b3   Thumb Code     0  arm_startup_nrf52.o(.text)
    POWER_CLOCK_IRQHandler                   0x000005b3   Thumb Code     0  arm_startup_nrf52.o(.text)
    PWM0_IRQHandler                          0x000005b3   Thumb Code     0  arm_startup_nrf52.o(.text)
    PWM1_IRQHandler                          0x000005b3   Thumb Code     0  arm_startup_nrf52.o(.text)
    PWM2_IRQHandler                          0x000005b3   Thumb Code     0  arm_startup_nrf52.o(.text)
    QDEC_IRQHandler                          0x000005b3   Thumb Code     0  arm_startup_nrf52.o(.text)
    RADIO_IRQHandler                         0x000005b3   Thumb Code     0  arm_startup_nrf52.o(.text)
    RNG_IRQHandler                           0x000005b3   Thumb Code     0  arm_startup_nrf52.o(.text)
    RTC0_IRQHandler                          0x000005b3   Thumb Code     0  arm_startup_nrf52.o(.text)
    RTC1_IRQHandler                          0x000005b3   Thumb Code     0  arm_startup_nrf52.o(.text)
    RTC2_IRQHandler                          0x000005b3   Thumb Code     0  arm_startup_nrf52.o(.text)
    SAADC_IRQHandler                         0x000005b3   Thumb Code     0  arm_startup_nrf52.o(.text)
    SPIM0_SPIS0_TWIM0_TWIS0_SPI0_TWI0_IRQHandler 0x000005b3   Thumb Code     0  arm_startup_nrf52.o(.text)
    SPIM1_SPIS1_TWIM1_TWIS1_SPI1_TWI1_IRQHandler 0x000005b3   Thumb Code     0  arm_startup_nrf52.o(.text)
    SPIM2_SPIS2_SPI2_IRQHandler              0x000005b3   Thumb Code     0  arm_startup_nrf52.o(.text)
    SWI0_EGU0_IRQHandler                     0x000005b3   Thumb Code     0  arm_startup_nrf52.o(.text)
    SWI1_EGU1_IRQHandler                     0x000005b3   Thumb Code     0  arm_startup_nrf52.o(.text)
    SWI2_EGU2_IRQHandler                     0x000005b3   Thumb Code     0  arm_startup_nrf52.o(.text)
    SWI3_EGU3_IRQHandler                     0x000005b3   Thumb Code     0  arm_startup_nrf52.o(.text)
    SWI4_EGU4_IRQHandler                     0x000005b3   Thumb Code     0  arm_startup_nrf52.o(.text)
    SWI5_EGU5_IRQHandler                     0x000005b3   Thumb Code     0  arm_startup_nrf52.o(.text)
    TEMP_IRQHandler                          0x000005b3   Thumb Code     0  arm_startup_nrf52.o(.text)
    TIMER0_IRQHandler                        0x000005b3   Thumb Code     0  arm_startup_nrf52.o(.text)
    TIMER1_IRQHandler                        0x000005b3   Thumb Code     0  arm_startup_nrf52.o(.text)
    TIMER2_IRQHandler                        0x000005b3   Thumb Code     0  arm_startup_nrf52.o(.text)
    TIMER3_IRQHandler                        0x000005b3   Thumb Code     0  arm_startup_nrf52.o(.text)
    TIMER4_IRQHandler                        0x000005b3   Thumb Code     0  arm_startup_nrf52.o(.text)
    WDT_IRQHandler                           0x000005b3   Thumb Code     0  arm_startup_nrf52.o(.text)
    __user_initial_stackheap                 0x000005b5   Thumb Code    10  arm_startup_nrf52.o(.text)
    __2printf                                0x000005d9   Thumb Code    20  noretval__2printf.o(.text)
    __printf                                 0x000005f1   Thumb Code   104  __printf.o(.text)
    _printf_int_dec                          0x00000659   Thumb Code   104  _printf_dec.o(.text)
    __aeabi_memcpy4                          0x000006d1   Thumb Code     0  rt_memcpy_w.o(.text)
    __aeabi_memcpy8                          0x000006d1   Thumb Code     0  rt_memcpy_w.o(.text)
    __rt_memcpy_w                            0x000006d1   Thumb Code   100  rt_memcpy_w.o(.text)
    _memcpy_lastbytes_aligned                0x00000719   Thumb Code     0  rt_memcpy_w.o(.text)
    __use_two_region_memory                  0x00000735   Thumb Code     2  heapauxi.o(.text)
    __rt_heap_escrow$2region                 0x00000737   Thumb Code     2  heapauxi.o(.text)
    __rt_heap_expand$2region                 0x00000739   Thumb Code     2  heapauxi.o(.text)
    _printf_int_common                       0x0000073b   Thumb Code   178  _printf_intcommon.o(.text)
    _printf_char_file                        0x000007ed   Thumb Code    32  _printf_char_file.o(.text)
    _printf_char_common                      0x0000081b   Thumb Code    32  _printf_char_common.o(.text)
    ferror                                   0x00000841   Thumb Code     8  ferror.o(.text)
    __user_setup_stackheap                   0x00000849   Thumb Code    74  sys_stackheap_outer.o(.text)
    exit                                     0x00000893   Thumb Code    18  exit.o(.text)
    __user_libspace                          0x000008a5   Thumb Code     8  libspace.o(.text)
    __user_perproc_libspace                  0x000008a5   Thumb Code     0  libspace.o(.text)
    __user_perthread_libspace                0x000008a5   Thumb Code     0  libspace.o(.text)
    _sys_exit                                0x000008ad   Thumb Code     8  sys_exit.o(.text)
    __I$use$semihosting                      0x000008b9   Thumb Code     0  use_no_semi.o(.text)
    __use_no_semihosting_swi                 0x000008b9   Thumb Code     2  use_no_semi.o(.text)
    MPU6050_ReadAcc                          0x000008bb   Thumb Code   110  mpu6050.o(i.MPU6050_ReadAcc)
    __semihosting_library_function           0x000008bb   Thumb Code     0  indicate_semi.o(.text)
    MPU6050_ReadGyro                         0x00000929   Thumb Code   110  mpu6050.o(i.MPU6050_ReadGyro)
    SystemCoreClockUpdate                    0x00000999   Thumb Code     8  system_nrf52.o(i.SystemCoreClockUpdate)
    SystemInit                               0x000009a9   Thumb Code   358  system_nrf52.o(i.SystemInit)
    UARTE0_UART0_IRQHandler                  0x00000b35   Thumb Code    20  nrf_drv_uart.o(i.UARTE0_UART0_IRQHandler)
    app_error_fault_handler                  0x00000b4d   Thumb Code    60  app_error_weak.o(i.app_error_fault_handler)
    app_error_handler_bare                   0x00000b91   Thumb Code    28  app_error.o(i.app_error_handler_bare)
    app_fifo_get                             0x00000bad   Thumb Code    30  app_fifo.o(i.app_fifo_get)
    app_fifo_init                            0x00000bcb   Thumb Code    36  app_fifo.o(i.app_fifo_init)
    app_fifo_put                             0x00000bef   Thumb Code    34  app_fifo.o(i.app_fifo_put)
    app_uart_init                            0x00000c11   Thumb Code   178  app_uart_fifo.o(i.app_uart_init)
    app_uart_put                             0x00000cdd   Thumb Code    46  app_uart_fifo.o(i.app_uart_put)
    fputc                                    0x00000fb9   Thumb Code    16  retarget.o(i.fputc)
    main                                     0x00000fc9   Thumb Code   186  main.o(i.main)
    mpu6050_init                             0x000010ed   Thumb Code   128  mpu6050.o(i.mpu6050_init)
    mpu6050_register_read                    0x00001179   Thumb Code    46  mpu6050.o(i.mpu6050_register_read)
    mpu6050_register_write                   0x000011ad   Thumb Code    30  mpu6050.o(i.mpu6050_register_write)
    mpu6050_verify_product_id                0x000011d1   Thumb Code    34  mpu6050.o(i.mpu6050_verify_product_id)
    nrf_delay_ms                             0x000011f3   Thumb Code    26  nrf_delay.o(i.nrf_delay_ms)
    nrf_drv_common_irq_enable                0x0000120d   Thumb Code    84  nrf_drv_common.o(i.nrf_drv_common_irq_enable)
    nrf_drv_uart_init                        0x0000126d   Thumb Code   202  nrf_drv_uart.o(i.nrf_drv_uart_init)
    nrf_drv_uart_rx                          0x00001351   Thumb Code   168  nrf_drv_uart.o(i.nrf_drv_uart_rx)
    nrf_drv_uart_rx_enable                   0x00001401   Thumb Code    26  nrf_drv_uart.o(i.nrf_drv_uart_rx_enable)
    nrf_drv_uart_tx                          0x00001589   Thumb Code    66  nrf_drv_uart.o(i.nrf_drv_uart_tx)
    nrf_drv_uart_tx_in_progress              0x000016cd   Thumb Code    14  nrf_drv_uart.o(i.nrf_drv_uart_tx_in_progress)
    twi_master_init                          0x00001951   Thumb Code    90  twi_hw_master.o(i.twi_master_init)
    twi_master_transfer                      0x00001aa5   Thumb Code    70  twi_hw_master.o(i.twi_master_transfer)
    uart_config                              0x00001c09   Thumb Code    70  main.o(i.uart_config)
    uart_error_handle                        0x00001c61   Thumb Code    38  main.o(i.uart_error_handle)
    _fp_init                                 0x00001fd5   Thumb Code    10  fpinit.o(x$fpl$fpinit)
    __fplib_config_fpu_vfp                   0x00001fdd   Thumb Code     0  fpinit.o(x$fpl$fpinit)
    __fplib_config_pureend_doubles           0x00001fdd   Thumb Code     0  fpinit.o(x$fpl$fpinit)
    Region$$Table$$Base                      0x0000202c   Number         0  anon$$obj.o(Region$$Table)
    Region$$Table$$Limit                     0x0000204c   Number         0  anon$$obj.o(Region$$Table)
    __stdout                                 0x2000000c   Data           4  retarget.o(.data)
    __stdin                                  0x20000010   Data           4  retarget.o(.data)
    SystemCoreClock                          0x20000018   Data           4  system_nrf52.o(.data)
    __libspace_start                         0x2000015c   Data          96  libspace.o(.bss)
    __temporary_stack_top$libspace           0x200001bc   Data           0  libspace.o(.bss)



==============================================================================

Memory Map of the image

  Image Entry point : 0x00000401

  Load Region LR_IROM1 (Base: 0x00000000, Size: 0x00002068, Max: 0x00080000, ABSOLUTE)

    Execution Region ER_IROM1 (Base: 0x00000000, Size: 0x0000204c, Max: 0x00080000, ABSOLUTE)

    Base Addr    Size         Type   Attr      Idx    E Section Name        Object

    0x00000000   0x00000400   Data   RO          955    RESET               arm_startup_nrf52.o
    0x00000400   0x00000008   Code   RO         1067  * !!!main             c_w.l(__main.o)
    0x00000408   0x00000034   Code   RO         1237    !!!scatter          c_w.l(__scatter.o)
    0x0000043c   0x0000001a   Code   RO         1239    !!handler_copy      c_w.l(__scatter_copy.o)
    0x00000456   0x00000002   PAD
    0x00000458   0x0000001c   Code   RO         1241    !!handler_zi        c_w.l(__scatter_zi.o)
    0x00000474   0x00000000   Code   RO         1062    .ARM.Collect$$_printf_percent$$00000000  c_w.l(_printf_percent.o)
    0x00000474   0x00000006   Code   RO         1061    .ARM.Collect$$_printf_percent$$00000009  c_w.l(_printf_d.o)
    0x0000047a   0x00000004   Code   RO         1074    .ARM.Collect$$_printf_percent$$00000017  c_w.l(_printf_percent_end.o)
    0x0000047e   0x00000002   Code   RO         1107    .ARM.Collect$$libinit$$00000000  c_w.l(libinit.o)
    0x00000480   0x00000004   Code   RO         1113    .ARM.Collect$$libinit$$00000001  c_w.l(libinit2.o)
    0x00000484   0x00000000   Code   RO         1116    .ARM.Collect$$libinit$$00000004  c_w.l(libinit2.o)
    0x00000484   0x00000000   Code   RO         1119    .ARM.Collect$$libinit$$0000000A  c_w.l(libinit2.o)
    0x00000484   0x00000000   Code   RO         1121    .ARM.Collect$$libinit$$0000000C  c_w.l(libinit2.o)
    0x00000484   0x00000000   Code   RO         1123    .ARM.Collect$$libinit$$0000000E  c_w.l(libinit2.o)
    0x00000484   0x00000000   Code   RO         1126    .ARM.Collect$$libinit$$00000011  c_w.l(libinit2.o)
    0x00000484   0x00000000   Code   RO         1128    .ARM.Collect$$libinit$$00000013  c_w.l(libinit2.o)
    0x00000484   0x00000000   Code   RO         1130    .ARM.Collect$$libinit$$00000015  c_w.l(libinit2.o)
    0x00000484   0x00000000   Code   RO         1132    .ARM.Collect$$libinit$$00000017  c_w.l(libinit2.o)
    0x00000484   0x00000000   Code   RO         1134    .ARM.Collect$$libinit$$00000019  c_w.l(libinit2.o)
    0x00000484   0x00000000   Code   RO         1136    .ARM.Collect$$libinit$$0000001B  c_w.l(libinit2.o)
    0x00000484   0x00000000   Code   RO         1138    .ARM.Collect$$libinit$$0000001D  c_w.l(libinit2.o)
    0x00000484   0x00000000   Code   RO         1140    .ARM.Collect$$libinit$$0000001F  c_w.l(libinit2.o)
    0x00000484   0x00000000   Code   RO         1142    .ARM.Collect$$libinit$$00000021  c_w.l(libinit2.o)
    0x00000484   0x00000000   Code   RO         1144    .ARM.Collect$$libinit$$00000023  c_w.l(libinit2.o)
    0x00000484   0x00000000   Code   RO         1146    .ARM.Collect$$libinit$$00000025  c_w.l(libinit2.o)
    0x00000484   0x00000000   Code   RO         1150    .ARM.Collect$$libinit$$0000002C  c_w.l(libinit2.o)
    0x00000484   0x00000000   Code   RO         1152    .ARM.Collect$$libinit$$0000002E  c_w.l(libinit2.o)
    0x00000484   0x00000000   Code   RO         1154    .ARM.Collect$$libinit$$00000030  c_w.l(libinit2.o)
    0x00000484   0x00000000   Code   RO         1156    .ARM.Collect$$libinit$$00000032  c_w.l(libinit2.o)
    0x00000484   0x00000002   Code   RO         1157    .ARM.Collect$$libinit$$00000033  c_w.l(libinit2.o)
    0x00000486   0x00000002   Code   RO         1177    .ARM.Collect$$libshutdown$$00000000  c_w.l(libshutdown.o)
    0x00000488   0x00000000   Code   RO         1190    .ARM.Collect$$libshutdown$$00000002  c_w.l(libshutdown2.o)
    0x00000488   0x00000000   Code   RO         1192    .ARM.Collect$$libshutdown$$00000004  c_w.l(libshutdown2.o)
    0x00000488   0x00000000   Code   RO         1195    .ARM.Collect$$libshutdown$$00000007  c_w.l(libshutdown2.o)
    0x00000488   0x00000000   Code   RO         1198    .ARM.Collect$$libshutdown$$0000000A  c_w.l(libshutdown2.o)
    0x00000488   0x00000000   Code   RO         1200    .ARM.Collect$$libshutdown$$0000000C  c_w.l(libshutdown2.o)
    0x00000488   0x00000000   Code   RO         1203    .ARM.Collect$$libshutdown$$0000000F  c_w.l(libshutdown2.o)
    0x00000488   0x00000002   Code   RO         1204    .ARM.Collect$$libshutdown$$00000010  c_w.l(libshutdown2.o)
    0x0000048a   0x00000000   Code   RO         1069    .ARM.Collect$$rtentry$$00000000  c_w.l(__rtentry.o)
    0x0000048a   0x00000000   Code   RO         1076    .ARM.Collect$$rtentry$$00000002  c_w.l(__rtentry2.o)
    0x0000048a   0x00000006   Code   RO         1088    .ARM.Collect$$rtentry$$00000004  c_w.l(__rtentry4.o)
    0x00000490   0x00000000   Code   RO         1078    .ARM.Collect$$rtentry$$00000009  c_w.l(__rtentry2.o)
    0x00000490   0x00000004   Code   RO         1079    .ARM.Collect$$rtentry$$0000000A  c_w.l(__rtentry2.o)
    0x00000494   0x00000000   Code   RO         1081    .ARM.Collect$$rtentry$$0000000C  c_w.l(__rtentry2.o)
    0x00000494   0x00000008   Code   RO         1082    .ARM.Collect$$rtentry$$0000000D  c_w.l(__rtentry2.o)
    0x0000049c   0x00000002   Code   RO         1111    .ARM.Collect$$rtexit$$00000000  c_w.l(rtexit.o)
    0x0000049e   0x00000000   Code   RO         1159    .ARM.Collect$$rtexit$$00000002  c_w.l(rtexit2.o)
    0x0000049e   0x00000004   Code   RO         1160    .ARM.Collect$$rtexit$$00000003  c_w.l(rtexit2.o)
    0x000004a2   0x00000006   Code   RO         1161    .ARM.Collect$$rtexit$$00000004  c_w.l(rtexit2.o)
    0x000004a8   0x00000076   Code   RO          150    .emb_text           nrf_delay.o
    0x0000051e   0x00000002   PAD
    0x00000520   0x00000076   Code   RO          515    .emb_text           twi_hw_master.o
    0x00000596   0x00000002   PAD
    0x00000598   0x00000040   Code   RO          956    .text               arm_startup_nrf52.o
    0x000005d8   0x00000018   Code   RO         1035    .text               c_w.l(noretval__2printf.o)
    0x000005f0   0x00000068   Code   RO         1037    .text               c_w.l(__printf.o)
    0x00000658   0x00000078   Code   RO         1039    .text               c_w.l(_printf_dec.o)
    0x000006d0   0x00000064   Code   RO         1063    .text               c_w.l(rt_memcpy_w.o)
    0x00000734   0x00000006   Code   RO         1065    .text               c_w.l(heapauxi.o)
    0x0000073a   0x000000b2   Code   RO         1070    .text               c_w.l(_printf_intcommon.o)
    0x000007ec   0x00000024   Code   RO         1072    .text               c_w.l(_printf_char_file.o)
    0x00000810   0x00000030   Code   RO         1090    .text               c_w.l(_printf_char_common.o)
    0x00000840   0x00000008   Code   RO         1092    .text               c_w.l(ferror.o)
    0x00000848   0x0000004a   Code   RO         1096    .text               c_w.l(sys_stackheap_outer.o)
    0x00000892   0x00000012   Code   RO         1100    .text               c_w.l(exit.o)
    0x000008a4   0x00000008   Code   RO         1108    .text               c_w.l(libspace.o)
    0x000008ac   0x0000000c   Code   RO         1169    .text               c_w.l(sys_exit.o)
    0x000008b8   0x00000002   Code   RO         1180    .text               c_w.l(use_no_semi.o)
    0x000008ba   0x00000000   Code   RO         1182    .text               c_w.l(indicate_semi.o)
    0x000008ba   0x0000006e   Code   RO          909    i.MPU6050_ReadAcc   mpu6050.o
    0x00000928   0x0000006e   Code   RO          910    i.MPU6050_ReadGyro  mpu6050.o
    0x00000996   0x00000002   PAD
    0x00000998   0x00000010   Code   RO          963    i.SystemCoreClockUpdate  system_nrf52.o
    0x000009a8   0x0000018c   Code   RO          964    i.SystemInit        system_nrf52.o
    0x00000b34   0x00000018   Code   RO          182    i.UARTE0_UART0_IRQHandler  nrf_drv_uart.o
    0x00000b4c   0x00000044   Code   RO          847    i.app_error_fault_handler  app_error_weak.o
    0x00000b90   0x0000001c   Code   RO          704    i.app_error_handler_bare  app_error.o
    0x00000bac   0x0000001e   Code   RO          762    i.app_fifo_get      app_fifo.o
    0x00000bca   0x00000024   Code   RO          763    i.app_fifo_init     app_fifo.o
    0x00000bee   0x00000022   Code   RO          765    i.app_fifo_put      app_fifo.o
    0x00000c10   0x000000cc   Code   RO          573    i.app_uart_init     app_uart_fifo.o
    0x00000cdc   0x00000038   Code   RO          574    i.app_uart_put      app_uart_fifo.o
    0x00000d14   0x000000bc   Code   RO          183    i.apply_config      nrf_drv_uart.o
    0x00000dd0   0x00000030   Code   RO          965    i.errata_16         system_nrf52.o
    0x00000e00   0x00000054   Code   RO          966    i.errata_31         system_nrf52.o
    0x00000e54   0x00000030   Code   RO          967    i.errata_32         system_nrf52.o
    0x00000e84   0x00000054   Code   RO          968    i.errata_36         system_nrf52.o
    0x00000ed8   0x00000030   Code   RO          969    i.errata_37         system_nrf52.o
    0x00000f08   0x00000030   Code   RO          970    i.errata_57         system_nrf52.o
    0x00000f38   0x00000030   Code   RO          971    i.errata_66         system_nrf52.o
    0x00000f68   0x00000018   Code   RO          768    i.fifo_get          app_fifo.o
    0x00000f80   0x0000000a   Code   RO          575    i.fifo_length       app_uart_fifo.o
    0x00000f8a   0x0000000a   Code   RO          769    i.fifo_length       app_fifo.o
    0x00000f94   0x00000012   Code   RO          770    i.fifo_peek         app_fifo.o
    0x00000fa6   0x00000012   Code   RO          771    i.fifo_put          app_fifo.o
    0x00000fb8   0x00000010   Code   RO          876    i.fputc             retarget.o
    0x00000fc8   0x00000124   Code   RO            5    i.main              main.o
    0x000010ec   0x0000008c   Code   RO          911    i.mpu6050_init      mpu6050.o
    0x00001178   0x00000034   Code   RO          912    i.mpu6050_register_read  mpu6050.o
    0x000011ac   0x00000024   Code   RO          913    i.mpu6050_register_write  mpu6050.o
    0x000011d0   0x00000022   Code   RO          914    i.mpu6050_verify_product_id  mpu6050.o
    0x000011f2   0x0000001a   Code   RO          151    i.nrf_delay_ms      nrf_delay.o
    0x0000120c   0x00000060   Code   RO          484    i.nrf_drv_common_irq_enable  nrf_drv_common.o
    0x0000126c   0x000000e4   Code   RO          185    i.nrf_drv_uart_init  nrf_drv_uart.o
    0x00001350   0x000000b0   Code   RO          186    i.nrf_drv_uart_rx   nrf_drv_uart.o
    0x00001400   0x00000020   Code   RO          189    i.nrf_drv_uart_rx_enable  nrf_drv_uart.o
    0x00001420   0x000000b4   Code   RO          190    i.nrf_drv_uart_rx_for_uart  nrf_drv_uart.o
    0x000014d4   0x000000b4   Code   RO          191    i.nrf_drv_uart_rx_for_uarte  nrf_drv_uart.o
    0x00001588   0x00000048   Code   RO          192    i.nrf_drv_uart_tx   nrf_drv_uart.o
    0x000015d0   0x0000008c   Code   RO          194    i.nrf_drv_uart_tx_for_uart  nrf_drv_uart.o
    0x0000165c   0x00000070   Code   RO          195    i.nrf_drv_uart_tx_for_uarte  nrf_drv_uart.o
    0x000016cc   0x00000014   Code   RO          196    i.nrf_drv_uart_tx_in_progress  nrf_drv_uart.o
    0x000016e0   0x00000024   Code   RO          198    i.nrf_gpio_cfg      nrf_drv_uart.o
    0x00001704   0x0000001a   Code   RO          200    i.nrf_gpio_cfg_input  nrf_drv_uart.o
    0x0000171e   0x00000018   Code   RO          201    i.nrf_gpio_cfg_output  nrf_drv_uart.o
    0x00001736   0x00000002   PAD
    0x00001738   0x00000010   Code   RO          202    i.nrf_gpio_pin_set  nrf_drv_uart.o
    0x00001748   0x0000000c   Code   RO          203    i.nrf_uart_errorsrc_get_and_clear  nrf_drv_uart.o
    0x00001754   0x0000000e   Code   RO          204    i.nrf_uart_event_check  nrf_drv_uart.o
    0x00001762   0x00000006   Code   RO          205    i.nrf_uart_event_clear  nrf_drv_uart.o
    0x00001768   0x0000000a   Code   RO          206    i.nrf_uart_hwfc_pins_set  nrf_drv_uart.o
    0x00001772   0x00000006   Code   RO          207    i.nrf_uart_int_disable  nrf_drv_uart.o
    0x00001778   0x00000006   Code   RO          208    i.nrf_uart_int_enable  nrf_drv_uart.o
    0x0000177e   0x00000012   Code   RO          209    i.nrf_uart_int_enable_check  nrf_drv_uart.o
    0x00001790   0x00000006   Code   RO          210    i.nrf_uart_task_trigger  nrf_drv_uart.o
    0x00001796   0x0000000a   Code   RO          211    i.nrf_uart_txrx_pins_set  nrf_drv_uart.o
    0x000017a0   0x0000000c   Code   RO          212    i.nrf_uarte_errorsrc_get_and_clear  nrf_drv_uart.o
    0x000017ac   0x0000000e   Code   RO          213    i.nrf_uarte_event_check  nrf_drv_uart.o
    0x000017ba   0x00000006   Code   RO          214    i.nrf_uarte_event_clear  nrf_drv_uart.o
    0x000017c0   0x0000000c   Code   RO          215    i.nrf_uarte_hwfc_pins_set  nrf_drv_uart.o
    0x000017cc   0x00000006   Code   RO          216    i.nrf_uarte_int_disable  nrf_drv_uart.o
    0x000017d2   0x00000006   Code   RO          217    i.nrf_uarte_int_enable  nrf_drv_uart.o
    0x000017d8   0x0000000a   Code   RO          218    i.nrf_uarte_rx_amount_get  nrf_drv_uart.o
    0x000017e2   0x00000006   Code   RO          219    i.nrf_uarte_task_trigger  nrf_drv_uart.o
    0x000017e8   0x0000000e   Code   RO          220    i.nrf_uarte_txrx_pins_set  nrf_drv_uart.o
    0x000017f6   0x00000002   PAD
    0x000017f8   0x00000050   Code   RO          222    i.rx_byte           nrf_drv_uart.o
    0x00001848   0x00000024   Code   RO          223    i.rx_done_event     nrf_drv_uart.o
    0x0000186c   0x00000024   Code   RO          224    i.rx_enable         nrf_drv_uart.o
    0x00001890   0x000000c0   Code   RO          516    i.twi_master_clear_bus  twi_hw_master.o
    0x00001950   0x0000006c   Code   RO          517    i.twi_master_init   twi_hw_master.o
    0x000019bc   0x000000e8   Code   RO          518    i.twi_master_read   twi_hw_master.o
    0x00001aa4   0x0000004c   Code   RO          519    i.twi_master_transfer  twi_hw_master.o
    0x00001af0   0x000000b4   Code   RO          520    i.twi_master_write  twi_hw_master.o
    0x00001ba4   0x00000038   Code   RO          225    i.tx_byte           nrf_drv_uart.o
    0x00001bdc   0x0000002c   Code   RO          226    i.tx_done_event     nrf_drv_uart.o
    0x00001c08   0x00000058   Code   RO            6    i.uart_config       main.o
    0x00001c60   0x00000026   Code   RO            7    i.uart_error_handle  main.o
    0x00001c86   0x00000002   PAD
    0x00001c88   0x000000c0   Code   RO          576    i.uart_event_handler  app_uart_fifo.o
    0x00001d48   0x00000160   Code   RO          227    i.uart_irq_handler  nrf_drv_uart.o
    0x00001ea8   0x0000012c   Code   RO          228    i.uarte_irq_handler  nrf_drv_uart.o
    0x00001fd4   0x0000000a   Code   RO         1167    x$fpl$fpinit        fz_wm.l(fpinit.o)
    0x00001fde   0x00000002   PAD
    0x00001fe0   0x0000000c   Data   RO            9    .constdata          main.o
    0x00001fec   0x00000020   Data   RO          230    .constdata          nrf_drv_uart.o
    0x0000200c   0x00000020   Data   RO          578    .constdata          app_uart_fifo.o
    0x0000202c   0x00000020   Data   RO         1235    Region$$Table       anon$$obj.o


    Execution Region RW_IRAM1 (Base: 0x20000000, Size: 0x000041c0, Max: 0x00010000, ABSOLUTE)

    Base Addr    Size         Type   Attr      Idx    E Section Name        Object

    0x20000000   0x00000001   Data   RW           10    .data               main.o
    0x20000001   0x00000003   PAD
    0x20000004   0x00000006   Data   RW          579    .data               app_uart_fifo.o
    0x2000000a   0x00000002   PAD
    0x2000000c   0x00000008   Data   RW          877    .data               retarget.o
    0x20000014   0x00000001   Data   RW          915    .data               mpu6050.o
    0x20000015   0x00000003   PAD
    0x20000018   0x00000004   Data   RW          972    .data               system_nrf52.o
    0x2000001c   0x00000100   Zero   RW            8    .bss                main.o
    0x2000011c   0x00000020   Zero   RW          229    .bss                nrf_drv_uart.o
    0x2000013c   0x00000020   Zero   RW          577    .bss                app_uart_fifo.o
    0x2000015c   0x00000060   Zero   RW         1109    .bss                c_w.l(libspace.o)
    0x200001bc   0x00000004   PAD
    0x200001c0   0x00002000   Zero   RW          954    HEAP                arm_startup_nrf52.o
    0x200021c0   0x00002000   Zero   RW          953    STACK               arm_startup_nrf52.o


==============================================================================

Image component sizes


      Code (inc. data)   RO Data    RW Data    ZI Data      Debug   Object Name

        28          0          0          0          0       2325   app_error.o
        68          8          0          0          0      27513   app_error_weak.o
       170          0          0          0          0       5654   app_fifo.o
       462         58         32          6         32      10323   app_uart_fifo.o
        64         26       1024          0      16384       1000   arm_startup_nrf52.o
       418        124         12          1        256      45601   main.o
       482         24          0          1          0       5673   mpu6050.o
       144          0          0          0          0       1907   nrf_delay.o
        96         12          0          0          0      27727   nrf_drv_common.o
      2532        184         32          0         32      45089   nrf_drv_uart.o
        16          0          0          8          0       2926   retarget.o
       820         88          0          4          0       6259   system_nrf52.o
       906         64          0          0          0       6288   twi_hw_master.o

    ----------------------------------------------------------------------
      6218        588       1132         28      16704     188285   Object Totals
         0          0         32          0          0          0   (incl. Generated)
        12          0          0          8          0          0   (incl. Padding)

    ----------------------------------------------------------------------

      Code (inc. data)   RO Data    RW Data    ZI Data      Debug   Library Member Name

         8          0          0          0          0         68   __main.o
       104          0          0          0          0         84   __printf.o
         0          0          0          0          0          0   __rtentry.o
        12          0          0          0          0          0   __rtentry2.o
         6          0          0          0          0          0   __rtentry4.o
        52          8          0          0          0          0   __scatter.o
        26          0          0          0          0          0   __scatter_copy.o
        28          0          0          0          0          0   __scatter_zi.o
        48          6          0          0          0         96   _printf_char_common.o
        36          4          0          0          0         80   _printf_char_file.o
         6          0          0          0          0          0   _printf_d.o
       120         16          0          0          0         92   _printf_dec.o
       178          0          0          0          0         88   _printf_intcommon.o
         0          0          0          0          0          0   _printf_percent.o
         4          0          0          0          0          0   _printf_percent_end.o
        18          0          0          0          0         80   exit.o
         8          0          0          0          0         68   ferror.o
         6          0          0          0          0        152   heapauxi.o
         0          0          0          0          0          0   indicate_semi.o
         2          0          0          0          0          0   libinit.o
         6          0          0          0          0          0   libinit2.o
         2          0          0          0          0          0   libshutdown.o
         2          0          0          0          0          0   libshutdown2.o
         8          4          0          0         96         68   libspace.o
        24          4          0          0          0         84   noretval__2printf.o
       100          0          0          0          0         80   rt_memcpy_w.o
         2          0          0          0          0          0   rtexit.o
        10          0          0          0          0          0   rtexit2.o
        12          4          0          0          0         68   sys_exit.o
        74          0          0          0          0         80   sys_stackheap_outer.o
         2          0          0          0          0         68   use_no_semi.o
        10          0          0          0          0        116   fpinit.o

    ----------------------------------------------------------------------
       918         46          0          0        100       1372   Library Totals
         4          0          0          0          4          0   (incl. Padding)

    ----------------------------------------------------------------------

      Code (inc. data)   RO Data    RW Data    ZI Data      Debug   Library Name

       904         46          0          0         96       1256   c_w.l
        10          0          0          0          0        116   fz_wm.l

    ----------------------------------------------------------------------
       918         46          0          0        100       1372   Library Totals

    ----------------------------------------------------------------------

==============================================================================


      Code (inc. data)   RO Data    RW Data    ZI Data      Debug   

      7136        634       1132         28      16804     181385   Grand Totals
      7136        634       1132         28      16804     181385   ELF Image Totals
      7136        634       1132         28          0          0   ROM Totals

==============================================================================

    Total RO  Size (Code + RO Data)                 8268 (   8.07kB)
    Total RW  Size (RW Data + ZI Data)             16832 (  16.44kB)
    Total ROM Size (Code + RO Data + RW Data)       8296 (   8.10kB)

==============================================================================

