<html>
<body>
<pre>
<h1>µVision Build Log</h1>
<h2>Tool Versions:</h2>
IDE-Version: ¦ÌVision V5.18a
Copyright (C) 2016 ARM Ltd and ARM Germany GmbH. All rights reserved.
License Information: z z, z, LIC=R4HPC-7K9R1-IMV9B-29PLJ-06QJG-ZEQ70
 
Tool Versions:
Toolchain:       MDK-ARM Professional  Version: 5.18a
Toolchain Path:  D:\Program Files (x86)\ARM\ARMCC\Bin
C Compiler:      Armcc.exe V5.06 update 1 (build 61)
Assembler:       Armasm.exe V5.06 update 1 (build 61)
Linker/Locator:  ArmLink.exe V5.06 update 1 (build 61)
Library Manager: ArmAr.exe V5.06 update 1 (build 61)
Hex Converter:   FromElf.exe V5.06 update 1 (build 61)
CPU DLL:         SARMCM3.DLL V5.18a
Dialog DLL:      DCM.DLL V1.13.6.0
Target DLL:      Segger\JL2CM3.dll V2.99.19.0
Dialog DLL:      TCM.DLL V1.14.8.0
 
<h2>Project:</h2>
E:\zym\nrf\max30102 twi+timer\project\max30102.uvprojx
Project File Date:  04/17/2019

<h2>Output:</h2>
*** Using Compiler 'V5.06 update 1 (build 61)', folder: 'D:\Program Files (x86)\ARM\ARMCC\Bin'
Rebuild target 'nrf52832_xxaa'
compiling nrf_delay.c...
compiling main.c...
main.c(70): warning:  #177-D: variable "i" was declared but never referenced
      static uint32_t i;
main.c: 1 warning, 0 errors
compiling nrf_drv_uart.c...
compiling RTT_Syscalls_KEIL.c...
compiling SEGGER_RTT.c...
compiling SEGGER_RTT_printf.c...
..\components\drivers_nrf\rtt\SEGGER_RTT_printf.c(299): warning:  #111-D: statement is unreachable
          default:  goto FilterFieldWidth;                   break;
..\components\drivers_nrf\rtt\SEGGER_RTT_printf.c: 1 warning, 0 errors
compiling nrf_drv_common.c...
compiling twi_hw_master.c...
compiling nrf_saadc.c...
compiling nrf_drv_timer.c...
compiling nrf_drv_saadc.c...
compiling app_util_platform.c...
compiling app_error.c...
compiling app_uart_fifo.c...
compiling nrf_assert.c...
compiling app_fifo.c...
compiling app_error_weak.c...
assembling arm_startup_nrf52.s...
compiling max30102.c...
compiling retarget.c...
compiling system_nrf52.c...
linking...
Program Size: Code=7524 RO-data=1128 RW-data=152 ZI-data=17624  
FromELF: creating hex file...
".\Objects\max30102.axf" - 0 Error(s), 2 Warning(s).

<h2>Software Packages used:</h2>

Package Vendor: ARM
                http://www.keil.com/pack/ARM.CMSIS.4.5.0.pack
                ARM::CMSIS:CORE:4.3.0
                CMSIS (Cortex Microcontroller Software Interface Standard)
   * Component: CORE Version: 4.3.0

Package Vendor: NordicSemiconductor
                http://developer.nordicsemi.com/nRF5_SDK/pieces/nRF_DeviceFamilyPack/NordicSemiconductor.nRF_DeviceFamilyPack.8.9.0.pack
                NordicSemiconductor::Device:Startup:8.9.0
                Nordic Semiconductor nRF ARM devices Device Family Pack.
   * Component: Startup Version: 8.9.0

<h2>Collection of Component include folders:</h2>
  E:\zym\nrf\max30102 twi+timer\project\RTE
  D:\Program Files (x86)\ARM\PACK\ARM\CMSIS\4.5.0\CMSIS\Include
  D:\Program Files (x86)\ARM\PACK\NordicSemiconductor\nRF_DeviceFamilyPack\8.15.2\Device\Include
  D:\Program Files (x86)\ARM\PACK\NordicSemiconductor\nRF_DeviceFamilyPack\8.9.0\Device\Include

<h2>Collection of Component Files used:</h2>

   * Component: ARM::CMSIS:CORE:4.3.0

   * Component: NordicSemiconductor::Device:Startup:8.9.0
      Source file:   Device\Source\system_nrf52.c
      Include file:  Device\Include\system_nrf52.h
      Source file:   Device\Source\arm\arm_startup_nrf52.s
Build Time Elapsed:  00:00:05
</pre>
</body>
</html>
