<html>
<body>
<pre>
<h1>µVision Build Log</h1>
<h2>Tool Versions:</h2>
IDE-Version: ¦ÌVision V5.18a
Copyright (C) 2016 ARM Ltd and ARM Germany GmbH. All rights reserved.
License Information: z z, z, LIC=R4HPC-7K9R1-IMV9B-29PLJ-06QJG-ZEQ70
 
Tool Versions:
Toolchain:       MDK-ARM Professional  Version: 5.18a
Toolchain Path:  D:\Program Files (x86)\ARM\ARMCC\Bin
C Compiler:      Armcc.exe V5.06 update 1 (build 61)
Assembler:       Armasm.exe V5.06 update 1 (build 61)
Linker/Locator:  ArmLink.exe V5.06 update 1 (build 61)
Library Manager: ArmAr.exe V5.06 update 1 (build 61)
Hex Converter:   FromElf.exe V5.06 update 1 (build 61)
CPU DLL:         
Dialog DLL:      
Target DLL:      Segger\JL2CM3.dll V2.99.19.0
Dialog DLL:      TCM.DLL V1.14.8.0
 
<h2>Project:</h2>
E:\zym\nrf\max30102\BLE_ECG_PPG\project\s132\ble_ecg_ppg.uvprojx
Project File Date:  04/26/2019

<h2>Output:</h2>
*** Using Compiler 'V5.06 update 1 (build 61)', folder: 'D:\Program Files (x86)\ARM\ARMCC\Bin'
Rebuild target 'nrf52832_xxaa'
compiling bsp.c...
compiling ble_advdata.c...
compiling main.c...
compiling ble_srv_common.c...
compiling ble_conn_params.c...
compiling ble_mpu.c...
..\..\components\ble\ble_services\ble_mpu\ble_mpu.c(150): warning:  #177-D: variable "result1" was declared but never referenced
  	  uint32_t result1=0,result2=0;
..\..\components\ble\ble_services\ble_mpu\ble_mpu.c(150): warning:  #177-D: variable "result2" was declared but never referenced
  	  uint32_t result1=0,result2=0;
..\..\components\ble\ble_services\ble_mpu\ble_mpu.c: 2 warnings, 0 errors
compiling nrf_drv_common.c...
compiling nrf_drv_clock.c...
compiling nrf_drv_gpiote.c...
compiling twi_hw_master.c...
compiling max30102.c...
compiling nrf_drv_uart.c...
compiling nrf_drv_timer.c...
compiling nrf_saadc.c...
compiling nrf_drv_saadc.c...
compiling app_button.c...
compiling app_fifo.c...
compiling app_error.c...
compiling app_error_weak.c...
compiling hardfault_implementation.c...
compiling app_util_platform.c...
compiling nrf_assert.c...
compiling app_timer.c...
compiling app_uart_fifo.c...
compiling retarget.c...
compiling nrf_log_backend_serial.c...
compiling nrf_log_frontend.c...
compiling RTT_Syscalls_KEIL.c...
compiling softdevice_handler.c...
compiling SEGGER_RTT.c...
assembling arm_startup_nrf52.s...
compiling SEGGER_RTT_printf.c...
..\..\components\drivers_nrf\rtt\SEGGER_RTT_printf.c(299): warning:  #111-D: statement is unreachable
          default:  goto FilterFieldWidth;                   break;
..\..\components\drivers_nrf\rtt\SEGGER_RTT_printf.c: 1 warning, 0 errors
compiling system_nrf52.c...
linking...
Program Size: Code=14380 RO-data=1292 RW-data=252 ZI-data=10860  
FromELF: creating hex file...
".\_build\nrf52832_xxaa.axf" - 0 Error(s), 3 Warning(s).

<h2>Software Packages used:</h2>

Package Vendor: ARM
                http://www.keil.com/pack/ARM.CMSIS.4.5.0.pack
                ARM::CMSIS:CORE:4.3.0
                CMSIS (Cortex Microcontroller Software Interface Standard)
   * Component: CORE Version: 4.3.0

Package Vendor: NordicSemiconductor
                http://developer.nordicsemi.com/nRF5_SDK/pieces/nRF_DeviceFamilyPack/NordicSemiconductor.nRF_DeviceFamilyPack.8.9.0.pack
                NordicSemiconductor::Device:Startup:8.9.0
                Nordic Semiconductor nRF ARM devices Device Family Pack.
   * Component: Startup Version: 8.9.0

<h2>Collection of Component include folders:</h2>
  E:\zym\nrf\max30102\BLE_ECG_PPG\project\s132\RTE
  D:\Program Files (x86)\ARM\PACK\ARM\CMSIS\4.5.0\CMSIS\Include
  D:\Program Files (x86)\ARM\PACK\NordicSemiconductor\nRF_DeviceFamilyPack\8.15.2\Device\Include
  D:\Program Files (x86)\ARM\PACK\NordicSemiconductor\nRF_DeviceFamilyPack\8.9.0\Device\Include

<h2>Collection of Component Files used:</h2>

   * Component: ARM::CMSIS:CORE:4.3.0

   * Component: NordicSemiconductor::Device:Startup:8.9.0
      Include file:  Device\Include\system_nrf52.h
      Source file:   Device\Source\arm\arm_startup_nrf52.s
      Source file:   Device\Source\system_nrf52.c
Build Time Elapsed:  00:00:10
</pre>
</body>
</html>
