<html>
<body>
<pre>
<h1>礦ision Build Log</h1>
<h2>Tool Versions:</h2>
IDE-Version: μVision V5.18a
Copyright (C) 2016 ARM Ltd and ARM Germany GmbH. All rights reserved.
License Information: z z, z, LIC=R4HPC-7K9R1-IMV9B-29PLJ-06QJG-ZEQ70
 
Tool Versions:
Toolchain:       MDK-ARM Professional  Version: 5.18a
Toolchain Path:  D:\Program Files (x86)\ARM\ARMCC\Bin
C Compiler:      Armcc.exe V5.06 update 1 (build 61)
Assembler:       Armasm.exe V5.06 update 1 (build 61)
Linker/Locator:  ArmLink.exe V5.06 update 1 (build 61)
Library Manager: ArmAr.exe V5.06 update 1 (build 61)
Hex Converter:   FromElf.exe V5.06 update 1 (build 61)
CPU DLL:         SARMCM3.DLL V5.18a
Dialog DLL:      DCM.DLL V1.13.6.0
Target DLL:      Segger\JL2CM3.dll V2.99.19.0
Dialog DLL:      TCM.DLL V1.14.8.0
 
<h2>Project:</h2>
E:\NRF52832售后资料\3-参考实验程序\1.实验程序\1 - 基础外设实验\实验18 - 陀螺仪MPU6050\实验18 - 陀螺仪MPU6050\mpu6050\project\mpu6050.uvprojx
Project File Date:  10/18/2016

<h2>Output:</h2>
*** Using Compiler 'V5.06 update 1 (build 61)', folder: 'D:\Program Files (x86)\ARM\ARMCC\Bin'
Rebuild target 'nrf52832_xxaa'
compiling main.c...
compiling nrf_delay.c...
compiling nrf_drv_uart.c...
compiling twi_hw_master.c...
compiling nrf_drv_common.c...
compiling app_uart_fifo.c...
compiling nrf_assert.c...
compiling app_util_platform.c...
compiling app_error.c...
compiling app_fifo.c...
compiling app_error_weak.c...
compiling retarget.c...
compiling mpu6050.c...
assembling arm_startup_nrf52.s...
compiling system_nrf52.c...
linking...
Program Size: Code=7136 RO-data=1132 RW-data=28 ZI-data=16804  
FromELF: creating hex file...
".\Objects\mpu6050.axf" - 0 Error(s), 0 Warning(s).

<h2>Software Packages used:</h2>

Package Vendor: ARM
                http://www.keil.com/pack/ARM.CMSIS.4.5.0.pack
                ARM::CMSIS:CORE:4.3.0
                CMSIS (Cortex Microcontroller Software Interface Standard)
   * Component: CORE Version: 4.3.0

Package Vendor: NordicSemiconductor
                http://developer.nordicsemi.com/nRF5_SDK/pieces/nRF_DeviceFamilyPack/NordicSemiconductor.nRF_DeviceFamilyPack.8.9.0.pack
                NordicSemiconductor::Device:Startup:8.9.0
                Nordic Semiconductor nRF ARM devices Device Family Pack.
   * Component: Startup Version: 8.9.0

<h2>Collection of Component include folders:</h2>
  E:\NRF52832售后资料\3-参考实验程序\1.实验程序\1 - 基础外设实验\实验18 - 陀螺仪MPU6050\实验18 - 陀螺仪MPU6050\mpu6050\project\RTE
  D:\Program Files (x86)\ARM\PACK\ARM\CMSIS\4.5.0\CMSIS\Include
  D:\Program Files (x86)\ARM\PACK\NordicSemiconductor\nRF_DeviceFamilyPack\8.11.1\Device\Include
  D:\Program Files (x86)\ARM\PACK\NordicSemiconductor\nRF_DeviceFamilyPack\8.9.0\Device\Include

<h2>Collection of Component Files used:</h2>

   * Component: ARM::CMSIS:CORE:4.3.0

   * Component: NordicSemiconductor::Device:Startup:8.9.0
      Include file:  Device\Include\system_nrf52.h
      Source file:   Device\Source\arm\arm_startup_nrf52.s
      Source file:   Device\Source\system_nrf52.c
Build Time Elapsed:  00:00:09
</pre>
</body>
</html>
